[    0.000000] Linux version 4.1.17+ (alessio@pc) (gcc version 5.5.0 20171010 (Ubuntu 5.5.0-12ubuntu1) ) #1 Mon May 15 23:04:08 CEST 2023
[    0.000000] earlycon: Early serial console at I/O port 0x3f8 (options '38400n8')
[    0.000000] bootconsole [uart0] enabled
[    0.000000] CPU0 revision is: 00019300 (MIPS 24Kc)
[    0.000000] FPU revision is: 00739300
[    0.000000] Software DMA cache coherency enabled
[    0.000000] Determined physical RAM map:
[    0.000000]  memory: 00001000 @ 00000000 (reserved)
[    0.000000]  memory: 000ef000 @ 00001000 (ROM data)
[    0.000000]  memory: 00798000 @ 000f0000 (reserved)
[    0.000000]  memory: 0f777000 @ 00888000 (usable)
[    0.000000] debug: ignoring loglevel setting.
[    0.000000] Wasting 69888 bytes for tracking 2184 unused pages
[    0.000000] Initrd not found or empty - disabling initrd
[    0.000000] Zone ranges:
[    0.000000]   DMA      [mem 0x0000000000000000-0x0000000000ffffff]
[    0.000000]   Normal   [mem 0x0000000001000000-0x000000000fffefff]
[    0.000000] Movable zone start for each node
[    0.000000] Early memory node ranges
[    0.000000]   node   0: [mem 0x0000000000000000-0x000000000fffefff]
[    0.000000] Initmem setup node 0 [mem 0x0000000000000000-0x000000000fffefff]
[    0.000000] On node 0 totalpages: 65535
[    0.000000] free_area_init_node: node 0, pgdat 8081d5b0, node_mem_map 81000000
[    0.000000]   DMA zone: 32 pages used for memmap
[    0.000000]   DMA zone: 0 pages reserved
[    0.000000]   DMA zone: 4096 pages, LIFO batch:0
[    0.000000]   Normal zone: 480 pages used for memmap
[    0.000000]   Normal zone: 61439 pages, LIFO batch:15
[    0.000000] Primary instruction cache 2kB, VIPT, 2-way, linesize 16 bytes.
[    0.000000] Primary data cache 2kB, 2-way, VIPT, no aliases, linesize 16 bytes
[    0.000000] pcpu-alloc: s0 r0 d32768 u32768 alloc=1*32768
[    0.000000] pcpu-alloc: [0] 0 
[    0.000000] Built 1 zonelists in Zone order, mobility grouping on.  Total pages: 65023
[    0.000000] Kernel command line: root=/dev/sda1 console=ttyS0 nandsim.parts=64,64,64,64,64,64,64,64,64,64 rdinit=/firmadyne/preInit.sh rw debug ignore_loglevel print-fatal-signals=1 FIRMAE_NET=true FIRMAE_NVRAM=true FIRMAE_KERNEL=true FIRMAE_ETC=true user_debug=0 firmadyne.syscall=1 noka
[    0.000000] found FIRMAE_KERNEL=t
[    0.000000] set the LD_PRELOAD=/firmadyne/libnvram_ioctl.so
[    0.000000] PID hash table entries: 1024 (order: 0, 4096 bytes)
[    0.000000] Dentry cache hash table entries: 32768 (order: 5, 131072 bytes)
[    0.000000] Inode-cache hash table entries: 16384 (order: 4, 65536 bytes)
[    0.000000] Writing ErrCtl register=00000000
[    0.000000] Readback ErrCtl register=00000000
[    0.000000] Memory: 251112K/262140K available (5360K kernel code, 244K rwdata, 1676K rodata, 260K init, 158K bss, 11028K reserved, 0K cma-reserved)
[    0.000000] NR_IRQS:256
[    0.000000] CPU frequency 200.01 MHz
[    0.000000] clocksource MIPS: mask: 0xffffffff max_cycles: 0xffffffff, max_idle_ns: 19112085955 ns
[    0.000218] sched_clock: 32 bits at 100MHz, resolution 9ns, wraps every 21474253819ns
[    0.020320] Console: colour dummy device 80x25
[    0.021799] Calibrating delay loop... 18.81 BogoMIPS (lpj=37632)
[    0.071686] pid_max: default: 32768 minimum: 301
[    0.077481] Mount-cache hash table entries: 1024 (order: 0, 4096 bytes)
[    0.078164] Mountpoint-cache hash table entries: 1024 (order: 0, 4096 bytes)
[    0.169010] clocksource jiffies: mask: 0xffffffff max_cycles: 0xffffffff, max_idle_ns: 7645041785100000 ns
[    0.183210] NET: Registered protocol family 16
[    0.508246] clocksource pit: mask: 0xffffffff max_cycles: 0xffffffff, max_idle_ns: 1601818034827 ns
[    0.699174] vgaarb: loaded
[    0.706113] SCSI subsystem initialized
[    0.709130] libata version 3.00 loaded.
[    0.714348] usbcore: registered new interface driver usbfs
[    0.716004] usbcore: registered new interface driver hub
[    0.717488] usbcore: registered new device driver usb
[    0.720591] pps_core: LinuxPPS API ver. 1 registered
[    0.721263] pps_core: Software ver. 5.3.6 - Copyright 2005-2007 Rodolfo Giometti <giometti@linux.it>
[    0.722395] PTP clock support registered
[    0.728027] PCI host bridge to bus 0000:00
[    0.728889] pci_bus 0000:00: root bus resource [mem 0x10000000-0x17ffffff]
[    0.729827] pci_bus 0000:00: root bus resource [io  0x1000-0x1fffff]
[    0.730526] pci_bus 0000:00: root bus resource [??? 0x00000000 flags 0x0]
[    0.731195] pci_bus 0000:00: No busn resource found for root bus, will use [bus 00-ff]
[    0.732736] pci 0000:00:00.0: [11ab:4620] type 00 class 0x060000
[    0.733989] pci 0000:00:00.0: [Firmware Bug]: reg 0x14: invalid BAR (can't size)
[    0.734670] pci 0000:00:00.0: [Firmware Bug]: reg 0x18: invalid BAR (can't size)
[    0.735358] pci 0000:00:00.0: [Firmware Bug]: reg 0x1c: invalid BAR (can't size)
[    0.736035] pci 0000:00:00.0: [Firmware Bug]: reg 0x20: invalid BAR (can't size)
[    0.736715] pci 0000:00:00.0: [Firmware Bug]: reg 0x24: invalid BAR (can't size)
[    0.741543] pci 0000:00:0a.0: [8086:7110] type 00 class 0x060100
[    0.745775] pci 0000:00:0a.1: [8086:7111] type 00 class 0x010180
[    0.746884] pci 0000:00:0a.1: reg 0x20: [io  0x0000-0x000f]
[    0.747571] pci 0000:00:0a.1: legacy IDE quirk: reg 0x10: [io  0x01f0-0x01f7]
[    0.748258] pci 0000:00:0a.1: legacy IDE quirk: reg 0x14: [io  0x03f6]
[    0.748907] pci 0000:00:0a.1: legacy IDE quirk: reg 0x18: [io  0x0170-0x0177]
[    0.749569] pci 0000:00:0a.1: legacy IDE quirk: reg 0x1c: [io  0x0376]
[    0.753579] pci 0000:00:0a.2: [8086:7112] type 00 class 0x0c0300
[    0.754376] pci 0000:00:0a.2: reg 0x20: [io  0x0000-0x001f]
[    0.758293] pci 0000:00:0a.3: [8086:7113] type 00 class 0x068000
[    0.760143] pci 0000:00:0a.3: quirk: [io  0x1000-0x103f] claimed by PIIX4 ACPI
[    0.760907] pci 0000:00:0a.3: quirk: [io  0x1100-0x110f] claimed by PIIX4 SMB
[    0.764890] pci 0000:00:12.0: [1013:00b8] type 00 class 0x030000
[    0.765707] pci 0000:00:12.0: reg 0x10: [mem 0x00000000-0x01ffffff pref]
[    0.766386] pci 0000:00:12.0: reg 0x14: [mem 0x00000000-0x00000fff]
[    0.767158] pci 0000:00:12.0: reg 0x30: [mem 0x00000000-0x0000ffff pref]
[    0.770510] vgaarb: device added: PCI:0000:00:12.0,decodes=io+mem,owns=none,locks=none
[    0.772194] pci 0000:00:13.0: [8086:100e] type 00 class 0x020000
[    0.772934] pci 0000:00:13.0: reg 0x10: [mem 0x00000000-0x0001ffff]
[    0.773581] pci 0000:00:13.0: reg 0x14: [io  0x0000-0x003f]
[    0.774304] pci 0000:00:13.0: reg 0x30: [mem 0x00000000-0x0003ffff pref]
[    0.778089] pci 0000:00:14.0: [8086:100e] type 00 class 0x020000
[    0.778797] pci 0000:00:14.0: reg 0x10: [mem 0x00000000-0x0001ffff]
[    0.779456] pci 0000:00:14.0: reg 0x14: [io  0x0000-0x003f]
[    0.780222] pci 0000:00:14.0: reg 0x30: [mem 0x00000000-0x0003ffff pref]
[    0.784173] pci 0000:00:15.0: [8086:100e] type 00 class 0x020000
[    0.785093] pci 0000:00:15.0: reg 0x10: [mem 0x00000000-0x0001ffff]
[    0.785747] pci 0000:00:15.0: reg 0x14: [io  0x0000-0x003f]
[    0.786475] pci 0000:00:15.0: reg 0x30: [mem 0x00000000-0x0003ffff pref]
[    0.790292] pci 0000:00:16.0: [8086:100e] type 00 class 0x020000
[    0.791000] pci 0000:00:16.0: reg 0x10: [mem 0x00000000-0x0001ffff]
[    0.791651] pci 0000:00:16.0: reg 0x14: [io  0x0000-0x003f]
[    0.792375] pci 0000:00:16.0: reg 0x30: [mem 0x00000000-0x0003ffff pref]
[    0.796408] pci_bus 0000:00: busn_res: [bus 00-ff] end is updated to 00
[    0.798383] pci 0000:00:12.0: BAR 0: assigned [mem 0x10000000-0x11ffffff pref]
[    0.799312] pci 0000:00:13.0: BAR 6: assigned [mem 0x12000000-0x1203ffff pref]
[    0.800114] pci 0000:00:14.0: BAR 6: assigned [mem 0x12040000-0x1207ffff pref]
[    0.800878] pci 0000:00:15.0: BAR 6: assigned [mem 0x12080000-0x120bffff pref]
[    0.801851] pci 0000:00:16.0: BAR 6: assigned [mem 0x120c0000-0x120fffff pref]
[    0.802593] pci 0000:00:13.0: BAR 0: assigned [mem 0x12100000-0x1211ffff]
[    0.803329] pci 0000:00:14.0: BAR 0: assigned [mem 0x12120000-0x1213ffff]
[    0.804064] pci 0000:00:15.0: BAR 0: assigned [mem 0x12140000-0x1215ffff]
[    0.804812] pci 0000:00:16.0: BAR 0: assigned [mem 0x12160000-0x1217ffff]
[    0.805581] pci 0000:00:12.0: BAR 6: assigned [mem 0x12180000-0x1218ffff pref]
[    0.806477] pci 0000:00:12.0: BAR 1: assigned [mem 0x12190000-0x12190fff]
[    0.807216] pci 0000:00:13.0: BAR 1: assigned [io  0x1040-0x107f]
[    0.807884] pci 0000:00:14.0: BAR 1: assigned [io  0x1080-0x10bf]
[    0.808555] pci 0000:00:15.0: BAR 1: assigned [io  0x10c0-0x10ff]
[    0.809238] pci 0000:00:16.0: BAR 1: assigned [io  0x1400-0x143f]
[    0.810163] pci 0000:00:0a.2: BAR 4: assigned [io  0x1440-0x145f]
[    0.810860] pci 0000:00:0a.1: BAR 4: assigned [io  0x1460-0x146f]
[    0.832286] cfg80211: Calling CRDA to update world regulatory domain
[    0.849018] Switched to clocksource MIPS
[    0.991202] NET: Registered protocol family 2
[    1.006695] TCP established hash table entries: 2048 (order: 1, 8192 bytes)
[    1.008096] TCP bind hash table entries: 2048 (order: 1, 8192 bytes)
[    1.009632] TCP: Hash tables configured (established 2048 bind 2048)
[    1.010949] UDP hash table entries: 256 (order: 0, 4096 bytes)
[    1.011802] UDP-Lite hash table entries: 256 (order: 0, 4096 bytes)
[    1.017297] NET: Registered protocol family 1
[    1.019528] PCI: Enabling device 0000:00:0a.2 (0000 -> 0001)
[    1.021784] PCI: CLS 0 bytes, default 16
[    1.068667] futex hash table entries: 256 (order: -1, 3072 bytes)
[    1.090982] squashfs: version 4.0 (2009/01/31) Phillip Lougher
[    1.094448] jffs2: version 2.2. (NAND) Â© 2001-2006 Red Hat, Inc.
[    1.099045] romfs: ROMFS MTD (C) 2007 Red Hat, Inc.
[    1.133720] Block layer SCSI generic (bsg) driver version 0.4 loaded (major 251)
[    1.134602] io scheduler noop registered
[    1.135547] io scheduler cfq registered (default)
[    1.137177] firmadyne: devfs: 1, execute: 1, procfs: 1, syscall: 1
[    1.144818] firmadyne: Cannot register character device: gpio, 0xfc, 0x0!
[    1.156934] firmadyne: Cannot register character device: watchdog, 0xa, 0x82!
[    1.157813] firmadyne: Cannot register character device: wdt, 0xfd, 0x0!
[    3.308661] strName = 4.1.17+
[    3.308661] init_task_addr  = 2155778944
[    3.308661] init_task_size  = 1296
[    3.308661] ts_tasks        = 292
[    3.308661] ts_pid          = 408
[    3.308661] ts_tgid         = 412
[    3.308661] ts_group_leader = 440
[    3.308661] ts_thread_group = 496
[    3.308661] ts_real_parent  = 416
[    3.308661] ts_mm           = 300
[    3.308661] ts_stack        = 4
[    3.312025] module_name   = 12
[    3.312025] module_size   = 208
[    3.312025] module_init   = 200
[    3.312025] module_list   = 4
[    3.313403] ts_real_cred    = 624
[    3.313403] ts_cred         = 628
[    3.313403] ts_comm         = 632
[    3.313403] cred_uid        = 4
[    3.313403] cred_gid        = 8
[    3.313403] cred_euid       = 20
[    3.313403] cred_egid       = 24
[    3.315329] mm_mmap         = 0
[    3.315329] mm_pgd          = 32
[    3.315329] mm_arg_start    = 136
[    3.315329] mm_start_brk    = 124
[    3.315329] mm_brk          = 128
[    3.315329] mm_start_stack  = 132
[    3.316986] vma_vm_start    = 0
[    3.316986] vma_vm_end      = 4
[    3.316986] vma_vm_next     = 8
[    3.316986] vma_vm_file     = 80
[    3.316986] vma_vm_flags    = 40
[    3.316986] vma_vm_pgoff    = 76
[    3.318704] file_dentry     = 12
[    3.318704] file_inode      = 40
[    3.318704] dentry_d_name   = 24
[    3.318704] dentry_d_iname  = 44
[    3.318704] dentry_d_parent = 16
[    3.318704] ti_task         = 0
[    3.318704] inode_ino   = 28
[    4.682134] proc_fork_connector  = 2151078840
[    4.682692] proc_exit_connector  = 2151080432
[    4.683152] proc_exec_connector  = 2151079052
[    4.683606] vma_link  = 2149124372
[    4.683994] vma_adjust  = 2149124540
[    4.684436] remove_vma  = 2149122188
[    4.684870] modules  = 2155833724
[    4.685393] trim_init_extable  = 2150545316
[    4.687097] cfg80211: Calling CRDA to update world regulatory domain
[    4.691710] PCI: Enabling device 0000:00:12.0 (0000 -> 0002)
[    4.693630] cirrusfb 0000:00:12.0: Cirrus Logic chipset on PCI bus, RAM (4096 kB) at 0x10000000
[    4.915285] Console: switching to colour frame buffer device 80x30
[    4.999584] Serial: 8250/16550 driver, 4 ports, IRQ sharing enabled
[    5.019221] console [ttyS0] disabled
[    5.046959] serial8250.0: ttyS0 at I/O 0x3f8 (irq = 4, base_baud = 115200) is a 16550A
[    5.048335] console [ttyS0] enabled
[    5.048335] console [ttyS0] enabled
[    5.049167] bootconsole [uart0] disabled
[    5.049167] bootconsole [uart0] disabled
[    5.077756] serial8250.0: ttyS1 at I/O 0x2f8 (irq = 3, base_baud = 115200) is a 16550A
[    5.237543] brd: module loaded
[    5.315111] loop: module loaded
[    5.323372] ata_piix 0000:00:0a.1: version 2.13
[    5.324226] PCI: Enabling device 0000:00:0a.1 (0000 -> 0001)
[    5.357755] scsi host0: ata_piix
[    5.364397] scsi host1: ata_piix
[    5.368978] ata1: PATA max UDMA/33 cmd 0x1f0 ctl 0x3f6 bmdma 0x1460 irq 14
[    5.369756] ata2: PATA max UDMA/33 cmd 0x170 ctl 0x376 bmdma 0x1468 irq 15
[    5.377965] [nandsim] warning: read_byte: unexpected data output cycle, state is STATE_READY return 0x0
[    5.378669] [nandsim] warning: read_byte: unexpected data output cycle, state is STATE_READY return 0x0
[    5.379406] [nandsim] warning: read_byte: unexpected data output cycle, state is STATE_READY return 0x0
[    5.380100] [nandsim] warning: read_byte: unexpected data output cycle, state is STATE_READY return 0x0
[    5.380748] [nandsim] warning: read_byte: unexpected data output cycle, state is STATE_READY return 0x0
[    5.381635] [nandsim] warning: read_byte: unexpected data output cycle, state is STATE_READY return 0x0
[    5.382496] nand: device found, Manufacturer ID: 0x98, Chip ID: 0x39
[    5.383000] nand: Toshiba NAND 128MiB 1,8V 8-bit
[    5.383483] nand: 128 MiB, SLC, erase size: 16 KiB, page size: 512, OOB size: 16
[    5.385622] flash size: 128 MiB
[    5.385953] page size: 512 bytes
[    5.386277] OOB area size: 16 bytes
[    5.386667] sector size: 16 KiB
[    5.387010] pages number: 262144
[    5.387359] pages per sector: 32
[    5.387708] bus width: 8
[    5.388021] bits in sector size: 14
[    5.388358] bits in page size: 9
[    5.388687] bits in OOB size: 4
[    5.389237] flash size with OOB: 135168 KiB
[    5.389616] page address bytes: 4
[    5.389943] sector address bytes: 3
[    5.390278] options: 0x42
[    5.503796] Scanning device for bad blocks
[    7.121405] ata2.01: NODEV after polling detection
[    7.122359] ata1.01: NODEV after polling detection
[    7.124662] ata2.00: ATAPI: QEMU DVD-ROM, 2.5+, max UDMA/100
[    7.128760] ata1.00: ATA-7: QEMU HARDDISK, 2.5+, max UDMA/100
[    7.129653] ata1.00: 2097152 sectors, multi 16: LBA48 
[    7.136482] ata2.00: configured for UDMA/33
[    7.139762] ata1.00: configured for UDMA/33
[    7.151438] scsi 0:0:0:0: Direct-Access     ATA      QEMU HARDDISK    2.5+ PQ: 0 ANSI: 5
[    7.172076] sd 0:0:0:0: [sda] 2097152 512-byte logical blocks: (1.07 GB/1.00 GiB)
[    7.174601] scsi 1:0:0:0: CD-ROM            QEMU     QEMU DVD-ROM     2.5+ PQ: 0 ANSI: 5
[    7.191900] sd 0:0:0:0: [sda] Write Protect is off
[    7.192615] sd 0:0:0:0: [sda] Mode Sense: 00 3a 00 00
[    7.194824] sd 0:0:0:0: [sda] Write cache: enabled, read cache: enabled, doesn't support DPO or FUA
[    7.210024]  sda: sda1
[    7.226442] sd 0:0:0:0: [sda] Attached SCSI disk
[    7.227192] Creating 11 MTD partitions on "NAND 128MiB 1,8V 8-bit":
[    7.228092] 0x000000000000-0x000000100000 : "NAND simulator partition 0"
[    7.243007] 0x000000100000-0x000000200000 : "NAND simulator partition 1"
[    7.256507] 0x000000200000-0x000000300000 : "NAND simulator partition 2"
[    7.270778] 0x000000300000-0x000000400000 : "NAND simulator partition 3"
[    7.285554] 0x000000400000-0x000000500000 : "NAND simulator partition 4"
[    7.301156] 0x000000500000-0x000000600000 : "NAND simulator partition 5"
[    7.316845] 0x000000600000-0x000000700000 : "NAND simulator partition 6"
[    7.333184] 0x000000700000-0x000000800000 : "NAND simulator partition 7"
[    7.348006] 0x000000800000-0x000000900000 : "NAND simulator partition 8"
[    7.362019] 0x000000900000-0x000000a00000 : "NAND simulator partition 9"
[    7.375944] 0x000000a00000-0x000008000000 : "NAND simulator partition 10"
[    7.437937] tun: Universal TUN/TAP device driver, 1.6
[    7.438521] tun: (C) 1999-2004 Max Krasnyansky <maxk@qualcomm.com>
[    7.443751] pcnet32: pcnet32.c:v1.35 21.Apr.2008 tsbogend@alpha.franken.de
[    7.445894] e1000: Intel(R) PRO/1000 Network Driver - version 7.3.21-k8-NAPI
[    7.446593] e1000: Copyright (c) 1999-2006 Intel Corporation.
[    7.448036] PCI: Enabling device 0000:00:13.0 (0000 -> 0003)
[    7.767700] e1000 0000:00:13.0 eth0: (PCI:33MHz:32-bit) 52:54:00:12:34:56
[    7.768818] e1000 0000:00:13.0 eth0: Intel(R) PRO/1000 Network Connection
[    7.770211] PCI: Enabling device 0000:00:14.0 (0000 -> 0003)
[    8.016168] cfg80211: Calling CRDA to update world regulatory domain
[    8.068804] e1000 0000:00:14.0 eth1: (PCI:33MHz:32-bit) 52:54:00:12:34:57
[    8.069938] e1000 0000:00:14.0 eth1: Intel(R) PRO/1000 Network Connection
[    8.071084] PCI: Enabling device 0000:00:15.0 (0000 -> 0003)
[    8.386059] e1000 0000:00:15.0 eth2: (PCI:33MHz:32-bit) 52:54:00:12:34:58
[    8.387017] e1000 0000:00:15.0 eth2: Intel(R) PRO/1000 Network Connection
[    8.388182] PCI: Enabling device 0000:00:16.0 (0000 -> 0003)
[    8.691508] e1000 0000:00:16.0 eth3: (PCI:33MHz:32-bit) 52:54:00:12:34:59
[    8.692394] e1000 0000:00:16.0 eth3: Intel(R) PRO/1000 Network Connection
[    8.694763] e1000e: Intel(R) PRO/1000 Network Driver - 2.3.2-k
[    8.695321] e1000e: Copyright(c) 1999 - 2014 Intel Corporation.
[    8.702546] PPP generic driver version 2.4.2
[    8.705898] PPP Deflate Compression module registered
[    8.706844] PPP MPPE Compression module registered
[    8.707464] NET: Registered protocol family 24
[    8.708547] ehci_hcd: USB 2.0 'Enhanced' Host Controller (EHCI) Driver
[    8.709565] ehci-pci: EHCI PCI platform driver
[    8.711246] ohci_hcd: USB 1.1 'Open' Host Controller (OHCI) Driver
[    8.712047] ohci-pci: OHCI PCI platform driver
[    8.714016] uhci_hcd: USB Universal Host Controller Interface driver
[    8.716377] uhci_hcd 0000:00:0a.2: UHCI Host Controller
[    8.717949] uhci_hcd 0000:00:0a.2: new USB bus registered, assigned bus number 1
[    8.719521] uhci_hcd 0000:00:0a.2: irq 11, io base 0x00001440
[    8.737731] hub 1-0:1.0: USB hub found
[    8.738955] hub 1-0:1.0: 2 ports detected
[    8.753133] usbcore: registered new interface driver usb-storage
[    8.759354] mousedev: PS/2 mouse device common for all mice
[    8.768505] rtc_cmos rtc_cmos: rtc core: registered rtc_cmos as rtc0
[    8.769760] rtc_cmos rtc_cmos: alarms up to one day, 242 bytes nvram
[    8.771803] i2c /dev entries driver
[    8.773820] piix4_smbus 0000:00:0a.3: SMBus Host Controller at 0x1100, revision 0
[    8.780415] sdhci: Secure Digital Host Controller Interface driver
[    8.781157] sdhci: Copyright(c) Pierre Ossman
[    8.784457] hidraw: raw HID events driver (C) Jiri Kosina
[    8.810941] usbcore: registered new interface driver usbhid
[    8.811457] usbhid: USB HID core driver
[    8.813153] Netfilter messages via NETLINK v0.30.
[    8.815203] nf_conntrack version 0.5.0 (3923 buckets, 15692 max)
[    8.819958] ctnetlink v0.93: registering with nfnetlink.
[    8.828091] ipip: IPv4 over IPv4 tunneling driver
[    8.845790] ip_tables: (C) 2000-2006 Netfilter Core Team
[    8.849889] arp_tables: (C) 2002 David S. Miller
[    8.852462] Initializing XFRM netlink socket
[    8.854317] NET: Registered protocol family 10
[    8.886617] ip6_tables: (C) 2000-2006 Netfilter Core Team
[    8.892116] sit: IPv6 over IPv4 tunneling driver
[    8.917284] NET: Registered protocol family 17
[    8.918625] bridge: automatic filtering via arp/ip/ip6tables has been deprecated. Update your scripts to load br_netfilter if you need this.
[    8.920190] Bridge firewalling registered
[    8.920772] Ebtables v2.0 registered
[    8.925511] 8021q: 802.1Q VLAN Support v1.8
[    8.956541] rtc_cmos rtc_cmos: setting system clock to 2026-01-11 15:08:26 UTC (1768144106)
[    8.986844] EXT2-fs (sda1): warning: mounting unchecked fs, running e2fsck is recommended
[    8.989829] VFS: Mounted root (ext2 filesystem) on device 8:1.
[    9.002596] Freeing YAMON memory: 956k freed
[    9.018220] Freeing unused kernel memory: 260K (8081f000 - 80860000)
[    9.089783] spurious 8259A interrupt: IRQ7.
[    9.198616] firmadyne: sys_reboot[PID: 48 (init)]: magic1:fee1dead, magic2:28121969, cmd:0
init started:  BusyBox v1.00 (2011.02.24-08:49+0000) multi-call binary
init started:  BusyBox v1.00 (2011.02.24-08:49+0000) multi-call binary
Starting pid 50, console /dev/ttyS0: '/usr/etc/rcS'
[    9.614057] firmadyne: do_execve: /firmadyne/console
[    9.614930] OFFSETS: offset of pid: 0x198 offset of comm: 0x278
mount: Mounting devpts on /dev/pts failed: No such file or directory
[   11.162260] cfg80211: Calling CRDA to update world regulatory domain
[   12.075784] random: nonblocking pool is initialized
mknod: /dev/sc_led: File exists
insmod: cannot open module `/lib/modules/ipt_string.ko': No such file or directory
[   14.149886] firmadyne: ioctl: 0x1
[   14.307520] cfg80211: Calling CRDA to update world regulatory domain
[   15.429060] firmadyne: sys_socket[PID: 92 (brctl)]: family:2, type:2, protocol:0
[   15.523444] firmadyne: sys_socket[PID: 93 (brctl)]: family:2, type:2, protocol:0
[   15.606930] firmadyne: sys_socket[PID: 94 (ifconfig)]: family:2, type:1, protocol:0
[   15.610620] firmadyne: __inet_insert_ifa[PID: 94 (ifconfig)]: device:eth0 ifa:0x00000000
[   15.626793] IPv6: ADDRCONF(NETDEV_UP): eth0: link is not ready
[   15.627565] 8021q: adding VLAN 0 to HW filter on device eth0
[   15.634021] e1000: eth0 NIC Link is Up 1000 Mbps Full Duplex, Flow Control: RX
[   15.636344] IPv6: ADDRCONF(NETDEV_CHANGE): eth0: link becomes ready
[   15.727814] firmadyne: sys_socket[PID: 95 (brctl)]: family:2, type:2, protocol:0
[   15.729832] firmadyne: sys_socket[PID: 95 (brctl)]: family:10, type:1, protocol:0
[   15.732371] firmadyne: br_add_if[PID: 95 (brctl)]: br:br0 dev:eth0
[   15.740158] device eth0 entered promiscuous mode
[   17.451632] cfg80211: Calling CRDA to update world regulatory domain
killall: dsl_cpe_control: no process killed
[   18.796955] firmadyne: ioctl: 0xc0a47204
[   18.853446] firmadyne: sys_socket[PID: 104 (ifconfig)]: family:2, type:1, protocol:0
[   18.856406] firmadyne: __inet_insert_ifa[PID: 104 (ifconfig)]: device:lo ifa:0x7f000001
[   18.866375] firmadyne: __inet_insert_ifa[PID: 104 (ifconfig)]: device:lo ifa:0x7f000001
[   19.044946] firmadyne: sys_socket[PID: 105 (route)]: family:2, type:1, protocol:0
[   19.338458] firmadyne: sys_socket[PID: 106 (klogd)]: family:1, type:1, protocol:0
[   19.346458] firmadyne: sys_socket[PID: 106 (klogd)]: family:1, type:2, protocol:0
[   19.362369] firmadyne: sys_socket[PID: 106 (klogd)]: family:1, type:1, protocol:0
[   19.364647] firmadyne: sys_socket[PID: 106 (klogd)]: family:1, type:2, protocol:0
[   19.376453] firmadyne: sys_socket[PID: 106 (klogd)]: family:1, type:1, protocol:0
[   19.379146] firmadyne: sys_socket[PID: 106 (klogd)]: family:1, type:2, protocol:0
[   19.383259] firmadyne: sys_socket[PID: 106 (klogd)]: family:1, type:1, protocol:0
[   19.385746] firmadyne: sys_socket[PID: 102 (dsl_cpe_control)]: family:2, type:2, protocol:0
[   19.387346] firmadyne: sys_setsockopt[PID: 102 (dsl_cpe_control)]: fd:4, level:65535, optname:8
[   19.388717] firmadyne: sys_setsockopt[PID: 102 (dsl_cpe_control)]: fd:4, level:65535, optname:4097
[   19.390473] firmadyne: sys_setsockopt[PID: 102 (dsl_cpe_control)]: fd:4, level:65535, optname:4098
[   19.391806] firmadyne: sys_setsockopt[PID: 102 (dsl_cpe_control)]: fd:4, level:6, optname:1
[   19.393678] firmadyne: inet_bind[PID: 102 (dsl_cpe_control)]: proto:SOCK_STREAM, port:8080
[   19.397697] firmadyne: sys_socket[PID: 106 (klogd)]: family:1, type:2, protocol:0
[   19.401942] firmadyne: sys_socket[PID: 106 (klogd)]: family:1, type:1, protocol:0
[   19.403782] firmadyne: sys_socket[PID: 106 (klogd)]: family:1, type:2, protocol:0
[   19.410483] firmadyne: sys_socket[PID: 106 (klogd)]: family:1, type:1, protocol:0
[   19.412338] firmadyne: sys_socket[PID: 106 (klogd)]: family:1, type:2, protocol:0
[   19.418946] firmadyne: ioctl: 0xc00c7224
[   19.419657] firmadyne: ioctl: 0xc00c721d
[   19.420270] firmadyne: ioctl: 0xc00c721d
[   19.420924] firmadyne: ioctl: 0xc00c721d
[   19.423580] firmadyne: ioctl: 0xc00c721d
[   19.424243] firmadyne: ioctl: 0xc00c721d
[   19.424898] firmadyne: ioctl: 0xc00c721d
[   19.425792] firmadyne: ioctl: 0xc00c721d
[   19.426432] firmadyne: ioctl: 0xc00c721d
[   19.427053] firmadyne: ioctl: 0xc00c721d
[   19.427677] firmadyne: ioctl: 0xc00c721d
[   19.428277] firmadyne: ioctl: 0xc00c721d
[   19.428929] firmadyne: ioctl: 0xc00c721d
[   19.432360] firmadyne: sys_socket[PID: 106 (klogd)]: family:1, type:1, protocol:0
[   19.434664] firmadyne: sys_socket[PID: 106 (klogd)]: family:1, type:2, protocol:0
[   19.437562] firmadyne: ioctl: 0xc00c721d
[   19.438247] firmadyne: ioctl: 0xc00c721d
[   19.438882] firmadyne: ioctl: 0xc00c721d
[   19.439516] firmadyne: ioctl: 0xc00c721d
[   19.440140] firmadyne: ioctl: 0xc00c721d
[   19.444568] firmadyne: sys_socket[PID: 106 (klogd)]: family:1, type:1, protocol:0
[   19.446895] firmadyne: ioctl: 0xc0207223
[   19.453425] firmadyne: sys_socket[PID: 106 (klogd)]: family:1, type:2, protocol:0
[   19.456940] firmadyne: sys_socket[PID: 106 (klogd)]: family:1, type:1, protocol:0
[   19.466629] firmadyne: ioctl: 0xc0207223
[   19.467973] firmadyne: ioctl: 0xc0207223
[   19.469649] firmadyne: ioctl: 0xc0207223
[   19.471009] firmadyne: ioctl: 0xc0207223
[   19.472414] firmadyne: ioctl: 0xc0207223
[   19.474290] firmadyne: sys_socket[PID: 106 (klogd)]: family:1, type:2, protocol:0
[   19.482386] firmadyne: ioctl: 0xc0207223
[   19.483765] firmadyne: ioctl: 0xc0207223
[   19.486337] firmadyne: sys_socket[PID: 106 (klogd)]: family:1, type:1, protocol:0
[   19.488219] firmadyne: sys_socket[PID: 106 (klogd)]: family:1, type:2, protocol:0
[   19.493738] firmadyne: ioctl: 0xc0207223
[   19.495166] firmadyne: ioctl: 0xc0207223
[   19.496520] firmadyne: ioctl: 0xc0207223
[   19.503902] firmadyne: sys_socket[PID: 106 (klogd)]: family:1, type:1, protocol:0
[   19.510369] firmadyne: ioctl: 0xc0207223
[   19.511765] firmadyne: ioctl: 0xc0207223
[   19.514059] firmadyne: sys_socket[PID: 106 (klogd)]: family:1, type:2, protocol:0
[   19.521416] firmadyne: ioctl: 0xc0207223
[   19.522968] firmadyne: ioctl: 0xc0207223
[   19.524330] firmadyne: ioctl: 0xc0207223
[   19.526062] firmadyne: sys_socket[PID: 106 (klogd)]: family:1, type:1, protocol:0
[   19.527943] firmadyne: sys_socket[PID: 106 (klogd)]: family:1, type:2, protocol:0
[   19.534239] firmadyne: ioctl: 0xc0207223
[   19.535777] firmadyne: ioctl: 0xc0207223
[   19.539759] firmadyne: sys_socket[PID: 106 (klogd)]: family:1, type:1, protocol:0
[   19.545591] firmadyne: ioctl: 0xc0207223
[   19.546991] firmadyne: ioctl: 0xc0207223
[   19.548344] firmadyne: ioctl: 0xc0207223
[   19.549925] firmadyne: sys_socket[PID: 106 (klogd)]: family:1, type:2, protocol:0
[   19.558146] firmadyne: ioctl: 0xc0207223
[   19.559667] firmadyne: ioctl: 0xc0207223
[   19.561729] firmadyne: sys_socket[PID: 106 (klogd)]: family:1, type:1, protocol:0
[   19.563619] firmadyne: sys_socket[PID: 106 (klogd)]: family:1, type:2, protocol:0
[   19.569367] firmadyne: ioctl: 0xc0207223
[   19.570793] firmadyne: ioctl: 0xc0207223
[   19.572157] firmadyne: ioctl: 0xc0207223
[   19.575196] firmadyne: sys_socket[PID: 106 (klogd)]: family:1, type:1, protocol:0
[   19.577054] firmadyne: sys_socket[PID: 106 (klogd)]: family:1, type:2, protocol:0
[   19.582010] firmadyne: ioctl: 0xc0207223
[   19.583472] firmadyne: ioctl: 0xc0207223
[   19.584823] firmadyne: ioctl: 0xc0207223
[   19.591792] firmadyne: sys_socket[PID: 106 (klogd)]: family:1, type:1, protocol:0
[   19.594499] firmadyne: ioctl: 0xc0207223
[   19.595909] firmadyne: ioctl: 0xc0207223
[   19.602110] firmadyne: sys_socket[PID: 106 (klogd)]: family:1, type:2, protocol:0
[   19.605757] firmadyne: ioctl: 0xc0207223
[   19.607129] firmadyne: ioctl: 0xc0207223
[   19.608497] firmadyne: ioctl: 0xc0207223
[   19.614023] firmadyne: sys_socket[PID: 106 (klogd)]: family:1, type:1, protocol:0
[   19.615770] firmadyne: sys_socket[PID: 106 (klogd)]: family:1, type:2, protocol:0
[   19.618498] firmadyne: ioctl: 0xc0207223
[   19.619878] firmadyne: ioctl: 0xc0207223
[   19.627124] firmadyne: sys_socket[PID: 106 (klogd)]: family:1, type:1, protocol:0
[   19.628893] firmadyne: sys_socket[PID: 106 (klogd)]: family:1, type:2, protocol:0
[   19.630723] firmadyne: ioctl: 0xc0207223
[   19.632120] firmadyne: ioctl: 0xc0207223
[   19.637792] firmadyne: ioctl: 0xc0207223
[   19.639162] firmadyne: ioctl: 0xc0207223
[   19.640532] firmadyne: ioctl: 0xc0207223
[   19.647839] firmadyne: sys_socket[PID: 106 (klogd)]: family:1, type:1, protocol:0
[   19.650383] firmadyne: ioctl: 0xc0207223
[   19.651763] firmadyne: ioctl: 0xc0207223
[   19.658094] firmadyne: sys_socket[PID: 106 (klogd)]: family:1, type:2, protocol:0
[   19.661511] firmadyne: ioctl: 0xc0207223
[   19.662927] firmadyne: ioctl: 0xc0207223
[   19.664288] firmadyne: ioctl: 0xc0207223
[   19.670163] firmadyne: sys_socket[PID: 106 (klogd)]: family:1, type:1, protocol:0
[   19.672055] firmadyne: sys_socket[PID: 106 (klogd)]: family:1, type:2, protocol:0
[   19.674388] firmadyne: ioctl: 0xc0207223
[   19.675769] firmadyne: ioctl: 0xc0207223
[   19.683743] firmadyne: sys_socket[PID: 106 (klogd)]: family:1, type:1, protocol:0
[   19.685815] firmadyne: ioctl: 0xc0207223
[   19.687267] firmadyne: ioctl: 0xc0207223
[   19.688616] firmadyne: ioctl: 0xc0207223
[   19.693637] firmadyne: sys_socket[PID: 106 (klogd)]: family:1, type:2, protocol:0
[   19.699621] firmadyne: ioctl: 0xc0207223
[   19.701268] firmadyne: ioctl: 0xc0207223
[   19.705508] firmadyne: sys_socket[PID: 106 (klogd)]: family:1, type:1, protocol:0
[   19.707333] firmadyne: sys_socket[PID: 106 (klogd)]: family:1, type:2, protocol:0
[   19.710611] firmadyne: ioctl: 0xc0207223
[   19.711985] firmadyne: ioctl: 0xc0207223
[   19.719140] firmadyne: ioctl: 0xc0207223
[   19.720532] firmadyne: ioctl: 0xc0207223
[   19.723459] firmadyne: sys_socket[PID: 106 (klogd)]: family:1, type:1, protocol:0
[   19.730192] firmadyne: ioctl: 0xc0207223
[   19.731669] firmadyne: ioctl: 0xc0207223
[   19.733549] firmadyne: sys_socket[PID: 106 (klogd)]: family:1, type:2, protocol:0
[   19.741359] firmadyne: ioctl: 0xc0207223
[   19.742919] firmadyne: ioctl: 0xc0207223
[   19.744277] firmadyne: ioctl: 0xc0207223
[   19.745472] firmadyne: sys_socket[PID: 106 (klogd)]: family:1, type:1, protocol:0
[   19.747403] firmadyne: sys_socket[PID: 106 (klogd)]: family:1, type:2, protocol:0
[   19.754012] firmadyne: ioctl: 0xc0207223
[   19.755393] firmadyne: ioctl: 0xc0207223
[   19.756740] firmadyne: ioctl: 0xc0207223
[   19.759665] firmadyne: sys_socket[PID: 106 (klogd)]: family:1, type:1, protocol:0
[   19.766116] firmadyne: ioctl: 0xc0207223
[   19.767513] firmadyne: ioctl: 0xc0207223
[   19.768894] firmadyne: ioctl: 0xc0207223
[   19.770424] firmadyne: sys_socket[PID: 106 (klogd)]: family:1, type:2, protocol:0
[   19.778117] firmadyne: ioctl: 0xc0207223
[   19.779477] firmadyne: ioctl: 0xc0207223
[   19.780821] firmadyne: ioctl: 0xc0207223
[   19.782744] firmadyne: sys_socket[PID: 106 (klogd)]: family:1, type:1, protocol:0
[   19.784746] firmadyne: sys_socket[PID: 106 (klogd)]: family:1, type:2, protocol:0
[   19.794091] firmadyne: ioctl: 0xc0207223
[   19.795478] firmadyne: ioctl: 0xc0207223
[   19.796823] firmadyne: ioctl: 0xc0207223
[   19.800308] firmadyne: sys_socket[PID: 106 (klogd)]: family:1, type:1, protocol:0
[   19.806112] firmadyne: sys_socket[PID: 106 (klogd)]: family:1, type:2, protocol:0
[   19.810355] firmadyne: ioctl: 0xc0207223
[   19.811794] firmadyne: ioctl: 0xc0207223
[   19.817557] firmadyne: ioctl: 0xc0207223
[   19.818916] firmadyne: ioctl: 0xc0207223
[   19.820281] firmadyne: ioctl: 0xc0207223
[   19.822129] firmadyne: sys_socket[PID: 106 (klogd)]: family:1, type:1, protocol:0
[   19.824011] firmadyne: sys_socket[PID: 106 (klogd)]: family:1, type:2, protocol:0
[   19.830044] firmadyne: ioctl: 0xc0207223
[   19.831423] firmadyne: ioctl: 0xc0207223
[   19.832767] firmadyne: ioctl: 0xc0207223
[   19.836125] firmadyne: sys_socket[PID: 106 (klogd)]: family:1, type:1, protocol:0
[   19.842113] firmadyne: sys_socket[PID: 106 (klogd)]: family:1, type:2, protocol:0
[   19.846223] firmadyne: ioctl: 0xc0207223
[   19.847531] firmadyne: ioctl: 0xc0207223
[   19.849249] firmadyne: ioctl: 0xc0207223
[   19.853910] firmadyne: sys_socket[PID: 106 (klogd)]: family:1, type:1, protocol:0
[   19.855774] firmadyne: sys_socket[PID: 106 (klogd)]: family:1, type:2, protocol:0
[   19.858334] firmadyne: ioctl: 0xc0207223
[   19.859830] firmadyne: ioctl: 0xc0207223
[   19.867438] firmadyne: sys_socket[PID: 106 (klogd)]: family:1, type:1, protocol:0
[   19.869775] firmadyne: ioctl: 0xc0207223
[   19.871176] firmadyne: ioctl: 0xc0207223
[   19.872527] firmadyne: ioctl: 0xc0207223
[   19.877514] firmadyne: sys_socket[PID: 106 (klogd)]: family:1, type:2, protocol:0
[   19.881069] firmadyne: sys_socket[PID: 106 (klogd)]: family:1, type:1, protocol:0
[   19.883436] firmadyne: ioctl: 0xc0207223
[   19.884804] firmadyne: ioctl: 0xc0207223
[   19.890047] firmadyne: ioctl: 0xc0207223
[   19.891408] firmadyne: ioctl: 0xc0207223
[   19.892754] firmadyne: ioctl: 0xc0207223
[   19.899501] firmadyne: sys_socket[PID: 106 (klogd)]: family:1, type:2, protocol:0
[   19.906124] firmadyne: ioctl: 0xc0207223
[   19.907508] firmadyne: ioctl: 0xc0207223
[   19.909096] firmadyne: ioctl: 0xc0207223
[   19.912021] firmadyne: sys_socket[PID: 106 (klogd)]: family:1, type:1, protocol:0
[   19.918130] firmadyne: sys_socket[PID: 106 (klogd)]: family:1, type:2, protocol:0
[   19.922241] firmadyne: ioctl: 0xc0207223
[   19.923615] firmadyne: ioctl: 0xc0207223
[   19.925243] firmadyne: ioctl: 0xc0207223
[   19.929951] firmadyne: sys_socket[PID: 106 (klogd)]: family:1, type:1, protocol:0
[   19.931847] firmadyne: sys_socket[PID: 106 (klogd)]: family:1, type:2, protocol:0
[   19.934402] firmadyne: ioctl: 0xc0207223
[   19.935784] firmadyne: ioctl: 0xc0207223
[   19.944223] firmadyne: sys_socket[PID: 106 (klogd)]: family:1, type:1, protocol:0
[   19.946040] firmadyne: ioctl: 0xc0207223
[   19.947572] firmadyne: ioctl: 0xc0207223
[   19.948944] firmadyne: ioctl: 0xc0207223
[   19.954228] firmadyne: sys_socket[PID: 106 (klogd)]: family:1, type:2, protocol:0
[   19.958297] firmadyne: ioctl: 0xc0207223
[   19.959786] firmadyne: ioctl: 0xc0207223
[   19.965973] firmadyne: sys_socket[PID: 106 (klogd)]: family:1, type:1, protocol:0
[   19.967914] firmadyne: sys_socket[PID: 106 (klogd)]: family:1, type:2, protocol:0
[   19.969940] firmadyne: ioctl: 0xc0207223
[   19.971334] firmadyne: ioctl: 0xc0207223
[   19.972676] firmadyne: ioctl: 0xc0207223
[   19.979527] firmadyne: sys_socket[PID: 106 (klogd)]: family:1, type:1, protocol:0
[   19.982319] firmadyne: ioctl: 0xc0207223
[   19.983698] firmadyne: ioctl: 0xc0207223
[   19.989627] firmadyne: sys_socket[PID: 106 (klogd)]: family:1, type:2, protocol:0
[   19.993043] firmadyne: sys_socket[PID: 106 (klogd)]: family:1, type:1, protocol:0
[   19.994688] firmadyne: ioctl: 0xc0207223
[   19.996122] firmadyne: ioctl: 0xc0207223
[   20.001659] firmadyne: ioctl: 0xc0207223
[   20.002903] firmadyne: ioctl: 0xc0207223
[   20.004149] firmadyne: ioctl: 0xc0207223
[   20.006205] firmadyne: sys_socket[PID: 106 (klogd)]: family:1, type:2, protocol:0
[   20.013805] firmadyne: ioctl: 0xc0207223
[   20.015210] firmadyne: ioctl: 0xc0207223
[   20.016642] firmadyne: ioctl: 0xc0207223
[   20.021890] firmadyne: sys_socket[PID: 106 (klogd)]: family:1, type:1, protocol:0
[   20.023931] firmadyne: sys_socket[PID: 106 (klogd)]: family:1, type:2, protocol:0
[   20.026674] firmadyne: ioctl: 0xc0207223
[   20.028172] firmadyne: ioctl: 0xc0207223
[   20.035941] firmadyne: sys_socket[PID: 106 (klogd)]: family:1, type:1, protocol:0
[   20.038194] firmadyne: ioctl: 0xc0207223
[   20.039569] firmadyne: ioctl: 0xc0207223
[   20.040940] firmadyne: ioctl: 0xc0207223
[   20.046292] firmadyne: sys_socket[PID: 106 (klogd)]: family:1, type:2, protocol:0
[   20.050206] firmadyne: ioctl: 0xc0207223
[   20.051577] firmadyne: ioctl: 0xc0207223
[   20.053191] firmadyne: ioctl: 0xc0207223
[   20.058032] firmadyne: sys_socket[PID: 106 (klogd)]: family:1, type:1, protocol:0
[   20.059906] firmadyne: sys_socket[PID: 106 (klogd)]: family:1, type:2, protocol:0
[   20.066106] firmadyne: ioctl: 0xc0207223
[   20.067431] firmadyne: ioctl: 0xc0207223
[   20.068779] firmadyne: ioctl: 0xc0207223
[   20.071980] firmadyne: sys_socket[PID: 106 (klogd)]: family:1, type:1, protocol:0
[   20.078234] firmadyne: ioctl: 0xc0207223
[   20.079601] firmadyne: ioctl: 0xc0207223
[   20.080879] firmadyne: ioctl: 0xc0207223
[   20.082618] firmadyne: sys_socket[PID: 106 (klogd)]: family:1, type:2, protocol:0
[   20.090122] firmadyne: ioctl: 0xc0207223
[   20.091495] firmadyne: ioctl: 0xc0207223
[   20.092849] firmadyne: ioctl: 0xc0207223
[   20.094807] firmadyne: sys_socket[PID: 106 (klogd)]: family:1, type:1, protocol:0
[   20.096677] firmadyne: sys_socket[PID: 106 (klogd)]: family:1, type:2, protocol:0
[   20.106071] firmadyne: ioctl: 0xc0207223
[   20.107459] firmadyne: ioctl: 0xc0207223
[   20.108789] firmadyne: ioctl: 0xc0207223
[   20.112444] firmadyne: sys_socket[PID: 106 (klogd)]: family:1, type:1, protocol:0
[   20.118134] firmadyne: sys_socket[PID: 106 (klogd)]: family:1, type:2, protocol:0
[   20.122307] firmadyne: ioctl: 0xc0207223
[   20.123803] firmadyne: ioctl: 0xc0207223
[   20.129852] firmadyne: sys_socket[PID: 106 (klogd)]: family:1, type:1, protocol:0
[   20.131732] firmadyne: sys_socket[PID: 106 (klogd)]: family:1, type:2, protocol:0
[   20.133858] firmadyne: ioctl: 0xc0207223
[   20.135343] firmadyne: ioctl: 0xc0207223
[   20.136907] firmadyne: ioctl: 0xc0207223
[   20.143463] firmadyne: sys_socket[PID: 106 (klogd)]: family:1, type:1, protocol:0
[   20.146399] firmadyne: ioctl: 0xc0207223
[   20.147770] firmadyne: ioctl: 0xc0207223
[   20.153566] firmadyne: sys_socket[PID: 106 (klogd)]: family:1, type:2, protocol:0
[   20.157061] firmadyne: sys_socket[PID: 106 (klogd)]: family:1, type:1, protocol:0
[   20.158726] firmadyne: ioctl: 0xc0207223
[   20.160136] firmadyne: ioctl: 0xc0207223
[   20.165716] firmadyne: ioctl: 0xc0207223
[   20.166969] firmadyne: ioctl: 0xc0207223
[   20.168316] firmadyne: ioctl: 0xc0207223
[   20.174057] firmadyne: sys_socket[PID: 106 (klogd)]: family:1, type:2, protocol:0
[   20.178115] firmadyne: ioctl: 0xc0207223
[   20.179477] firmadyne: ioctl: 0xc0207223
[   20.180794] firmadyne: ioctl: 0xc0207223
[   20.185658] firmadyne: sys_socket[PID: 106 (klogd)]: family:1, type:1, protocol:0
[   20.187473] firmadyne: sys_socket[PID: 106 (klogd)]: family:1, type:2, protocol:0
[   20.190380] firmadyne: ioctl: 0xc0207223
[   20.191748] firmadyne: ioctl: 0xc0207223
[   20.199165] firmadyne: sys_socket[PID: 106 (klogd)]: family:1, type:1, protocol:0
[   20.201011] firmadyne: sys_socket[PID: 106 (klogd)]: family:1, type:2, protocol:0
[   20.202653] firmadyne: ioctl: 0xc0207223
[   20.203992] firmadyne: ioctl: 0xc0207223
[   20.209628] firmadyne: ioctl: 0xc0207223
[   20.210973] firmadyne: ioctl: 0xc0207223
[   20.212279] firmadyne: ioctl: 0xc0207223
[   20.215694] firmadyne: sys_socket[PID: 106 (klogd)]: family:1, type:1, protocol:0
[   20.222004] firmadyne: ioctl: 0xc0207223
[   20.223403] firmadyne: ioctl: 0xc0207223
[   20.224674] firmadyne: ioctl: 0xc0207223
[   20.225985] firmadyne: sys_socket[PID: 106 (klogd)]: family:1, type:2, protocol:0
[   20.234090] firmadyne: ioctl: 0xc0207223
[   20.235355] firmadyne: ioctl: 0xc0207223
[   20.236682] firmadyne: ioctl: 0xc0207223
[   20.238099] firmadyne: sys_socket[PID: 106 (klogd)]: family:1, type:1, protocol:0
[   20.240355] firmadyne: sys_socket[PID: 106 (klogd)]: family:1, type:2, protocol:0
[   20.246127] firmadyne: ioctl: 0xc0207223
[   20.247512] firmadyne: ioctl: 0xc0207223
[   20.248880] firmadyne: ioctl: 0xc0207223
[   20.252100] firmadyne: sys_socket[PID: 106 (klogd)]: family:1, type:1, protocol:0
[   20.258102] firmadyne: sys_socket[PID: 106 (klogd)]: family:1, type:2, protocol:0
[   20.266202] firmadyne: ioctl: 0xc0207223
[   20.267498] firmadyne: ioctl: 0xc0207223
[   20.268814] firmadyne: ioctl: 0xc0207223
[   20.270213] firmadyne: sys_socket[PID: 106 (klogd)]: family:1, type:1, protocol:0
[   20.271960] firmadyne: sys_socket[PID: 106 (klogd)]: family:1, type:2, protocol:0
[   20.278108] firmadyne: ioctl: 0xc0207223
[   20.279417] firmadyne: ioctl: 0xc0207223
[   20.280836] firmadyne: ioctl: 0xc0207223
[   20.284104] firmadyne: sys_socket[PID: 106 (klogd)]: family:1, type:1, protocol:0
[   20.290163] firmadyne: ioctl: 0xc0207223
[   20.291585] firmadyne: ioctl: 0xc0207223
[   20.293240] firmadyne: ioctl: 0xc0207223
[   20.294672] firmadyne: sys_socket[PID: 106 (klogd)]: family:1, type:2, protocol:0
[   20.302204] firmadyne: ioctl: 0xc0207223
[   20.303484] firmadyne: ioctl: 0xc0207223
[   20.304780] firmadyne: ioctl: 0xc0207223
[   20.310524] firmadyne: sys_socket[PID: 106 (klogd)]: family:1, type:1, protocol:0
[   20.312472] firmadyne: sys_socket[PID: 106 (klogd)]: family:1, type:2, protocol:0
[   20.318280] firmadyne: ioctl: 0xc0207223
[   20.319679] firmadyne: ioctl: 0xc0207223
[   20.323684] firmadyne: sys_socket[PID: 106 (klogd)]: family:1, type:1, protocol:0
[   20.329391] firmadyne: ioctl: 0xc0207223
[   20.330809] firmadyne: ioctl: 0xc0207223
[   20.332165] firmadyne: ioctl: 0xc0207223
[   20.338210] firmadyne: sys_socket[PID: 106 (klogd)]: family:1, type:2, protocol:0
[   20.349948] firmadyne: ioctl: 0xc0207223
[   20.351342] firmadyne: ioctl: 0xc0207223
[   20.352669] firmadyne: ioctl: 0xc0207223
[   20.358089] firmadyne: sys_socket[PID: 106 (klogd)]: family:1, type:1, protocol:0
[   20.359865] firmadyne: sys_socket[PID: 106 (klogd)]: family:1, type:2, protocol:0
[   20.367372] firmadyne: ioctl: 0xc0207223
[   20.368634] firmadyne: ioctl: 0xc0207223
[   20.371636] firmadyne: sys_socket[PID: 106 (klogd)]: family:1, type:1, protocol:0
[   20.382484] firmadyne: ioctl: 0xc0207223
[   20.384070] firmadyne: ioctl: 0xc0207223
[   20.385814] firmadyne: sys_socket[PID: 106 (klogd)]: family:1, type:2, protocol:0
[   20.398172] firmadyne: ioctl: 0xc0207223
[   20.399782] firmadyne: ioctl: 0xc0207223
[   20.402231] firmadyne: sys_socket[PID: 106 (klogd)]: family:1, type:1, protocol:0
[   20.404680] firmadyne: sys_socket[PID: 106 (klogd)]: family:1, type:2, protocol:0
[   20.413858] firmadyne: ioctl: 0xc0207223
[   20.415426] firmadyne: ioctl: 0xc0207223
[   20.417247] firmadyne: ioctl: 0xc0207223
[   20.424157] firmadyne: sys_socket[PID: 106 (klogd)]: family:1, type:1, protocol:0
[   20.438651] firmadyne: ioctl: 0xc0207223
[   20.440235] firmadyne: ioctl: 0xc0207223
[   20.442404] firmadyne: sys_socket[PID: 106 (klogd)]: family:1, type:2, protocol:0
[   20.446314] firmadyne: ioctl: 0xc0207223
[   20.447869] firmadyne: ioctl: 0xc0207223
[   20.462942] firmadyne: sys_socket[PID: 106 (klogd)]: family:1, type:1, protocol:0
[   20.466268] firmadyne: ioctl: 0xc0207223
[   20.467837] firmadyne: ioctl: 0xc0207223
[   20.477799] firmadyne: sys_socket[PID: 106 (klogd)]: family:1, type:2, protocol:0
[   20.481976] firmadyne: ioctl: 0xc0207223
[   20.483553] firmadyne: ioctl: 0xc0207223
[   20.490252] firmadyne: sys_socket[PID: 106 (klogd)]: family:1, type:1, protocol:0
[   20.492437] firmadyne: sys_socket[PID: 106 (klogd)]: family:1, type:2, protocol:0
[   20.499073] firmadyne: ioctl: 0xc0207223
[   20.500735] firmadyne: ioctl: 0xc0207223
[   20.510902] firmadyne: ioctl: 0xc0207223
[   20.512477] firmadyne: ioctl: 0xc0207223
[   20.516423] firmadyne: sys_socket[PID: 106 (klogd)]: family:1, type:1, protocol:0
[   20.522322] firmadyne: ioctl: 0xc0207223
[   20.523834] firmadyne: ioctl: 0xc0207223
[   20.530343] firmadyne: sys_socket[PID: 106 (klogd)]: family:1, type:2, protocol:0
[   20.537686] firmadyne: ioctl: 0xc0207223
[   20.539081] firmadyne: ioctl: 0xc0207223
[   20.540438] firmadyne: ioctl: 0xc0207223
[   20.546814] firmadyne: sys_socket[PID: 106 (klogd)]: family:1, type:1, protocol:0
[   20.548663] firmadyne: sys_socket[PID: 106 (klogd)]: family:1, type:2, protocol:0
[   20.554186] firmadyne: ioctl: 0xc0207223
[   20.555560] firmadyne: ioctl: 0xc0207223
[   20.556938] firmadyne: ioctl: 0xc0207223
[   20.567702] firmadyne: sys_socket[PID: 106 (klogd)]: family:1, type:1, protocol:0
[   20.574154] firmadyne: ioctl: 0xc0207223
[   20.575532] firmadyne: ioctl: 0xc0207223
[   20.576902] firmadyne: ioctl: 0xc0207223
[   20.581637] firmadyne: sys_socket[PID: 106 (klogd)]: family:1, type:2, protocol:0
[   20.584919] firmadyne: sys_socket[PID: 106 (klogd)]: family:1, type:1, protocol:0
[   20.594044] firmadyne: ioctl: 0xc0207223
[   20.595452] firmadyne: ioctl: 0xc0207223
[   20.596688] firmadyne: ioctl: 0xc0207223
[   20.597667] cfg80211: Calling CRDA to update world regulatory domain
[   20.602219] firmadyne: sys_socket[PID: 106 (klogd)]: family:1, type:2, protocol:0
[   20.614048] firmadyne: ioctl: 0xc0207223
[   20.615444] firmadyne: ioctl: 0xc0207223
[   20.616816] firmadyne: ioctl: 0xc0207223
[   20.618389] firmadyne: sys_socket[PID: 106 (klogd)]: family:1, type:1, protocol:0
[   20.620135] firmadyne: sys_socket[PID: 106 (klogd)]: family:1, type:2, protocol:0
[   20.630343] firmadyne: ioctl: 0xc0207223
[   20.631726] firmadyne: ioctl: 0xc0207223
[   20.635946] firmadyne: sys_socket[PID: 106 (klogd)]: family:1, type:1, protocol:0
[   20.645626] firmadyne: ioctl: 0xc0207223
[   20.646976] firmadyne: ioctl: 0xc0207223
[   20.648327] firmadyne: ioctl: 0xc0207223
[   20.650076] firmadyne: sys_socket[PID: 106 (klogd)]: family:1, type:2, protocol:0
[   20.662119] firmadyne: ioctl: 0xc0207223
[   20.663598] firmadyne: ioctl: 0xc0207223
[   20.665802] firmadyne: sys_socket[PID: 106 (klogd)]: family:1, type:1, protocol:0
[   20.667781] firmadyne: sys_socket[PID: 106 (klogd)]: family:1, type:2, protocol:0
[   20.670154] firmadyne: ioctl: 0xc0587200
[   20.685232] firmadyne: ioctl: 0xc0207223
[   20.686881] firmadyne: ioctl: 0xc0207223
[   20.688309] firmadyne: ioctl: 0xc0207223
[   20.691609] firmadyne: sys_socket[PID: 106 (klogd)]: family:1, type:1, protocol:0
Warning: Bad CRC, using default environment
[   20.706504] firmadyne: ioctl: 0xc0207223
[   20.708417] firmadyne: ioctl: 0xc0207223
[   20.711464] firmadyne: sys_socket[PID: 106 (klogd)]: family:1, type:2, protocol:0
[   20.719278] firmadyne: sys_socket[PID: 106 (klogd)]: family:1, type:1, protocol:0
[   20.723104] firmadyne: ioctl: 0xc0207223
[   20.725222] firmadyne: ioctl: 0xc0207223
[   20.730852] firmadyne: sys_socket[PID: 106 (klogd)]: family:1, type:2, protocol:0
[   20.735187] firmadyne: ioctl: 0xc0207223
[   20.743641] firmadyne: sys_socket[PID: 106 (klogd)]: family:1, type:1, protocol:0
[   20.753717] firmadyne: ioctl: 0xc0207223
[   20.755964] firmadyne: ioctl: 0xc0207223
[   20.758186] firmadyne: sys_socket[PID: 106 (klogd)]: family:1, type:2, protocol:0
[   20.770679] firmadyne: ioctl: 0xc0207223
[   20.772660] firmadyne: ioctl: 0xc0207223
[   20.774814] firmadyne: sys_socket[PID: 106 (klogd)]: family:1, type:1, protocol:0
[   20.776789] firmadyne: sys_socket[PID: 106 (klogd)]: family:1, type:2, protocol:0
[   20.790968] firmadyne: ioctl: 0xc0207223
[   20.796005] firmadyne: sys_socket[PID: 106 (klogd)]: family:1, type:1, protocol:0
[   20.801761] firmadyne: ioctl: 0xc0207223
[   20.803796] firmadyne: ioctl: 0xc0207223
[   20.813366] firmadyne: sys_socket[PID: 106 (klogd)]: family:1, type:2, protocol:0
[   20.816889] firmadyne: sys_socket[PID: 106 (klogd)]: family:1, type:1, protocol:0
[   20.822623] firmadyne: ioctl: 0xc0207223
[   20.824599] firmadyne: ioctl: 0xc0207223
[   20.838460] firmadyne: sys_socket[PID: 106 (klogd)]: family:1, type:2, protocol:0
[   20.842846] firmadyne: ioctl: 0xc0207223
[   20.844952] firmadyne: ioctl: 0xc0207223
[   20.850031] firmadyne: sys_socket[PID: 106 (klogd)]: family:1, type:1, protocol:0
[   20.852080] firmadyne: sys_socket[PID: 106 (klogd)]: family:1, type:2, protocol:0
[   20.858468] firmadyne: ioctl: 0xc0207223
[   20.860550] firmadyne: ioctl: 0xc0207223
[   20.878918] firmadyne: ioctl: 0xc0207223
[   20.880934] firmadyne: ioctl: 0xc0207223
[   20.911022] firmadyne: ioctl: 0xc0207223
[   20.913200] firmadyne: ioctl: 0xc0207223
[   20.918939] firmadyne: ioctl: 0xc0207223
[   20.920807] firmadyne: ioctl: 0xc0207223
[   20.934956] firmadyne: ioctl: 0xc0207223
[   20.936729] firmadyne: ioctl: 0xc0207223
[   20.941864] firmadyne: sys_socket[PID: 106 (klogd)]: family:1, type:1, protocol:0
[   20.943773] firmadyne: sys_socket[PID: 106 (klogd)]: family:1, type:2, protocol:0
[   20.948903] firmadyne: ioctl: 0xc0207223
[   20.959580] firmadyne: sys_socket[PID: 106 (klogd)]: family:1, type:1, protocol:0
[   20.962762] firmadyne: ioctl: 0xc0207223
[   20.964669] firmadyne: ioctl: 0xc0207223
[   20.973659] firmadyne: sys_socket[PID: 106 (klogd)]: family:1, type:2, protocol:0
[   20.978706] firmadyne: ioctl: 0xc0207223
[   20.980625] firmadyne: ioctl: 0xc0207223
[   20.989545] firmadyne: sys_socket[PID: 106 (klogd)]: family:1, type:1, protocol:0
[   20.991293] firmadyne: sys_socket[PID: 106 (klogd)]: family:1, type:2, protocol:0
[   20.998704] firmadyne: ioctl: 0xc0207223
[   21.000498] firmadyne: ioctl: 0xc0207223
[   21.006947] firmadyne: sys_socket[PID: 106 (klogd)]: family:1, type:1, protocol:0
[   21.008933] firmadyne: sys_socket[PID: 106 (klogd)]: family:1, type:2, protocol:0
[   21.014748] firmadyne: ioctl: 0xc0207223
[   21.016725] firmadyne: ioctl: 0xc0207223
[   21.027732] firmadyne: sys_socket[PID: 106 (klogd)]: family:1, type:1, protocol:0
[   21.030967] firmadyne: ioctl: 0xc0207223
[   21.032895] firmadyne: ioctl: 0xc0207223
[   21.042843] firmadyne: sys_socket[PID: 106 (klogd)]: family:1, type:2, protocol:0
[   21.050639] firmadyne: ioctl: 0xc0207223
[   21.052394] firmadyne: ioctl: 0xc0207223
[   21.058383] firmadyne: sys_socket[PID: 106 (klogd)]: family:1, type:1, protocol:0
[   21.060285] firmadyne: sys_socket[PID: 106 (klogd)]: family:1, type:2, protocol:0
[   21.066658] firmadyne: ioctl: 0xc0207223
[   21.068426] firmadyne: ioctl: 0xc0207223
[   21.074642] firmadyne: sys_socket[PID: 113 (oamd)]: family:16, type:3, protocol:2
[   21.079815] firmadyne: sys_socket[PID: 106 (klogd)]: family:1, type:1, protocol:0
[   21.083097] firmadyne: ioctl: 0xc0207223
[   21.085261] firmadyne: ioctl: 0xc0207223
[   21.089694] firmadyne: sys_socket[PID: 106 (klogd)]: family:1, type:2, protocol:0
[   21.100148] firmadyne: ioctl: 0xc0207223
[   21.106590] firmadyne: ioctl: 0xc0207223
[   21.108661] firmadyne: ioctl: 0xc0207223
[   21.110368] firmadyne: sys_socket[PID: 106 (klogd)]: family:1, type:1, protocol:0
[   21.112369] firmadyne: sys_socket[PID: 106 (klogd)]: family:1, type:2, protocol:0
[   21.126660] firmadyne: sys_socket[PID: 106 (klogd)]: family:1, type:1, protocol:0
[   21.128468] firmadyne: sys_socket[PID: 106 (klogd)]: family:1, type:2, protocol:0
[   21.131364] firmadyne: ioctl: 0xc0207223
[   21.137609] firmadyne: ioctl: 0xc0207223
[   21.139706] firmadyne: ioctl: 0xc0207223
[   21.143786] firmadyne: sys_socket[PID: 106 (klogd)]: family:1, type:1, protocol:0
[   21.150288] firmadyne: ioctl: 0xc0207223
[   21.152169] firmadyne: ioctl: 0xc0207223
[   21.153899] firmadyne: sys_socket[PID: 106 (klogd)]: family:1, type:2, protocol:0
[   21.162539] firmadyne: ioctl: 0xc0207223
[   21.164307] firmadyne: ioctl: 0xc0207223
[   21.165444] firmadyne: sys_socket[PID: 106 (klogd)]: family:1, type:1, protocol:0
[   21.167178] firmadyne: sys_socket[PID: 106 (klogd)]: family:1, type:2, protocol:0
nvram_init[   21.174923] firmadyne: ioctl: 0xc0207223
[   21.178958] firmadyne: sys_socket[PID: 106 (klogd)]: family:1, type:1, protocol:0
: Initializing NVRAM...
sem_get: Key: 41014005[   21.185778] firmadyne: ioctl: 0xc0207223
[   21.187916] firmadyne: ioctl: 0xc0207223
[   21.189414] firmadyne: sys_socket[PID: 106 (klogd)]: family:1, type:2, protocol:0
[   21.192745] firmadyne: sys_socket[PID: 106 (klogd)]: family:1, type:1, protocol:0

[   21.201973] firmadyne: ioctl: 0xc0207223
[   21.203928] firmadyne: ioctl: 0xc0207223
[   21.206249] firmadyne: sys_socket[PID: 106 (klogd)]: family:1, type:2, protocol:0
[   21.210326] firmadyne: ioctl: 0xc0207223
[   21.212576] firmadyne: ioctl: 0xc0207223
sem_get: Key: 41110229[   21.218642] firmadyne: sys_socket[PID: 106 (klogd)]: family:1, type:1, protocol:0
[   21.220661] firmadyne: sys_socket[PID: 106 (klogd)]: family:1, type:2, protocol:0
[   21.223649] firmadyne: ioctl: 0xc0207223

nvram_set_default_builtin: Setting built-in default values!
[   21.229865] firmadyne: ioctl: 0xc0207223
[   21.231724] firmadyne: ioctl: 0xc0207223
[   21.236221] firmadyne: sys_socket[PID: 106 (klogd)]: family:1, type:1, protocol:0
nvram_set: console_loglevel[   21.242339] firmadyne: ioctl: 0xc0207223
[   21.244297] firmadyne: ioctl: 0xc0207223
[   21.246240] firmadyne: sys_socket[PID: 106 (klogd)]: family:1, type:2, protocol:0
 = "7"
sem_get: Key: 41110229
[   21.254735] firmadyne: ioctl: 0xc0207223
[   21.256637] firmadyne: ioctl: 0xc0207223
[   21.258516] firmadyne: sys_socket[PID: 106 (klogd)]: family:1, type:1, protocol:0
[   21.260328] firmadyne: sys_socket[PID: 106 (klogd)]: family:1, type:2, protocol:0
sem_get[   21.266930] firmadyne: ioctl: 0xc0207223
[   21.268810] firmadyne: ioctl: 0xc0207223
[   21.272583] firmadyne: sys_socket[PID: 106 (klogd)]: family:1, type:1, protocol:0
: Key: 41110229
[   21.278698] firmadyne: ioctl: 0xc0207223
[   21.280621] firmadyne: ioctl: 0xc0207223
nvram_set: restore_defaults = "1"
[   21.286263] firmadyne: sys_socket[PID: 106 (klogd)]: family:1, type:2, protocol:0
sem_get: Key: 41110229
sem_get[   21.295492] firmadyne: ioctl: 0xc0207223
[   21.299684] firmadyne: sys_socket[PID: 106 (klogd)]: family:1, type:1, protocol:0
[   21.302029] firmadyne: sys_socket[PID: 106 (klogd)]: family:1, type:2, protocol:0
[   21.306686] firmadyne: ioctl: 0xc0207223
[   21.308684] firmadyne: ioctl: 0xc0207223
: Key: 41110229
[   21.313854] firmadyne: sys_socket[PID: 106 (klogd)]: family:1, type:1, protocol:0
[   21.315844] firmadyne: sys_socket[PID: 106 (klogd)]: family:1, type:2, protocol:0
nvram_set: sku_name = ""
sem_get[   21.322906] firmadyne: ioctl: 0xc0207223
[   21.324938] firmadyne: ioctl: 0xc0207223
[   21.328517] firmadyne: sys_socket[PID: 106 (klogd)]: family:1, type:1, protocol:0
: Key: 41110229
[   21.335084] firmadyne: ioctl: 0xc0207223
sem_get: Key: 41110229
[   21.342291] firmadyne: sys_socket[PID: 106 (klogd)]: family:1, type:2, protocol:0
[   21.345703] firmadyne: ioctl: 0xc0207223
[   21.347873] firmadyne: ioctl: 0xc0207223
nvram_set: wla_wlanstate = ""
sem_get[   21.354965] firmadyne: sys_socket[PID: 106 (klogd)]: family:1, type:1, protocol:0
[   21.356985] firmadyne: sys_socket[PID: 106 (klogd)]: family:1, type:2, protocol:0
[   21.359784] firmadyne: ioctl: 0xc0207223
: Key: 41110229
sem_get: Key: 41110229[   21.366402] firmadyne: ioctl: 0xc0207223
[   21.368353] firmadyne: ioctl: 0xc0207223
[   21.371817] firmadyne: sys_socket[PID: 106 (klogd)]: family:1, type:1, protocol:0
[   21.374916] firmadyne: ioctl: 0xc0207223
[   21.376701] firmadyne: ioctl: 0xc0207223

nvram_set: [   21.382194] firmadyne: sys_socket[PID: 106 (klogd)]: family:1, type:2, protocol:0
lan_if = "br0"
sem_get: Key: 41110229
[   21.390633] firmadyne: ioctl: 0xc0207223
[   21.392622] firmadyne: ioctl: 0xc0207223
[   21.394517] firmadyne: sys_socket[PID: 106 (klogd)]: family:1, type:1, protocol:0
[   21.396430] firmadyne: sys_socket[PID: 106 (klogd)]: family:1, type:2, protocol:0
sem_get: Key: 41110229[   21.402880] firmadyne: ioctl: 0xc0207223
[   21.404870] firmadyne: ioctl: 0xc0207223
[   21.408614] firmadyne: sys_socket[PID: 106 (klogd)]: family:1, type:1, protocol:0

nvram_set[   21.415098] firmadyne: ioctl: 0xc0207223
[   21.418297] firmadyne: sys_socket[PID: 106 (klogd)]: family:1, type:2, protocol:0
: lan_ipaddr = "192.168.0.50"
sem_get: Key: [   21.425638] firmadyne: ioctl: 0xc0207223
[   21.427784] firmadyne: ioctl: 0xc0207223
[   21.430493] firmadyne: sys_socket[PID: 106 (klogd)]: family:1, type:1, protocol:0
[   21.432563] firmadyne: sys_socket[PID: 106 (klogd)]: family:1, type:2, protocol:0
41110229
sem_get[   21.438662] firmadyne: ioctl: 0xc0207223
[   21.440723] firmadyne: ioctl: 0xc0207223
: Key: 41110229
[   21.447909] firmadyne: sys_socket[PID: 106 (klogd)]: family:1, type:1, protocol:0
[   21.451055] firmadyne: ioctl: 0xc0207223
[   21.453282] firmadyne: ioctl: 0xc0207223
nvram_set: lan_bipaddr = "192.168.0.255"
[   21.458146] firmadyne: sys_socket[PID: 106 (klogd)]: family:1, type:2, protocol:0
sem_get: Key: 41110229
sem_get[   21.467108] firmadyne: ioctl: 0xc0207223
[   21.468928] firmadyne: ioctl: 0xc0207223
[   21.470429] firmadyne: sys_socket[PID: 106 (klogd)]: family:1, type:1, protocol:0
[   21.472290] firmadyne: sys_socket[PID: 106 (klogd)]: family:1, type:2, protocol:0
: Key: 41110229
[   21.478741] firmadyne: ioctl: 0xc0207223
[   21.480606] firmadyne: ioctl: 0xc0207223
[   21.484191] firmadyne: sys_socket[PID: 106 (klogd)]: family:1, type:1, protocol:0
nvram_set: lan_netmask = "255.255.255.0"
sem_get[   21.490626] firmadyne: ioctl: 0xc0207223
[   21.492495] firmadyne: ioctl: 0xc0207223
[   21.494279] firmadyne: sys_socket[PID: 106 (klogd)]: family:1, type:2, protocol:0
: Key: 41110229
[   21.503046] firmadyne: ioctl: 0xc0207223
[   21.506660] firmadyne: sys_socket[PID: 106 (klogd)]: family:1, type:1, protocol:0
[   21.509120] firmadyne: sys_socket[PID: 106 (klogd)]: family:1, type:2, protocol:0
sem_get: Key: 41110229
nvram_set: [   21.517992] firmadyne: ioctl: 0xc0207223
[   21.520245] firmadyne: ioctl: 0xc0207223
[   21.524229] firmadyne: sys_socket[PID: 106 (klogd)]: family:1, type:1, protocol:0
[   21.527889] firmadyne: ioctl: 0xc0207223
time_zone = "PST8PDT"
sem_get: Key: 41110229[   21.534650] firmadyne: sys_socket[PID: 106 (klogd)]: family:1, type:2, protocol:0
[   21.538916] firmadyne: ioctl: 0xc0207223

[   21.549544] firmadyne: ioctl: 0xc0207223
[   21.554868] firmadyne: sys_socket[PID: 106 (klogd)]: family:1, type:1, protocol:0
[   21.558419] firmadyne: ioctl: 0xc0207223
[   21.560591] firmadyne: ioctl: 0xc0207223
[   21.562791] firmadyne: sys_socket[PID: 106 (klogd)]: family:1, type:2, protocol:0
sem_get: Key: 41110229
[   21.571005] firmadyne: sys_socket[PID: 106 (klogd)]: family:1, type:1, protocol:0
nvram_set: wan_hwaddr_def = "01:23:45:67:89:ab[   21.579069] firmadyne: ioctl: 0xc0207223
[   21.581699] firmadyne: sys_socket[PID: 106 (klogd)]: family:1, type:2, protocol:0
"
sem_get: Key: 41110229
[   21.589686] firmadyne: ioctl: 0xc0207223
[   21.591932] firmadyne: ioctl: 0xc0207223
[   21.594198] firmadyne: sys_socket[PID: 106 (klogd)]: family:1, type:1, protocol:0
[   21.596266] firmadyne: sys_socket[PID: 106 (klogd)]: family:1, type:2, protocol:0
sem_get: Key: 41110229
[   21.602879] firmadyne: ioctl: 0xc0207223
nvram_set: wan_ifname[   21.612431] firmadyne: sys_socket[PID: 106 (klogd)]: family:1, type:1, protocol:0
[   21.614312] firmadyne: ioctl: 0xc0207223
[   21.616575] firmadyne: ioctl: 0xc0207223
 = "eth0"
sem_get: Key: 41110229[   21.623031] firmadyne: ioctl: 0xc0207223
[   21.626344] firmadyne: sys_socket[PID: 106 (klogd)]: family:1, type:2, protocol:0

sem_get: Key: 41110229[   21.634770] firmadyne: ioctl: 0xc0207223
[   21.637326] firmadyne: ioctl: 0xc0207223
[   21.639483] firmadyne: sys_socket[PID: 106 (klogd)]: family:1, type:1, protocol:0
[   21.643856] firmadyne: ioctl: 0xc0207223
[   21.645794] firmadyne: sys_socket[PID: 106 (klogd)]: family:1, type:2, protocol:0

[   21.654437] firmadyne: ioctl: 0xc0207223
[   21.656548] firmadyne: ioctl: 0xc0207223
nvram_set: lan_ifnames = "eth1 eth2 eth3 eth4"
[   21.662416] firmadyne: sys_socket[PID: 106 (klogd)]: family:1, type:1, protocol:0
[   21.664903] firmadyne: sys_socket[PID: 106 (klogd)]: family:1, type:2, protocol:0
sem_get: Key: 41110229
[   21.670892] firmadyne: ioctl: 0xc0207223
[   21.673287] firmadyne: ioctl: 0xc0207223
sem_get: Key: 41110229[   21.680375] firmadyne: sys_socket[PID: 106 (klogd)]: family:1, type:1, protocol:0
[   21.683457] firmadyne: ioctl: 0xc0207223

nvram_set: [   21.690679] firmadyne: sys_socket[PID: 106 (klogd)]: family:1, type:2, protocol:0
[   21.694046] firmadyne: ioctl: 0xc0207223
[   21.696269] firmadyne: ioctl: 0xc0207223
ethConver = "1"
[   21.702914] firmadyne: sys_socket[PID: 106 (klogd)]: family:1, type:1, protocol:0
[   21.705049] firmadyne: sys_socket[PID: 106 (klogd)]: family:1, type:2, protocol:0
[   21.708306] firmadyne: ioctl: 0xc0207223
sem_get: Key: 41110229
[   21.714941] firmadyne: ioctl: 0xc0207223
[   21.717261] firmadyne: ioctl: 0xc0207223
sem_get: Key: 41110229
[   21.723940] firmadyne: sys_socket[PID: 106 (klogd)]: family:1, type:1, protocol:0
nvram_set: lan_proto = "dhcp[   21.731003] firmadyne: ioctl: 0xc0207223
[   21.732904] firmadyne: ioctl: 0xc0207223
[   21.734675] firmadyne: sys_socket[PID: 106 (klogd)]: family:1, type:2, protocol:0
[   21.738570] firmadyne: sys_socket[PID: 106 (klogd)]: family:1, type:1, protocol:0
[   21.740394] firmadyne: sys_socket[PID: 106 (klogd)]: family:1, type:2, protocol:0
"
sem_get: Key: 41110229
[   21.746844] firmadyne: ioctl: 0xc0207223
[   21.748740] firmadyne: ioctl: 0xc0207223
sem_get: Key: 41110229
[   21.755712] firmadyne: sys_socket[PID: 106 (klogd)]: family:1, type:1, protocol:0
[   21.759053] firmadyne: ioctl: 0xc0207223
[   21.761280] firmadyne: ioctl: 0xc0207223
nvram_set: wan_ipaddr = "[   21.766004] firmadyne: sys_socket[PID: 106 (klogd)]: family:1, type:2, protocol:0
[   21.770888] firmadyne: ioctl: 0xc0207223
[   21.772822] firmadyne: ioctl: 0xc0207223
0.0.0.0"
sem_get: Key: 41110229
[   21.778155] firmadyne: sys_socket[PID: 106 (klogd)]: family:1, type:1, protocol:0
[   21.780157] firmadyne: sys_socket[PID: 106 (klogd)]: family:1, type:2, protocol:0
[   21.783057] firmadyne: ioctl: 0xc0207223
[   21.785267] firmadyne: ioctl: 0xc0207223
sem_get: Key: 41110229
[   21.792130] firmadyne: sys_socket[PID: 106 (klogd)]: family:1, type:1, protocol:0
nvram_set: wan_netmask[   21.798932] firmadyne: ioctl: 0xc0207223
[   21.801324] firmadyne: ioctl: 0xc0207223
[   21.803085] firmadyne: sys_socket[PID: 106 (klogd)]: family:1, type:2, protocol:0
 = "255.255.255.0"
sem_get: Key: 41110229
[   21.810841] firmadyne: ioctl: 0xc0207223
[   21.812892] firmadyne: ioctl: 0xc0207223
[   21.815474] firmadyne: sys_socket[PID: 106 (klogd)]: family:1, type:1, protocol:0
sem_get: Key: 41110229
[   21.822860] firmadyne: ioctl: 0xc0207223
[   21.824768] firmadyne: ioctl: 0xc0207223
[   21.826274] firmadyne: sys_socket[PID: 106 (klogd)]: family:1, type:2, protocol:0
nvram_set: wanif = "eth0[   21.834454] firmadyne: sys_socket[PID: 106 (klogd)]: family:1, type:1, protocol:0
[   21.836434] firmadyne: sys_socket[PID: 106 (klogd)]: family:1, type:2, protocol:0
[   21.839237] firmadyne: ioctl: 0xc0207223
[   21.841285] firmadyne: ioctl: 0xc0207223
"
sem_get: Key: 41110229
[   21.848164] firmadyne: sys_socket[PID: 106 (klogd)]: family:1, type:1, protocol:0
[   21.851568] firmadyne: ioctl: 0xc0207223
sem_get: Key: 41110229
[   21.857907] firmadyne: ioctl: 0xc0207223
[   21.859950] firmadyne: ioctl: 0xc0207223
[   21.862128] firmadyne: sys_socket[PID: 106 (klogd)]: family:1, type:2, protocol:0
nvram_set: time_zone_x = "0"
[   21.870248] firmadyne: ioctl: 0xc0207223
[   21.872162] firmadyne: ioctl: 0xc0207223
[   21.873916] firmadyne: sys_socket[PID: 106 (klogd)]: family:1, type:1, protocol:0
[   21.875761] firmadyne: sys_socket[PID: 106 (klogd)]: family:1, type:2, protocol:0
sem_get: Key: 41110229
[   21.882759] firmadyne: ioctl: 0xc0207223
[   21.884672] firmadyne: ioctl: 0xc0207223
[   21.887851] firmadyne: sys_socket[PID: 106 (klogd)]: family:1, type:1, protocol:0
sem_get: Key: 41110229
[   21.894566] firmadyne: ioctl: 0xc0207223
[   21.896452] firmadyne: ioctl: 0xc0207223
[   21.899708] firmadyne: sys_socket[PID: 106 (klogd)]: family:1, type:2, protocol:0
nvram_set: rip_multicast = "0"
[   21.907678] firmadyne: sys_socket[PID: 106 (klogd)]: family:1, type:1, protocol:0
[   21.911350] firmadyne: ioctl: 0xc0207223
sem_get: Key: 41110229
[   21.917792] firmadyne: sys_socket[PID: 106 (klogd)]: family:1, type:2, protocol:0
[   21.921640] firmadyne: ioctl: 0xc0207223
[   21.923612] firmadyne: ioctl: 0xc0207223
sem_get: Key: 41110229
[   21.929686] firmadyne: sys_socket[PID: 106 (klogd)]: family:1, type:1, protocol:0
[   21.931729] firmadyne: sys_socket[PID: 106 (klogd)]: family:1, type:2, protocol:0
[   21.934149] firmadyne: ioctl: 0xc0207223
[   21.935994] firmadyne: ioctl: 0xc0207223
nvram_set: bs_trustedip_enable = "0"
sem_get: Key: 41110229[   21.942431] firmadyne: ioctl: 0xc0207223
[   21.944227] firmadyne: ioctl: 0xc0207223
[   21.947677] firmadyne: sys_socket[PID: 106 (klogd)]: family:1, type:1, protocol:0

sem_get: Key: 41110229
[   21.954811] firmadyne: ioctl: 0xc0207223
[   21.956567] firmadyne: ioctl: 0xc0207223
[   21.957902] firmadyne: sys_socket[PID: 106 (klogd)]: family:1, type:2, protocol:0
nvram_set: et0macaddr = "[   21.966688] firmadyne: ioctl: 0xc0207223
[   21.968571] firmadyne: ioctl: 0xc0207223
[   21.969918] firmadyne: sys_socket[PID: 106 (klogd)]: family:1, type:1, protocol:0
[   21.971710] firmadyne: sys_socket[PID: 106 (klogd)]: family:1, type:2, protocol:0
01:23:45:67:89:ab"
sem_get: Key: 41110229
[   21.979146] firmadyne: sys_socket[PID: 106 (klogd)]: family:1, type:1, protocol:0
[   21.980796] firmadyne: sys_socket[PID: 106 (klogd)]: family:1, type:2, protocol:0
[   21.983727] firmadyne: ioctl: 0xc0207223
sem_get: Key: 41110229
[   21.989989] firmadyne: ioctl: 0xc0207223
[   21.991815] firmadyne: ioctl: 0xc0207223
[   21.995561] firmadyne: sys_socket[PID: 106 (klogd)]: family:1, type:1, protocol:0
nvram_set: filter_rule_tbl = ""
sem_get[   22.002428] firmadyne: ioctl: 0xc0207223
[   22.004221] firmadyne: ioctl: 0xc0207223
[   22.005535] firmadyne: sys_socket[PID: 106 (klogd)]: family:1, type:2, protocol:0
[   22.008726] firmadyne: sys_socket[PID: 106 (klogd)]: family:1, type:1, protocol:0
: Key: 41110229
sem_get[   22.014597] firmadyne: ioctl: 0xc0207223
[   22.016502] firmadyne: ioctl: 0xc0207223
: Key: 41110229
nvram_set[   22.022132] firmadyne: sys_socket[PID: 106 (klogd)]: family:1, type:2, protocol:0
[   22.026611] firmadyne: ioctl: 0xc0207223
[   22.028370] firmadyne: ioctl: 0xc0207223
: pppoe2_schedule_config = "127:0:0:23:59"
sem_get: Key: 41110229
[   22.034134] firmadyne: sys_socket[PID: 106 (klogd)]: family:1, type:1, protocol:0
[   22.036096] firmadyne: sys_socket[PID: 106 (klogd)]: family:1, type:2, protocol:0
[   22.038924] firmadyne: ioctl: 0xc0207223
[   22.040880] firmadyne: ioctl: 0xc0207223
[   22.044098] firmadyne: sys_socket[PID: 106 (klogd)]: family:1, type:1, protocol:0
sem_get: Key: 41110229
[   22.050591] firmadyne: ioctl: 0xc0207223
[   22.052340] firmadyne: ioctl: 0xc0207223
[   22.054046] firmadyne: sys_socket[PID: 106 (klogd)]: family:1, type:2, protocol:0
nvram_set: schedule_config = "127:0:0:23:59"
[   22.062875] firmadyne: ioctl: 0xc0207223
[   22.064696] firmadyne: ioctl: 0xc0207223
[   22.066140] firmadyne: sys_socket[PID: 106 (klogd)]: family:1, type:1, protocol:0
[   22.067950] firmadyne: sys_socket[PID: 106 (klogd)]: family:1, type:2, protocol:0
sem_get: Key: 41110229
[   22.074778] firmadyne: ioctl: 0xc0207223
[   22.076619] firmadyne: ioctl: 0xc0207223
[   22.079886] firmadyne: sys_socket[PID: 106 (klogd)]: family:1, type:1, protocol:0
sem_get: Key: 41110229
[   22.086590] firmadyne: ioctl: 0xc0207223
[   22.088352] firmadyne: ioctl: 0xc0207223
[   22.089929] firmadyne: sys_socket[PID: 106 (klogd)]: family:1, type:2, protocol:0
nvram_set: access_control_mode = "0"
[   22.099812] firmadyne: ioctl: 0xc0207223
[   22.101661] firmadyne: sys_socket[PID: 106 (klogd)]: family:1, type:1, protocol:0
[   22.103542] firmadyne: sys_socket[PID: 106 (klogd)]: family:1, type:2, protocol:0
sem_get: Key: 41110229
sem_get[   22.111051] firmadyne: ioctl: 0xc0207223
[   22.113244] firmadyne: ioctl: 0xc0207223
[   22.115772] firmadyne: sys_socket[PID: 106 (klogd)]: family:1, type:1, protocol:0
: Key: 41110229
nvram_set[   22.122867] firmadyne: ioctl: 0xc0207223
[   22.124735] firmadyne: ioctl: 0xc0207223
[   22.126248] firmadyne: sys_socket[PID: 106 (klogd)]: family:1, type:2, protocol:0
: fwpt_df_count = "0"
sem_get: Key: 41110229
[   22.134900] firmadyne: ioctl: 0xc0207223
[   22.136690] firmadyne: ioctl: 0xc0207223
[   22.138222] firmadyne: sys_socket[PID: 106 (klogd)]: family:1, type:1, protocol:0
[   22.139937] firmadyne: sys_socket[PID: 106 (klogd)]: family:1, type:2, protocol:0
sem_get: Key: 41110229
[   22.146578] firmadyne: ioctl: 0xc0207223
[   22.148484] firmadyne: ioctl: 0xc0207223
[   22.151774] firmadyne: sys_socket[PID: 106 (klogd)]: family:1, type:1, protocol:0
nvram_set: static_if_status = "1[   22.158734] firmadyne: ioctl: 0xc0207223
[   22.160505] firmadyne: ioctl: 0xc0207223
[   22.162060] firmadyne: sys_socket[PID: 106 (klogd)]: family:1, type:2, protocol:0
"
sem_get: Key: 41110229
[   22.170708] firmadyne: ioctl: 0xc0207223
[   22.172459] firmadyne: ioctl: 0xc0207223
[   22.173720] firmadyne: sys_socket[PID: 106 (klogd)]: family:1, type:1, protocol:0
[   22.175473] firmadyne: sys_socket[PID: 106 (klogd)]: family:1, type:2, protocol:0
sem_get: Key: 41110229
[   22.182703] firmadyne: ioctl: 0xc0207223
[   22.184631] firmadyne: ioctl: 0xc0207223
[   22.187320] firmadyne: sys_socket[PID: 106 (klogd)]: family:1, type:1, protocol:0
[   22.189019] firmadyne: sys_socket[PID: 106 (klogd)]: family:1, type:2, protocol:0
nvram_set: www_relocation = ""
[   22.194657] firmadyne: ioctl: 0xc0207223
[   22.196540] firmadyne: ioctl: 0xc0207223
[   22.199767] firmadyne: sys_socket[PID: 106 (klogd)]: family:1, type:1, protocol:0
sem_get: Key: 41110229
sem_get[   22.206988] firmadyne: ioctl: 0xc0207223
[   22.208740] firmadyne: ioctl: 0xc0207223
[   22.210099] firmadyne: sys_socket[PID: 106 (klogd)]: family:1, type:2, protocol:0
: Key: 41110229
nvram_set[   22.218963] firmadyne: ioctl: 0xc0207223
[   22.220750] firmadyne: ioctl: 0xc0207223
[   22.222185] firmadyne: sys_socket[PID: 106 (klogd)]: family:1, type:1, protocol:0
[   22.223897] firmadyne: sys_socket[PID: 106 (klogd)]: family:1, type:2, protocol:0
: usb_info_dev0 = "A200396E0402FF83@1@14.4G@U@1@USB_Storage;U:;0;0@"
sem_get: Key: 41110229[   22.247151] firmadyne: ioctl: 0xc0207223
[   22.248929] firmadyne: ioctl: 0xc0207223

sem_get: Key: 41110229[   22.254825] firmadyne: ioctl: 0xc0207223
[   22.256579] firmadyne: ioctl: 0xc0207223

nvram_set: usb_info_dev1[   22.263021] firmadyne: ioctl: 0xc0207223
[   22.264768] firmadyne: ioctl: 0xc0207223
 = "A200396E0402FF83@1@14.4G@U@1@USB_Storage;U:;0;0@"
sem_get: Key: 41110229
[   22.270982] firmadyne: ioctl: 0xc0207223
[   22.272835] firmadyne: ioctl: 0xc0207223
sem_get: Key: 41110229
[   22.277881] firmadyne: sys_socket[PID: 106 (klogd)]: family:1, type:1, protocol:0
[   22.279654] firmadyne: sys_socket[PID: 106 (klogd)]: family:1, type:2, protocol:0
[   22.282850] firmadyne: ioctl: 0xc0207223
[   22.284606] firmadyne: ioctl: 0xc0207223
nvram_set: usb_info_dev2 = "A200396E0402FF83@1@14.4G@U@1@USB_Storage;U:;0;0@"
sem_get: Key: 41110229
[   22.295096] firmadyne: sys_socket[PID: 106 (klogd)]: family:1, type:1, protocol:0
[   22.296994] firmadyne: sys_socket[PID: 106 (klogd)]: family:1, type:2, protocol:0
[   22.301294] firmadyne: ioctl: 0xc0207223
[   22.303126] firmadyne: ioctl: 0xc0207223
[   22.304875] firmadyne: ioctl: 0xc0207223
sem_get: Key: 41110229
[   22.311810] firmadyne: sys_socket[PID: 106 (klogd)]: family:1, type:1, protocol:0
[   22.314767] firmadyne: ioctl: 0xc0207223
[   22.316543] firmadyne: ioctl: 0xc0207223
nvram_set: usb_info_dev3 = "A200396E0402FF83@1@14.4G@U@1@USB_Storage;U:;0;0@[   22.322459] firmadyne: sys_socket[PID: 106 (klogd)]: family:1, type:2, protocol:0
[   22.326629] firmadyne: ioctl: 0xc0207223
[   22.328384] firmadyne: ioctl: 0xc0207223
"
sem_get: Key: 41110229
[   22.333952] firmadyne: sys_socket[PID: 106 (klogd)]: family:1, type:1, protocol:0
[   22.335682] firmadyne: sys_socket[PID: 106 (klogd)]: family:1, type:2, protocol:0
[   22.338830] firmadyne: ioctl: 0xc0207223
[   22.340584] firmadyne: ioctl: 0xc0207223
sem_get: Key: 41110229
[   22.347365] firmadyne: sys_socket[PID: 106 (klogd)]: family:1, type:1, protocol:0
[   22.349051] firmadyne: sys_socket[PID: 106 (klogd)]: family:1, type:2, protocol:0
[   22.351825] firmadyne: ioctl: 0xc0207223
nvram_set: usb_info_dev4 = "A200396E0402FF83@1@14.4G@U@1@USB_Storage;U:;0;0@"
sem_get[   22.358363] firmadyne: ioctl: 0xc0207223
[   22.360237] firmadyne: ioctl: 0xc0207223
[   22.363828] firmadyne: sys_socket[PID: 106 (klogd)]: family:1, type:1, protocol:0
: Key: 41110229
sem_get: Key: 41110229[   22.370825] firmadyne: ioctl: 0xc0207223
[   22.372593] firmadyne: ioctl: 0xc0207223
[   22.374278] firmadyne: sys_socket[PID: 106 (klogd)]: family:1, type:2, protocol:0

nvram_set: usb_info_dev5[   22.382617] firmadyne: ioctl: 0xc0207223
[   22.384385] firmadyne: ioctl: 0xc0207223
[   22.385791] firmadyne: sys_socket[PID: 106 (klogd)]: family:1, type:1, protocol:0
[   22.387565] firmadyne: sys_socket[PID: 106 (klogd)]: family:1, type:2, protocol:0
 = "A200396E0402FF83@1@14.4G@U@1@USB_Storage;U:;0;0@"
sem_get: Key: 41110229
[   22.394523] firmadyne: ioctl: 0xc0207223
[   22.396276] firmadyne: ioctl: 0xc0207223
[   22.399192] firmadyne: sys_socket[PID: 106 (klogd)]: family:1, type:1, protocol:0
[   22.400906] firmadyne: sys_socket[PID: 106 (klogd)]: family:1, type:2, protocol:0
sem_get: Key: 41110229
[   22.407031] firmadyne: ioctl: 0xc0207223
[   22.408793] firmadyne: ioctl: 0xc0207223
[   22.412147] firmadyne: sys_socket[PID: 106 (klogd)]: family:1, type:1, protocol:0
nvram_set: usb_info_dev6 = "[   22.418845] firmadyne: ioctl: 0xc0207223
[   22.420620] firmadyne: ioctl: 0xc0207223
[   22.422524] firmadyne: sys_socket[PID: 106 (klogd)]: family:1, type:2, protocol:0
A200396E0402FF83@1@14.4G@U@1@USB_Storage;U:;0;0@"
sem_get: Key: 41110229
[   22.431108] firmadyne: ioctl: 0xc0207223
[   22.434483] firmadyne: sys_socket[PID: 106 (klogd)]: family:1, type:1, protocol:0
[   22.436491] firmadyne: sys_socket[PID: 106 (klogd)]: family:1, type:2, protocol:0
sem_get: Key: 41110229
[   22.441727] firmadyne: ioctl: 0xc0207223
[   22.443879] firmadyne: ioctl: 0xc0207223
[   22.448006] firmadyne: sys_socket[PID: 106 (klogd)]: family:1, type:1, protocol:0
nvram_set: usb_info_dev7[   22.454804] firmadyne: ioctl: 0xc0207223
[   22.456783] firmadyne: ioctl: 0xc0207223
[   22.458887] firmadyne: sys_socket[PID: 106 (klogd)]: family:1, type:2, protocol:0
 = "A200396E0402FF83@1@14.4G@U@1@USB_Storage;U:;0;0@"
sem_get: Key: 41110229
[   22.467092] firmadyne: ioctl: 0xc0207223
[   22.469260] firmadyne: ioctl: 0xc0207223
[   22.471518] firmadyne: sys_socket[PID: 106 (klogd)]: family:1, type:1, protocol:0
sem_get: Key: 41110229
[   22.478673] firmadyne: ioctl: 0xc0207223
[   22.480504] firmadyne: ioctl: 0xc0207223
[   22.481862] firmadyne: sys_socket[PID: 106 (klogd)]: family:1, type:2, protocol:0
nvram_set: usb_info_dev8 = "[   22.490547] firmadyne: ioctl: 0xc0207223
[   22.492323] firmadyne: ioctl: 0xc0207223
[   22.493607] firmadyne: sys_socket[PID: 106 (klogd)]: family:1, type:1, protocol:0
[   22.495471] firmadyne: sys_socket[PID: 106 (klogd)]: family:1, type:2, protocol:0
A200396E0402FF83@1@14.4G@U@1@USB_Storage;U:;0;0@"
sem_get: Key: [   22.503117] firmadyne: ioctl: 0xc0207223
[   22.504891] firmadyne: ioctl: 0xc0207223
[   22.507494] firmadyne: sys_socket[PID: 106 (klogd)]: family:1, type:1, protocol:0
41110229
sem_get: Key: 41110229[   22.514982] firmadyne: ioctl: 0xc0207223
[   22.516871] firmadyne: ioctl: 0xc0207223
[   22.518105] firmadyne: sys_socket[PID: 106 (klogd)]: family:1, type:2, protocol:0

nvram_set: usb_info_dev9[   22.526157] firmadyne: sys_socket[PID: 106 (klogd)]: family:1, type:1, protocol:0
[   22.528015] firmadyne: sys_socket[PID: 106 (klogd)]: family:1, type:2, protocol:0
[   22.530697] firmadyne: ioctl: 0xc0207223
[   22.532505] firmadyne: ioctl: 0xc0207223
 = "A200396E0402FF83@1@14.4G@U@1@USB_Storage;U:;0;0@"
sem_get: Key: 41110229
[   22.539723] firmadyne: sys_socket[PID: 106 (klogd)]: family:1, type:1, protocol:0
[   22.542817] firmadyne: ioctl: 0xc0207223
[   22.544567] firmadyne: ioctl: 0xc0207223
sem_get: Key: 41110229
[   22.549625] firmadyne: sys_socket[PID: 106 (klogd)]: family:1, type:2, protocol:0
[   22.552809] firmadyne: sys_socket[PID: 106 (klogd)]: family:1, type:1, protocol:0
[   22.555600] firmadyne: ioctl: 0xc0207223
nvram_set: usb_info_dev10 = "A200396E0402FF83@1@14.4G@U@1@USB_Storage;U:;0;0@[   22.562184] firmadyne: ioctl: 0xc0207223
[   22.563950] firmadyne: ioctl: 0xc0207223
[   22.566114] firmadyne: sys_socket[PID: 106 (klogd)]: family:1, type:2, protocol:0
"
sem_get: Key: 41110229
[   22.574230] firmadyne: ioctl: 0xc0207223
[   22.576042] firmadyne: ioctl: 0xc0207223
[   22.577837] firmadyne: sys_socket[PID: 106 (klogd)]: family:1, type:1, protocol:0
[   22.579620] firmadyne: sys_socket[PID: 106 (klogd)]: family:1, type:2, protocol:0
sem_get: Key: 41110229
[   22.586356] firmadyne: ioctl: 0xc0207223
[   22.588259] firmadyne: ioctl: 0xc0207223
nvram_set: usb_info_dev11 = "A200396E0402FF83@1@14.4G@U@1@USB_Storage;U:;0;0@"
[   22.595164] firmadyne: sys_socket[PID: 106 (klogd)]: family:1, type:1, protocol:0
[   22.596832] firmadyne: sys_socket[PID: 106 (klogd)]: family:1, type:2, protocol:0
[   22.599547] firmadyne: ioctl: 0xc0207223
sem_get: Key: 41110229
sem_get[   22.607955] firmadyne: sys_socket[PID: 106 (klogd)]: family:1, type:1, protocol:0
[   22.609712] firmadyne: ioctl: 0xc0207223
[   22.611518] firmadyne: ioctl: 0xc0207223
: Key: 41110229
nvram_set[   22.618066] firmadyne: sys_socket[PID: 106 (klogd)]: family:1, type:2, protocol:0
[   22.621562] firmadyne: ioctl: 0xc0207223
[   22.623367] firmadyne: ioctl: 0xc0207223
: usb_info_dev12 = "A200396E0402FF83@1@14.4G@U@1@USB_Storage;U:;0;0@"
sem_get: Key: 41110229[   22.629882] firmadyne: sys_socket[PID: 106 (klogd)]: family:1, type:1, protocol:0
[   22.631756] firmadyne: sys_socket[PID: 106 (klogd)]: family:1, type:2, protocol:0
[   22.633584] firmadyne: ioctl: 0xc0207223
[   22.635708] firmadyne: ioctl: 0xc0207223

sem_get: Key: 41110229[   22.644237] firmadyne: sys_socket[PID: 106 (klogd)]: family:1, type:1, protocol:0
[   22.646903] firmadyne: ioctl: 0xc0207223

nvram_set[   22.654343] firmadyne: sys_socket[PID: 106 (klogd)]: family:1, type:2, protocol:0
[   22.657557] firmadyne: ioctl: 0xc0207223
[   22.659839] firmadyne: ioctl: 0xc0207223
: usb_info_dev13 = "A200396E0402FF83@1@14.4G@U@1@USB_Storage;U:;0;0@"
sem_get: Key: [   22.667066] firmadyne: sys_socket[PID: 106 (klogd)]: family:1, type:1, protocol:0
[   22.670688] firmadyne: ioctl: 0xc0207223
[   22.672867] firmadyne: ioctl: 0xc0207223
[   22.674232] firmadyne: sys_socket[PID: 106 (klogd)]: family:1, type:2, protocol:0
41110229
sem_get: Key: [   22.683383] firmadyne: ioctl: 0xc0207223
[   22.687055] firmadyne: sys_socket[PID: 106 (klogd)]: family:1, type:1, protocol:0
41110229
[   22.693651] firmadyne: ioctl: 0xc0207223
[   22.695882] firmadyne: ioctl: 0xc0207223
[   22.699087] firmadyne: sys_socket[PID: 106 (klogd)]: family:1, type:2, protocol:0
nvram_set: usb_info_dev14 = "A200396E0402FF83@1@14.4G@U@1@USB_Storage;U:;0;0@"
[   22.707246] firmadyne: ioctl: 0xc0207223
[   22.711755] firmadyne: sys_socket[PID: 106 (klogd)]: family:1, type:1, protocol:0
sem_get: Key: 41110229
[   22.718290] firmadyne: ioctl: 0xc0207223
[   22.720504] firmadyne: ioctl: 0xc0207223
[   22.722528] firmadyne: sys_socket[PID: 106 (klogd)]: family:1, type:2, protocol:0
sem_get: Key: 41110229
[   22.731023] firmadyne: ioctl: 0xc0207223
[   22.735032] firmadyne: sys_socket[PID: 106 (klogd)]: family:1, type:1, protocol:0
nvram_set: usb_info_dev15[   22.742053] firmadyne: ioctl: 0xc0207223
[   22.744367] firmadyne: ioctl: 0xc0207223
[   22.746029] firmadyne: sys_socket[PID: 106 (klogd)]: family:1, type:2, protocol:0
 = "A200396E0402FF83@1@14.4G@U@1@USB_Storage;U:;0;0@"
sem_get: Key: 41110229[   22.755169] firmadyne: ioctl: 0xc0207223
[   22.758843] firmadyne: sys_socket[PID: 106 (klogd)]: family:1, type:1, protocol:0
[   22.761050] firmadyne: sys_socket[PID: 106 (klogd)]: family:1, type:2, protocol:0

[   22.765854] firmadyne: ioctl: 0xc0207223
[   22.768029] firmadyne: ioctl: 0xc0207223
sem_get: Key: 41110229
[   22.776143] firmadyne: sys_socket[PID: 106 (klogd)]: family:1, type:1, protocol:0
[   22.779095] firmadyne: ioctl: 0xc0207223
nvram_set: usb_info_dev16 = "A200396E0402FF83@1@14.4G@U@1@USB_Storage;U:;0;0@"
[   22.786317] firmadyne: sys_socket[PID: 106 (klogd)]: family:1, type:2, protocol:0
[   22.789687] firmadyne: ioctl: 0xc0207223
[   22.791854] firmadyne: ioctl: 0xc0207223
sem_get: Key: 41110229
sem_get[   22.798603] firmadyne: sys_socket[PID: 106 (klogd)]: family:1, type:1, protocol:0
[   22.800400] firmadyne: sys_socket[PID: 106 (klogd)]: family:1, type:2, protocol:0
[   22.802834] firmadyne: ioctl: 0xc0207223
[   22.804665] firmadyne: ioctl: 0xc0207223
: Key: 41110229
[   22.811618] firmadyne: sys_socket[PID: 106 (klogd)]: family:1, type:1, protocol:0
[   22.814736] firmadyne: ioctl: 0xc0207223
[   22.816504] firmadyne: ioctl: 0xc0207223
nvram_set: usb_info_dev17 = "A200396E0402FF83@1@14.4G@U@1@USB_Storage;U:;0;0@"
sem_get[   22.821837] firmadyne: sys_socket[PID: 106 (klogd)]: family:1, type:2, protocol:0
[   22.826721] firmadyne: ioctl: 0xc0207223
[   22.828489] firmadyne: ioctl: 0xc0207223
: Key: 41110229
sem_get: Key: 41110229[   22.833898] firmadyne: sys_socket[PID: 106 (klogd)]: family:1, type:1, protocol:0
[   22.835626] firmadyne: sys_socket[PID: 106 (klogd)]: family:1, type:2, protocol:0
[   22.838987] firmadyne: ioctl: 0xc0207223
[   22.840897] firmadyne: ioctl: 0xc0207223
[   22.843677] firmadyne: sys_socket[PID: 106 (klogd)]: family:1, type:1, protocol:0

nvram_set: usb_info_dev18[   22.850918] firmadyne: ioctl: 0xc0207223
[   22.852667] firmadyne: ioctl: 0xc0207223
[   22.854022] firmadyne: sys_socket[PID: 106 (klogd)]: family:1, type:2, protocol:0
 = "A200396E0402FF83@1@14.4G@U@1@USB_Storage;U:;0;0@"
sem_get: Key: 41110229
[   22.862883] firmadyne: ioctl: 0xc0207223
[   22.864651] firmadyne: ioctl: 0xc0207223
[   22.865898] firmadyne: sys_socket[PID: 106 (klogd)]: family:1, type:1, protocol:0
[   22.867622] firmadyne: sys_socket[PID: 106 (klogd)]: family:1, type:2, protocol:0
sem_get: Key: 41110229
[   22.874588] firmadyne: ioctl: 0xc0207223
[   22.876346] firmadyne: ioctl: 0xc0207223
[   22.879073] firmadyne: sys_socket[PID: 106 (klogd)]: family:1, type:1, protocol:0
[   22.880860] firmadyne: sys_socket[PID: 106 (klogd)]: family:1, type:2, protocol:0
nvram_set: usb_info_dev19 = "[   22.886490] firmadyne: ioctl: 0xc0207223
[   22.888325] firmadyne: ioctl: 0xc0207223
A200396E0402FF83@1@14.4G@U@1@USB_Storage;U:;0;0@"
sem_get: Key: 41110229
[   22.895733] firmadyne: sys_socket[PID: 106 (klogd)]: family:1, type:1, protocol:0
[   22.900256] firmadyne: ioctl: 0xc0207223
sem_get: Key: 41110229
[   22.906546] firmadyne: ioctl: 0xc0207223
[   22.908361] firmadyne: ioctl: 0xc0207223
[   22.909851] firmadyne: sys_socket[PID: 106 (klogd)]: family:1, type:2, protocol:0
nvram_set: usb_info_dev20 = "A200396E0402FF83@1@14.4G@U@1@USB_Storage;U:;0;0@"
[   22.917570] firmadyne: sys_socket[PID: 106 (klogd)]: family:1, type:1, protocol:0
[   22.919316] firmadyne: sys_socket[PID: 106 (klogd)]: family:1, type:2, protocol:0
[   22.922574] firmadyne: ioctl: 0xc0207223
[   22.924341] firmadyne: ioctl: 0xc0207223
sem_get: Key: 41110229
[   22.930999] firmadyne: sys_socket[PID: 106 (klogd)]: family:1, type:1, protocol:0
[   22.932683] firmadyne: sys_socket[PID: 106 (klogd)]: family:1, type:2, protocol:0
[   22.935623] firmadyne: ioctl: 0xc0207223
[   22.937899] firmadyne: ioctl: 0xc0207223
[   22.939962] firmadyne: ioctl: 0xc0207223
sem_get: Key: 41110229
[   22.947859] firmadyne: sys_socket[PID: 106 (klogd)]: family:1, type:1, protocol:0
[   22.950797] firmadyne: ioctl: 0xc0207223
[   22.952956] firmadyne: ioctl: 0xc0207223
nvram_set: usb_info_dev21 = "A200396E0402FF83@1@14.4G@U@1@USB_Storage;U:;0;0@[   22.958782] firmadyne: sys_socket[PID: 106 (klogd)]: family:1, type:2, protocol:0
"
sem_get: Key: 41110229
[   22.967232] firmadyne: ioctl: 0xc0207223
[   22.970928] firmadyne: sys_socket[PID: 106 (klogd)]: family:1, type:1, protocol:0
[   22.972810] firmadyne: sys_socket[PID: 106 (klogd)]: family:1, type:2, protocol:0
sem_get: Key: 41110229
[   22.978176] firmadyne: ioctl: 0xc0207223
[   22.980269] firmadyne: ioctl: 0xc0207223
[   22.983820] firmadyne: sys_socket[PID: 106 (klogd)]: family:1, type:1, protocol:0
nvram_set: usb_info_dev22[   22.991100] firmadyne: ioctl: 0xc0207223
[   22.994188] firmadyne: sys_socket[PID: 106 (klogd)]: family:1, type:2, protocol:0
 = "A200396E0402FF83@1@14.4G@U@1@USB_Storage;U:;0;0@"
sem_get: Key: 41110229
[   23.001503] firmadyne: ioctl: 0xc0207223
[   23.003495] firmadyne: ioctl: 0xc0207223
[   23.006378] firmadyne: sys_socket[PID: 106 (klogd)]: family:1, type:1, protocol:0
[   23.008263] firmadyne: sys_socket[PID: 106 (klogd)]: family:1, type:2, protocol:0
sem_get: Key: 41110229
[   23.014003] firmadyne: ioctl: 0xc0207223
[   23.016011] firmadyne: ioctl: 0xc0207223
[   23.020189] firmadyne: sys_socket[PID: 106 (klogd)]: family:1, type:1, protocol:0
[   23.023096] firmadyne: ioctl: 0xc0207223
nvram_set: usb_info_dev23[   23.030403] firmadyne: sys_socket[PID: 106 (klogd)]: family:1, type:2, protocol:0
[   23.033698] firmadyne: ioctl: 0xc0207223
[   23.035907] firmadyne: ioctl: 0xc0207223
 = "A200396E0402FF83@1@14.4G@U@1@USB_Storage;U:;0;0@"
sem_get: Key: 41110229
[   23.042645] firmadyne: sys_socket[PID: 106 (klogd)]: family:1, type:1, protocol:0
[   23.044690] firmadyne: sys_socket[PID: 106 (klogd)]: family:1, type:2, protocol:0
[   23.047649] firmadyne: ioctl: 0xc0207223
sem_get: Key: 41110229
[   23.054010] firmadyne: ioctl: 0xc0207223
[   23.056106] firmadyne: ioctl: 0xc0207223
[   23.059869] firmadyne: sys_socket[PID: 106 (klogd)]: family:1, type:1, protocol:0
nvram_set: usb_info_dev24 = "[   23.066579] firmadyne: ioctl: 0xc0207223
[   23.068340] firmadyne: ioctl: 0xc0207223
[   23.069955] firmadyne: sys_socket[PID: 106 (klogd)]: family:1, type:2, protocol:0
A200396E0402FF83@1@14.4G@U@1@USB_Storage;U:;0;0@"
sem_get: Key: 41110229
[   23.078865] firmadyne: ioctl: 0xc0207223
[   23.080631] firmadyne: ioctl: 0xc0207223
[   23.081871] firmadyne: sys_socket[PID: 106 (klogd)]: family:1, type:1, protocol:0
[   23.083613] firmadyne: sys_socket[PID: 106 (klogd)]: family:1, type:2, protocol:0
sem_get: Key: 41110229
[   23.090582] firmadyne: ioctl: 0xc0207223
[   23.092379] firmadyne: ioctl: 0xc0207223
nvram_set: usb_info_dev25 = "A200396E0402FF83@1@14.4G@U@1@USB_Storage;U:;0;0@[   23.101052] firmadyne: sys_socket[PID: 106 (klogd)]: family:1, type:1, protocol:0
[   23.103884] firmadyne: ioctl: 0xc0207223
[   23.106152] firmadyne: sys_socket[PID: 106 (klogd)]: family:1, type:2, protocol:0
"
sem_get: Key: 41110229
[   23.114249] firmadyne: ioctl: 0xc0207223
[   23.116018] firmadyne: ioctl: 0xc0207223
sem_get: Key: 41110229
[   23.122060] firmadyne: sys_socket[PID: 106 (klogd)]: family:1, type:1, protocol:0
[   23.123769] firmadyne: sys_socket[PID: 106 (klogd)]: family:1, type:2, protocol:0
[   23.126342] firmadyne: ioctl: 0xc0207223
[   23.128109] firmadyne: ioctl: 0xc0207223
nvram_set: usb_info_dev26 = "A200396E0402FF83@1@14.4G@U@1@USB_Storage;U:;0;0@"
[   23.135777] firmadyne: sys_socket[PID: 106 (klogd)]: family:1, type:1, protocol:0
[   23.138515] firmadyne: ioctl: 0xc0207223
[   23.140455] firmadyne: ioctl: 0xc0207223
sem_get: Key: 41110229
[   23.145927] firmadyne: sys_socket[PID: 106 (klogd)]: family:1, type:2, protocol:0
[   23.150827] firmadyne: ioctl: 0xc0207223
[   23.152665] firmadyne: ioctl: 0xc0207223
sem_get: Key: 41110229
[   23.157456] firmadyne: sys_socket[PID: 106 (klogd)]: family:1, type:1, protocol:0
[   23.159164] firmadyne: sys_socket[PID: 106 (klogd)]: family:1, type:2, protocol:0
[   23.162692] firmadyne: ioctl: 0xc0207223
[   23.164454] firmadyne: ioctl: 0xc0207223
nvram_set: usb_info_dev27 = "A200396E0402FF83@1@14.4G@U@1@USB_Storage;U:;0;0@"
sem_get[   23.170948] firmadyne: sys_socket[PID: 106 (klogd)]: family:1, type:1, protocol:0
[   23.172925] firmadyne: sys_socket[PID: 106 (klogd)]: family:1, type:2, protocol:0
[   23.175820] firmadyne: ioctl: 0xc0207223
: Key: 41110229
sem_get: Key: [   23.182497] firmadyne: ioctl: 0xc0207223
[   23.184402] firmadyne: ioctl: 0xc0207223
[   23.187917] firmadyne: sys_socket[PID: 106 (klogd)]: family:1, type:1, protocol:0
41110229
nvram_set[   23.194875] firmadyne: ioctl: 0xc0207223
[   23.196661] firmadyne: ioctl: 0xc0207223
[   23.198450] firmadyne: sys_socket[PID: 106 (klogd)]: family:1, type:2, protocol:0
: usb_info_dev28 = "A200396E0402FF83@1@14.4G@U@1@USB_Storage;U:;0;0@"
sem_get: Key: [   23.206327] firmadyne: sys_socket[PID: 106 (klogd)]: family:1, type:1, protocol:0
[   23.208197] firmadyne: sys_socket[PID: 106 (klogd)]: family:1, type:2, protocol:0
[   23.210943] firmadyne: ioctl: 0xc0207223
[   23.213309] firmadyne: ioctl: 0xc0207223
41110229
sem_get[   23.219981] firmadyne: sys_socket[PID: 106 (klogd)]: family:1, type:1, protocol:0
[   23.222832] firmadyne: ioctl: 0xc0207223
[   23.224597] firmadyne: ioctl: 0xc0207223
: Key: 41110229
[   23.230027] firmadyne: sys_socket[PID: 106 (klogd)]: family:1, type:2, protocol:0
[   23.234760] firmadyne: ioctl: 0xc0207223
[   23.236737] firmadyne: ioctl: 0xc0207223
nvram_set: usb_info_dev29 = "A200396E0402FF83@1@14.4G@U@1@USB_Storage;U:;0;0@"
[   23.241701] firmadyne: sys_socket[PID: 106 (klogd)]: family:1, type:1, protocol:0
[   23.243561] firmadyne: sys_socket[PID: 106 (klogd)]: family:1, type:2, protocol:0
[   23.247006] firmadyne: ioctl: 0xc0207223
[   23.248813] firmadyne: ioctl: 0xc0207223
sem_get: Key: 41110229
[   23.255367] firmadyne: sys_socket[PID: 106 (klogd)]: family:1, type:1, protocol:0
sem_get: Key: 41110229
[   23.262714] firmadyne: ioctl: 0xc0207223
[   23.264475] firmadyne: ioctl: 0xc0207223
[   23.265588] firmadyne: sys_socket[PID: 106 (klogd)]: family:1, type:2, protocol:0
[   23.268774] firmadyne: sys_socket[PID: 106 (klogd)]: family:1, type:1, protocol:0
nvram_set: usb_info_dev30 = "A200396E0402FF83@1@14.4G@U@1@USB_Storage;U:;0;0@"
[   23.275158] firmadyne: ioctl: 0xc0207223
[   23.277198] firmadyne: ioctl: 0xc0207223
sem_get: Key: 41110229
[   23.282036] firmadyne: sys_socket[PID: 106 (klogd)]: family:1, type:2, protocol:0
[   23.286635] firmadyne: ioctl: 0xc0207223
[   23.288393] firmadyne: ioctl: 0xc0207223
sem_get: Key: 41110229
[   23.293661] firmadyne: sys_socket[PID: 106 (klogd)]: family:1, type:1, protocol:0
[   23.295374] firmadyne: sys_socket[PID: 106 (klogd)]: family:1, type:2, protocol:0
[   23.300063] firmadyne: ioctl: 0xc0207223
nvram_set: usb_info_dev31 = "A200396E0402FF83@1@14.4G@U@1@USB_Storage;U:;0;0@"
sem_get: Key: [   23.306630] firmadyne: ioctl: 0xc0207223
[   23.308491] firmadyne: ioctl: 0xc0207223
[   23.311622] firmadyne: sys_socket[PID: 106 (klogd)]: family:1, type:1, protocol:0
41110229
sem_get: Key: 41110229[   23.318974] firmadyne: ioctl: 0xc0207223
[   23.320945] firmadyne: ioctl: 0xc0207223
[   23.322536] firmadyne: sys_socket[PID: 106 (klogd)]: family:1, type:2, protocol:0

nvram_set: [   23.330597] firmadyne: sys_socket[PID: 106 (klogd)]: family:1, type:1, protocol:0
[   23.332434] firmadyne: sys_socket[PID: 106 (klogd)]: family:1, type:2, protocol:0
[   23.335397] firmadyne: ioctl: 0xc0207223
[   23.337851] firmadyne: ioctl: 0xc0207223
[   23.339770] firmadyne: ioctl: 0xc0207223
usb_info_dev32 = "A200396E0402FF83@1@14.4G@U@1@USB_Storage;U:;0;0@"
sem_get: Key: 41110229
[   23.347844] firmadyne: sys_socket[PID: 106 (klogd)]: family:1, type:1, protocol:0
[   23.350086] firmadyne: ioctl: 0xc0207223
[   23.351988] firmadyne: ioctl: 0xc0207223
[   23.353938] firmadyne: sys_socket[PID: 106 (klogd)]: family:1, type:2, protocol:0
sem_get: Key: 41110229
[   23.362258] firmadyne: ioctl: 0xc0207223
[   23.364013] firmadyne: ioctl: 0xc0207223
[   23.365526] firmadyne: sys_socket[PID: 106 (klogd)]: family:1, type:1, protocol:0
[   23.367250] firmadyne: sys_socket[PID: 106 (klogd)]: family:1, type:2, protocol:0
nvram_set: usb_info_dev33 = "A200396E0402FF83@1@14.4G@U@1@USB_Storage;U:;0;0@[   23.374639] firmadyne: ioctl: 0xc0207223
[   23.376470] firmadyne: ioctl: 0xc0207223
[   23.379029] firmadyne: sys_socket[PID: 106 (klogd)]: family:1, type:1, protocol:0
[   23.380891] firmadyne: sys_socket[PID: 106 (klogd)]: family:1, type:2, protocol:0
"
sem_get: Key: 41110229
[   23.386568] firmadyne: ioctl: 0xc0207223
[   23.388318] firmadyne: ioctl: 0xc0207223
sem_get: Key: 41110229
[   23.395598] firmadyne: sys_socket[PID: 106 (klogd)]: family:1, type:1, protocol:0
[   23.398703] firmadyne: ioctl: 0xc0207223
[   23.400467] firmadyne: ioctl: 0xc0207223
nvram_set: usb_info_dev34 = "A200396E0402FF83@1@14.4G@U@1@USB_Storage;U:;0;0@[   23.405536] firmadyne: sys_socket[PID: 106 (klogd)]: family:1, type:2, protocol:0
[   23.410622] firmadyne: ioctl: 0xc0207223
[   23.412373] firmadyne: ioctl: 0xc0207223
"
sem_get: Key: 41110229
[   23.432286] firmadyne: ioctl: 0xc0207223
sem_get: Key: 41110229
[   23.438526] firmadyne: ioctl: 0xc0207223
[   23.440314] firmadyne: ioctl: 0xc0207223
nvram_set: usb_info_dev35 = "A200396E0402FF83@1@14.4G@U@1@USB_Storage;U:;0;0@"
sem_get[   23.446906] firmadyne: ioctl: 0xc0207223
[   23.448779] firmadyne: ioctl: 0xc0207223
: Key: 41110229
sem_get[   23.454989] firmadyne: ioctl: 0xc0207223
[   23.456778] firmadyne: ioctl: 0xc0207223
[   23.458242] firmadyne: sys_socket[PID: 106 (klogd)]: family:1, type:1, protocol:0
[   23.460093] firmadyne: sys_socket[PID: 106 (klogd)]: family:1, type:2, protocol:0
: Key: 41110229
[   23.466555] firmadyne: ioctl: 0xc0207223
[   23.468307] firmadyne: ioctl: 0xc0207223
[   23.471578] firmadyne: sys_socket[PID: 106 (klogd)]: family:1, type:1, protocol:0
nvram_set: usb_info_dev36 = "A200396E0402FF83@1@14.4G@U@1@USB_Storage;U:;0;0@"
sem_get[   23.478625] firmadyne: ioctl: 0xc0207223
[   23.480442] firmadyne: ioctl: 0xc0207223
[   23.481764] firmadyne: sys_socket[PID: 106 (klogd)]: family:1, type:2, protocol:0
[   23.484998] firmadyne: sys_socket[PID: 106 (klogd)]: family:1, type:1, protocol:0
: Key: 41110229
[   23.490567] firmadyne: ioctl: 0xc0207223
[   23.492357] firmadyne: ioctl: 0xc0207223
sem_get: Key: 41110229
[   23.499454] firmadyne: sys_socket[PID: 106 (klogd)]: family:1, type:2, protocol:0
[   23.502926] firmadyne: ioctl: 0xc0207223
[   23.504788] firmadyne: ioctl: 0xc0207223
nvram_set: usb_info_dev37 = "A200396E0402FF83@1@14.4G@U@1@USB_Storage;U:;0;0@"
[   23.511417] firmadyne: sys_socket[PID: 106 (klogd)]: family:1, type:1, protocol:0
sem_get: Key: 41110229
sem_get: Key: [   23.519090] firmadyne: ioctl: 0xc0207223
[   23.521220] firmadyne: ioctl: 0xc0207223
[   23.522152] firmadyne: sys_socket[PID: 106 (klogd)]: family:1, type:2, protocol:0
[   23.526109] firmadyne: sys_socket[PID: 106 (klogd)]: family:1, type:1, protocol:0
[   23.527987] firmadyne: sys_socket[PID: 106 (klogd)]: family:1, type:2, protocol:0
41110229
nvram_set[   23.535120] firmadyne: ioctl: 0xc0207223
[   23.536934] firmadyne: ioctl: 0xc0207223
[   23.540387] firmadyne: sys_socket[PID: 106 (klogd)]: family:1, type:1, protocol:0
: usb_info_dev38 = "A200396E0402FF83@1@14.4G@U@1@USB_Storage;U:;0;0@"
sem_get[   23.546716] firmadyne: ioctl: 0xc0207223
[   23.548672] firmadyne: ioctl: 0xc0207223
: Key: 41110229
sem_get: Key: [   23.554485] firmadyne: sys_socket[PID: 106 (klogd)]: family:1, type:2, protocol:0
[   23.558772] firmadyne: ioctl: 0xc0207223
[   23.560676] firmadyne: ioctl: 0xc0207223
[   23.562913] firmadyne: sys_socket[PID: 106 (klogd)]: family:1, type:1, protocol:0
[   23.564902] firmadyne: sys_socket[PID: 106 (klogd)]: family:1, type:2, protocol:0
41110229
[   23.570724] firmadyne: ioctl: 0xc0207223
[   23.572700] firmadyne: ioctl: 0xc0207223
nvram_set: usb_info_dev39 = "A200396E0402FF83@1@14.4G@U@1@USB_Storage;U:;0;0@"
[   23.580303] firmadyne: sys_socket[PID: 106 (klogd)]: family:1, type:1, protocol:0
[   23.583471] firmadyne: ioctl: 0xc0207223
sem_get: Key: 41110229
[   23.590197] firmadyne: sys_socket[PID: 106 (klogd)]: family:1, type:2, protocol:0
[   23.593572] firmadyne: ioctl: 0xc0207223
[   23.595443] firmadyne: ioctl: 0xc0207223
sem_get: Key: 41110229
[   23.601890] firmadyne: sys_socket[PID: 106 (klogd)]: family:1, type:1, protocol:0
[   23.603760] firmadyne: sys_socket[PID: 106 (klogd)]: family:1, type:2, protocol:0
[   23.605867] firmadyne: ioctl: 0xc0207223
[   23.607980] firmadyne: ioctl: 0xc0207223
nvram_set: usb_info_dev40 = "A200396E0402FF83@1@14.4G@U@1@USB_Storage;U:;0;0@"
sem_get[   23.615725] firmadyne: sys_socket[PID: 106 (klogd)]: family:1, type:1, protocol:0
[   23.618417] firmadyne: ioctl: 0xc0207223
[   23.620269] firmadyne: ioctl: 0xc0207223
: Key: 41110229
sem_get: Key: [   23.626266] firmadyne: sys_socket[PID: 106 (klogd)]: family:1, type:2, protocol:0
[   23.630823] firmadyne: ioctl: 0xc0207223
[   23.633318] firmadyne: ioctl: 0xc0207223
41110229
[   23.638083] firmadyne: sys_socket[PID: 106 (klogd)]: family:1, type:1, protocol:0
[   23.640184] firmadyne: sys_socket[PID: 106 (klogd)]: family:1, type:2, protocol:0
[   23.643553] firmadyne: ioctl: 0xc0207223
nvram_set: usb_info_dev41 = "A200396E0402FF83@1@14.4G@U@1@USB_Storage;U:;0;0@"
