[    0.000000] Linux version 4.1.17+ (alessio@pc) (gcc version 5.5.0 20171010 (Ubuntu 5.5.0-12ubuntu1) ) #1 Mon May 15 23:04:08 CEST 2023
[    0.000000] earlycon: Early serial console at I/O port 0x3f8 (options '38400n8')
[    0.000000] bootconsole [uart0] enabled
[    0.000000] CPU0 revision is: 00019300 (MIPS 24Kc)
[    0.000000] FPU revision is: 00739300
[    0.000000] Software DMA cache coherency enabled
[    0.000000] Determined physical RAM map:
[    0.000000]  memory: 00001000 @ 00000000 (reserved)
[    0.000000]  memory: 000ef000 @ 00001000 (ROM data)
[    0.000000]  memory: 00798000 @ 000f0000 (reserved)
[    0.000000]  memory: 0f777000 @ 00888000 (usable)
[    0.000000] debug: ignoring loglevel setting.
[    0.000000] Wasting 69888 bytes for tracking 2184 unused pages
[    0.000000] Initrd not found or empty - disabling initrd
[    0.000000] Zone ranges:
[    0.000000]   DMA      [mem 0x0000000000000000-0x0000000000ffffff]
[    0.000000]   Normal   [mem 0x0000000001000000-0x000000000fffefff]
[    0.000000] Movable zone start for each node
[    0.000000] Early memory node ranges
[    0.000000]   node   0: [mem 0x0000000000000000-0x000000000fffefff]
[    0.000000] Initmem setup node 0 [mem 0x0000000000000000-0x000000000fffefff]
[    0.000000] On node 0 totalpages: 65535
[    0.000000] free_area_init_node: node 0, pgdat 8081d5b0, node_mem_map 81000000
[    0.000000]   DMA zone: 32 pages used for memmap
[    0.000000]   DMA zone: 0 pages reserved
[    0.000000]   DMA zone: 4096 pages, LIFO batch:0
[    0.000000]   Normal zone: 480 pages used for memmap
[    0.000000]   Normal zone: 61439 pages, LIFO batch:15
[    0.000000] Primary instruction cache 2kB, VIPT, 2-way, linesize 16 bytes.
[    0.000000] Primary data cache 2kB, 2-way, VIPT, no aliases, linesize 16 bytes
[    0.000000] pcpu-alloc: s0 r0 d32768 u32768 alloc=1*32768
[    0.000000] pcpu-alloc: [0] 0 
[    0.000000] Built 1 zonelists in Zone order, mobility grouping on.  Total pages: 65023
[    0.000000] Kernel command line: root=/dev/sda1 console=ttyS0 nandsim.parts=64,64,64,64,64,64,64,64,64,64 rdinit=/firmadyne/preInit.sh rw debug ignore_loglevel print-fatal-signals=1 FIRMAE_NET=true FIRMAE_NVRAM=true FIRMAE_KERNEL=true FIRMAE_ETC=true user_debug=0 firmadyne.syscall=1 noka
[    0.000000] found FIRMAE_KERNEL=t
[    0.000000] set the LD_PRELOAD=/firmadyne/libnvram_ioctl.so
[    0.000000] PID hash table entries: 1024 (order: 0, 4096 bytes)
[    0.000000] Dentry cache hash table entries: 32768 (order: 5, 131072 bytes)
[    0.000000] Inode-cache hash table entries: 16384 (order: 4, 65536 bytes)
[    0.000000] Writing ErrCtl register=00000000
[    0.000000] Readback ErrCtl register=00000000
[    0.000000] Memory: 251112K/262140K available (5360K kernel code, 244K rwdata, 1676K rodata, 260K init, 158K bss, 11028K reserved, 0K cma-reserved)
[    0.000000] NR_IRQS:256
[    0.000000] CPU frequency 200.01 MHz
[    0.000000] clocksource MIPS: mask: 0xffffffff max_cycles: 0xffffffff, max_idle_ns: 19111876883 ns
[    0.000233] sched_clock: 32 bits at 100MHz, resolution 9ns, wraps every 21474019323ns
[    0.015760] Console: colour dummy device 80x25
[    0.016923] Calibrating delay loop... 23.64 BogoMIPS (lpj=47296)
[    0.077181] pid_max: default: 32768 minimum: 301
[    0.081845] Mount-cache hash table entries: 1024 (order: 0, 4096 bytes)
[    0.082401] Mountpoint-cache hash table entries: 1024 (order: 0, 4096 bytes)
[    0.161033] clocksource jiffies: mask: 0xffffffff max_cycles: 0xffffffff, max_idle_ns: 7645041785100000 ns
[    0.172878] NET: Registered protocol family 16
[    0.474419] clocksource pit: mask: 0xffffffff max_cycles: 0xffffffff, max_idle_ns: 1601818034827 ns
[    0.641266] vgaarb: loaded
[    0.647633] SCSI subsystem initialized
[    0.650183] libata version 3.00 loaded.
[    0.654995] usbcore: registered new interface driver usbfs
[    0.656684] usbcore: registered new interface driver hub
[    0.657863] usbcore: registered new device driver usb
[    0.660913] pps_core: LinuxPPS API ver. 1 registered
[    0.661340] pps_core: Software ver. 5.3.6 - Copyright 2005-2007 Rodolfo Giometti <giometti@linux.it>
[    0.662361] PTP clock support registered
[    0.667535] PCI host bridge to bus 0000:00
[    0.668511] pci_bus 0000:00: root bus resource [mem 0x10000000-0x17ffffff]
[    0.669172] pci_bus 0000:00: root bus resource [io  0x1000-0x1fffff]
[    0.669814] pci_bus 0000:00: root bus resource [??? 0x00000000 flags 0x0]
[    0.670425] pci_bus 0000:00: No busn resource found for root bus, will use [bus 00-ff]
[    0.671875] pci 0000:00:00.0: [11ab:4620] type 00 class 0x060000
[    0.673074] pci 0000:00:00.0: [Firmware Bug]: reg 0x14: invalid BAR (can't size)
[    0.673727] pci 0000:00:00.0: [Firmware Bug]: reg 0x18: invalid BAR (can't size)
[    0.674346] pci 0000:00:00.0: [Firmware Bug]: reg 0x1c: invalid BAR (can't size)
[    0.674972] pci 0000:00:00.0: [Firmware Bug]: reg 0x20: invalid BAR (can't size)
[    0.675598] pci 0000:00:00.0: [Firmware Bug]: reg 0x24: invalid BAR (can't size)
[    0.680020] pci 0000:00:0a.0: [8086:7110] type 00 class 0x060100
[    0.683888] pci 0000:00:0a.1: [8086:7111] type 00 class 0x010180
[    0.684740] pci 0000:00:0a.1: reg 0x20: [io  0x0000-0x000f]
[    0.685534] pci 0000:00:0a.1: legacy IDE quirk: reg 0x10: [io  0x01f0-0x01f7]
[    0.686150] pci 0000:00:0a.1: legacy IDE quirk: reg 0x14: [io  0x03f6]
[    0.686760] pci 0000:00:0a.1: legacy IDE quirk: reg 0x18: [io  0x0170-0x0177]
[    0.687365] pci 0000:00:0a.1: legacy IDE quirk: reg 0x1c: [io  0x0376]
[    0.690987] pci 0000:00:0a.2: [8086:7112] type 00 class 0x0c0300
[    0.691721] pci 0000:00:0a.2: reg 0x20: [io  0x0000-0x001f]
[    0.695300] pci 0000:00:0a.3: [8086:7113] type 00 class 0x068000
[    0.696831] pci 0000:00:0a.3: quirk: [io  0x1000-0x103f] claimed by PIIX4 ACPI
[    0.697733] pci 0000:00:0a.3: quirk: [io  0x1100-0x110f] claimed by PIIX4 SMB
[    0.701187] pci 0000:00:12.0: [1013:00b8] type 00 class 0x030000
[    0.702063] pci 0000:00:12.0: reg 0x10: [mem 0x00000000-0x01ffffff pref]
[    0.702697] pci 0000:00:12.0: reg 0x14: [mem 0x00000000-0x00000fff]
[    0.703416] pci 0000:00:12.0: reg 0x30: [mem 0x00000000-0x0000ffff pref]
[    0.706487] vgaarb: device added: PCI:0000:00:12.0,decodes=io+mem,owns=none,locks=none
[    0.707867] pci 0000:00:13.0: [8086:100e] type 00 class 0x020000
[    0.708527] pci 0000:00:13.0: reg 0x10: [mem 0x00000000-0x0001ffff]
[    0.709150] pci 0000:00:13.0: reg 0x14: [io  0x0000-0x003f]
[    0.709817] pci 0000:00:13.0: reg 0x30: [mem 0x00000000-0x0003ffff pref]
[    0.713351] pci 0000:00:14.0: [8086:100e] type 00 class 0x020000
[    0.714020] pci 0000:00:14.0: reg 0x10: [mem 0x00000000-0x0001ffff]
[    0.714795] pci 0000:00:14.0: reg 0x14: [io  0x0000-0x003f]
[    0.715465] pci 0000:00:14.0: reg 0x30: [mem 0x00000000-0x0003ffff pref]
[    0.719102] pci 0000:00:15.0: [8086:100e] type 00 class 0x020000
[    0.719755] pci 0000:00:15.0: reg 0x10: [mem 0x00000000-0x0001ffff]
[    0.720354] pci 0000:00:15.0: reg 0x14: [io  0x0000-0x003f]
[    0.721035] pci 0000:00:15.0: reg 0x30: [mem 0x00000000-0x0003ffff pref]
[    0.724530] pci 0000:00:16.0: [8086:100e] type 00 class 0x020000
[    0.725192] pci 0000:00:16.0: reg 0x10: [mem 0x00000000-0x0001ffff]
[    0.725794] pci 0000:00:16.0: reg 0x14: [io  0x0000-0x003f]
[    0.726468] pci 0000:00:16.0: reg 0x30: [mem 0x00000000-0x0003ffff pref]
[    0.730335] pci_bus 0000:00: busn_res: [bus 00-ff] end is updated to 00
[    0.732158] pci 0000:00:12.0: BAR 0: assigned [mem 0x10000000-0x11ffffff pref]
[    0.732993] pci 0000:00:13.0: BAR 6: assigned [mem 0x12000000-0x1203ffff pref]
[    0.733733] pci 0000:00:14.0: BAR 6: assigned [mem 0x12040000-0x1207ffff pref]
[    0.734421] pci 0000:00:15.0: BAR 6: assigned [mem 0x12080000-0x120bffff pref]
[    0.735118] pci 0000:00:16.0: BAR 6: assigned [mem 0x120c0000-0x120fffff pref]
[    0.736019] pci 0000:00:13.0: BAR 0: assigned [mem 0x12100000-0x1211ffff]
[    0.736730] pci 0000:00:14.0: BAR 0: assigned [mem 0x12120000-0x1213ffff]
[    0.737401] pci 0000:00:15.0: BAR 0: assigned [mem 0x12140000-0x1215ffff]
[    0.738095] pci 0000:00:16.0: BAR 0: assigned [mem 0x12160000-0x1217ffff]
[    0.738795] pci 0000:00:12.0: BAR 6: assigned [mem 0x12180000-0x1218ffff pref]
[    0.739483] pci 0000:00:12.0: BAR 1: assigned [mem 0x12190000-0x12190fff]
[    0.740348] pci 0000:00:13.0: BAR 1: assigned [io  0x1040-0x107f]
[    0.740977] pci 0000:00:14.0: BAR 1: assigned [io  0x1080-0x10bf]
[    0.741592] pci 0000:00:15.0: BAR 1: assigned [io  0x10c0-0x10ff]
[    0.742216] pci 0000:00:16.0: BAR 1: assigned [io  0x1400-0x143f]
[    0.742842] pci 0000:00:0a.2: BAR 4: assigned [io  0x1440-0x145f]
[    0.743462] pci 0000:00:0a.1: BAR 4: assigned [io  0x1460-0x146f]
[    0.765316] cfg80211: Calling CRDA to update world regulatory domain
[    0.780583] Switched to clocksource MIPS
[    0.909811] NET: Registered protocol family 2
[    0.923622] TCP established hash table entries: 2048 (order: 1, 8192 bytes)
[    0.925076] TCP bind hash table entries: 2048 (order: 1, 8192 bytes)
[    0.926280] TCP: Hash tables configured (established 2048 bind 2048)
[    0.927485] UDP hash table entries: 256 (order: 0, 4096 bytes)
[    0.928252] UDP-Lite hash table entries: 256 (order: 0, 4096 bytes)
[    0.933005] NET: Registered protocol family 1
[    0.934872] PCI: Enabling device 0000:00:0a.2 (0000 -> 0001)
[    0.936767] PCI: CLS 0 bytes, default 16
[    0.972892] futex hash table entries: 256 (order: -1, 3072 bytes)
[    0.992713] squashfs: version 4.0 (2009/01/31) Phillip Lougher
[    0.995937] jffs2: version 2.2. (NAND) Â© 2001-2006 Red Hat, Inc.
[    1.000450] romfs: ROMFS MTD (C) 2007 Red Hat, Inc.
[    1.038105] Block layer SCSI generic (bsg) driver version 0.4 loaded (major 251)
[    1.038976] io scheduler noop registered
[    1.039876] io scheduler cfq registered (default)
[    1.041474] firmadyne: devfs: 1, execute: 1, procfs: 1, syscall: 1
[    1.048434] firmadyne: Cannot register character device: gpio, 0xfc, 0x0!
[    1.068474] firmadyne: Cannot register character device: watchdog, 0xa, 0x82!
[    1.069242] firmadyne: Cannot register character device: wdt, 0xfd, 0x0!
[    3.027112] strName = 4.1.17+
[    3.027112] init_task_addr  = 2155778944
[    3.027112] init_task_size  = 1296
[    3.027112] ts_tasks        = 292
[    3.027112] ts_pid          = 408
[    3.027112] ts_tgid         = 412
[    3.027112] ts_group_leader = 440
[    3.027112] ts_thread_group = 496
[    3.027112] ts_real_parent  = 416
[    3.027112] ts_mm           = 300
[    3.027112] ts_stack        = 4
[    3.029983] module_name   = 12
[    3.029983] module_size   = 208
[    3.029983] module_init   = 200
[    3.029983] module_list   = 4
[    3.030995] ts_real_cred    = 624
[    3.030995] ts_cred         = 628
[    3.030995] ts_comm         = 632
[    3.030995] cred_uid        = 4
[    3.030995] cred_gid        = 8
[    3.030995] cred_euid       = 20
[    3.030995] cred_egid       = 24
[    3.032797] mm_mmap         = 0
[    3.032797] mm_pgd          = 32
[    3.032797] mm_arg_start    = 136
[    3.032797] mm_start_brk    = 124
[    3.032797] mm_brk          = 128
[    3.032797] mm_start_stack  = 132
[    3.034241] vma_vm_start    = 0
[    3.034241] vma_vm_end      = 4
[    3.034241] vma_vm_next     = 8
[    3.034241] vma_vm_file     = 80
[    3.034241] vma_vm_flags    = 40
[    3.034241] vma_vm_pgoff    = 76
[    3.035674] file_dentry     = 12
[    3.035674] file_inode      = 40
[    3.035674] dentry_d_name   = 24
[    3.035674] dentry_d_iname  = 44
[    3.035674] dentry_d_parent = 16
[    3.035674] ti_task         = 0
[    3.035674] inode_ino   = 28
[    4.266813] proc_fork_connector  = 2151078840
[    4.267265] proc_exit_connector  = 2151080432
[    4.267619] proc_exec_connector  = 2151079052
[    4.267972] vma_link  = 2149124372
[    4.268268] vma_adjust  = 2149124540
[    4.268765] remove_vma  = 2149122188
[    4.269071] modules  = 2155833724
[    4.269369] trim_init_extable  = 2150545316
[    4.270811] cfg80211: Calling CRDA to update world regulatory domain
[    4.274753] PCI: Enabling device 0000:00:12.0 (0000 -> 0002)
[    4.276308] cirrusfb 0000:00:12.0: Cirrus Logic chipset on PCI bus, RAM (4096 kB) at 0x10000000
[    4.546234] Console: switching to colour frame buffer device 80x30
[    4.626536] Serial: 8250/16550 driver, 4 ports, IRQ sharing enabled
[    4.642862] console [ttyS0] disabled
[    4.671117] serial8250.0: ttyS0 at I/O 0x3f8 (irq = 4, base_baud = 115200) is a 16550A
[    4.672438] console [ttyS0] enabled
[    4.672438] console [ttyS0] enabled
[    4.673243] bootconsole [uart0] disabled
[    4.673243] bootconsole [uart0] disabled
[    4.706481] serial8250.0: ttyS1 at I/O 0x2f8 (irq = 3, base_baud = 115200) is a 16550A
[    4.846100] brd: module loaded
[    4.923182] loop: module loaded
[    4.931185] ata_piix 0000:00:0a.1: version 2.13
[    4.931849] PCI: Enabling device 0000:00:0a.1 (0000 -> 0001)
[    4.962816] scsi host0: ata_piix
[    4.977511] scsi host1: ata_piix
[    4.981953] ata1: PATA max UDMA/33 cmd 0x1f0 ctl 0x3f6 bmdma 0x1460 irq 14
[    4.982553] ata2: PATA max UDMA/33 cmd 0x170 ctl 0x376 bmdma 0x1468 irq 15
[    4.990411] [nandsim] warning: read_byte: unexpected data output cycle, state is STATE_READY return 0x0
[    4.991111] [nandsim] warning: read_byte: unexpected data output cycle, state is STATE_READY return 0x0
[    4.991774] [nandsim] warning: read_byte: unexpected data output cycle, state is STATE_READY return 0x0
[    4.992453] [nandsim] warning: read_byte: unexpected data output cycle, state is STATE_READY return 0x0
[    4.993263] [nandsim] warning: read_byte: unexpected data output cycle, state is STATE_READY return 0x0
[    4.993923] [nandsim] warning: read_byte: unexpected data output cycle, state is STATE_READY return 0x0
[    4.994789] nand: device found, Manufacturer ID: 0x98, Chip ID: 0x39
[    4.995284] nand: Toshiba NAND 128MiB 1,8V 8-bit
[    4.995752] nand: 128 MiB, SLC, erase size: 16 KiB, page size: 512, OOB size: 16
[    4.997824] flash size: 128 MiB
[    4.998133] page size: 512 bytes
[    4.998437] OOB area size: 16 bytes
[    4.998749] sector size: 16 KiB
[    4.999051] pages number: 262144
[    4.999346] pages per sector: 32
[    4.999641] bus width: 8
[    4.999907] bits in sector size: 14
[    5.000214] bits in page size: 9
[    5.000700] bits in OOB size: 4
[    5.001006] flash size with OOB: 135168 KiB
[    5.001346] page address bytes: 4
[    5.001655] sector address bytes: 3
[    5.001965] options: 0x42
[    5.099509] Scanning device for bad blocks
[    6.534901] ata2.01: NODEV after polling detection
[    6.535831] ata1.01: NODEV after polling detection
[    6.539580] ata2.00: ATAPI: QEMU DVD-ROM, 2.5+, max UDMA/100
[    6.545389] ata1.00: ATA-7: QEMU HARDDISK, 2.5+, max UDMA/100
[    6.545967] ata1.00: 2097152 sectors, multi 16: LBA48 
[    6.548317] ata2.00: configured for UDMA/33
[    6.550916] ata1.00: configured for UDMA/33
[    6.560852] scsi 0:0:0:0: Direct-Access     ATA      QEMU HARDDISK    2.5+ PQ: 0 ANSI: 5
[    6.579574] sd 0:0:0:0: [sda] 2097152 512-byte logical blocks: (1.07 GB/1.00 GiB)
[    6.581999] scsi 1:0:0:0: CD-ROM            QEMU     QEMU DVD-ROM     2.5+ PQ: 0 ANSI: 5
[    6.596885] sd 0:0:0:0: [sda] Write Protect is off
[    6.597521] sd 0:0:0:0: [sda] Mode Sense: 00 3a 00 00
[    6.599320] sd 0:0:0:0: [sda] Write cache: enabled, read cache: enabled, doesn't support DPO or FUA
[    6.613236] spurious 8259A interrupt: IRQ7.
[    6.613963]  sda: sda1
[    6.628295] sd 0:0:0:0: [sda] Attached SCSI disk
[    6.629179] Creating 11 MTD partitions on "NAND 128MiB 1,8V 8-bit":
[    6.629975] 0x000000000000-0x000000100000 : "NAND simulator partition 0"
[    6.643037] 0x000000100000-0x000000200000 : "NAND simulator partition 1"
[    6.655549] 0x000000200000-0x000000300000 : "NAND simulator partition 2"
[    6.669005] 0x000000300000-0x000000400000 : "NAND simulator partition 3"
[    6.682918] 0x000000400000-0x000000500000 : "NAND simulator partition 4"
[    6.696162] 0x000000500000-0x000000600000 : "NAND simulator partition 5"
[    6.710448] 0x000000600000-0x000000700000 : "NAND simulator partition 6"
[    6.726310] 0x000000700000-0x000000800000 : "NAND simulator partition 7"
[    6.742742] 0x000000800000-0x000000900000 : "NAND simulator partition 8"
[    6.756393] 0x000000900000-0x000000a00000 : "NAND simulator partition 9"
[    6.769925] 0x000000a00000-0x000008000000 : "NAND simulator partition 10"
[    6.825997] tun: Universal TUN/TAP device driver, 1.6
[    6.826440] tun: (C) 1999-2004 Max Krasnyansky <maxk@qualcomm.com>
[    6.830705] pcnet32: pcnet32.c:v1.35 21.Apr.2008 tsbogend@alpha.franken.de
[    6.832216] e1000: Intel(R) PRO/1000 Network Driver - version 7.3.21-k8-NAPI
[    6.832940] e1000: Copyright (c) 1999-2006 Intel Corporation.
[    6.834076] PCI: Enabling device 0000:00:13.0 (0000 -> 0003)
[    7.169482] e1000 0000:00:13.0 eth0: (PCI:33MHz:32-bit) 52:54:00:12:34:56
[    7.170365] e1000 0000:00:13.0 eth0: Intel(R) PRO/1000 Network Connection
[    7.171270] PCI: Enabling device 0000:00:14.0 (0000 -> 0003)
[    7.446447] cfg80211: Calling CRDA to update world regulatory domain
[    7.499157] e1000 0000:00:14.0 eth1: (PCI:33MHz:32-bit) 52:54:00:12:34:57
[    7.499873] e1000 0000:00:14.0 eth1: Intel(R) PRO/1000 Network Connection
[    7.500957] PCI: Enabling device 0000:00:15.0 (0000 -> 0003)
[    7.833397] e1000 0000:00:15.0 eth2: (PCI:33MHz:32-bit) 52:54:00:12:34:58
[    7.834304] e1000 0000:00:15.0 eth2: Intel(R) PRO/1000 Network Connection
[    7.835396] PCI: Enabling device 0000:00:16.0 (0000 -> 0003)
[    8.180108] e1000 0000:00:16.0 eth3: (PCI:33MHz:32-bit) 52:54:00:12:34:59
[    8.181104] e1000 0000:00:16.0 eth3: Intel(R) PRO/1000 Network Connection
[    8.182979] e1000e: Intel(R) PRO/1000 Network Driver - 2.3.2-k
[    8.183537] e1000e: Copyright(c) 1999 - 2014 Intel Corporation.
[    8.190110] PPP generic driver version 2.4.2
[    8.193302] PPP Deflate Compression module registered
[    8.194216] PPP MPPE Compression module registered
[    8.194810] NET: Registered protocol family 24
[    8.195817] ehci_hcd: USB 2.0 'Enhanced' Host Controller (EHCI) Driver
[    8.196757] ehci-pci: EHCI PCI platform driver
[    8.198333] ohci_hcd: USB 1.1 'Open' Host Controller (OHCI) Driver
[    8.198980] ohci-pci: OHCI PCI platform driver
[    8.200442] uhci_hcd: USB Universal Host Controller Interface driver
[    8.202759] uhci_hcd 0000:00:0a.2: UHCI Host Controller
[    8.203800] uhci_hcd 0000:00:0a.2: new USB bus registered, assigned bus number 1
[    8.205379] uhci_hcd 0000:00:0a.2: irq 11, io base 0x00001440
[    8.220157] hub 1-0:1.0: USB hub found
[    8.221328] hub 1-0:1.0: 2 ports detected
[    8.233650] usbcore: registered new interface driver usb-storage
[    8.239339] mousedev: PS/2 mouse device common for all mice
[    8.247757] rtc_cmos rtc_cmos: rtc core: registered rtc_cmos as rtc0
[    8.248926] rtc_cmos rtc_cmos: alarms up to one day, 242 bytes nvram
[    8.250854] i2c /dev entries driver
[    8.252561] piix4_smbus 0000:00:0a.3: SMBus Host Controller at 0x1100, revision 0
[    8.259003] sdhci: Secure Digital Host Controller Interface driver
[    8.259527] sdhci: Copyright(c) Pierre Ossman
[    8.262816] hidraw: raw HID events driver (C) Jiri Kosina
[    8.288113] usbcore: registered new interface driver usbhid
[    8.288776] usbhid: USB HID core driver
[    8.290230] Netfilter messages via NETLINK v0.30.
[    8.291996] nf_conntrack version 0.5.0 (3923 buckets, 15692 max)
[    8.296726] ctnetlink v0.93: registering with nfnetlink.
[    8.304381] ipip: IPv4 over IPv4 tunneling driver
[    8.321093] ip_tables: (C) 2000-2006 Netfilter Core Team
[    8.325453] arp_tables: (C) 2002 David S. Miller
[    8.327875] Initializing XFRM netlink socket
[    8.329615] NET: Registered protocol family 10
[    8.359789] ip6_tables: (C) 2000-2006 Netfilter Core Team
[    8.364953] sit: IPv6 over IPv4 tunneling driver
[    8.387340] NET: Registered protocol family 17
[    8.388701] bridge: automatic filtering via arp/ip/ip6tables has been deprecated. Update your scripts to load br_netfilter if you need this.
[    8.390143] Bridge firewalling registered
[    8.390668] Ebtables v2.0 registered
[    8.393619] 8021q: 802.1Q VLAN Support v1.8
[    8.421328] rtc_cmos rtc_cmos: setting system clock to 2026-01-10 21:53:13 UTC (1768081993)
[    8.447644] EXT2-fs (sda1): warning: mounting unchecked fs, running e2fsck is recommended
[    8.450342] VFS: Mounted root (ext2 filesystem) on device 8:1.
[    8.461990] Freeing YAMON memory: 956k freed
[    8.476187] Freeing unused kernel memory: 260K (8081f000 - 80860000)
[    8.623931] firmadyne: sys_reboot[PID: 48 (init)]: magic1:fee1dead, magic2:28121969, cmd:0
init started:  BusyBox v1.00 (2011.02.24-08:49+0000) multi-call binary
init started:  BusyBox v1.00 (2011.02.24-08:49+0000) multi-call binary
Starting pid 50, console /dev/ttyS0: '/usr/etc/rcS'
[    9.006217] firmadyne: do_execve: /firmadyne/console
[    9.007191] OFFSETS: offset of pid: 0x198 offset of comm: 0x278
mount: Mounting devpts on /dev/pts failed: No such file or directory
[   10.588994] cfg80211: Calling CRDA to update world regulatory domain
[   11.432953] random: nonblocking pool is initialized
mknod: /dev/sc_led: File exists
insmod: cannot open module `/lib/modules/ipt_string.ko': No such file or directory
[   13.116745] firmadyne: ioctl: 0x1
[   13.734617] cfg80211: Calling CRDA to update world regulatory domain
[   14.371320] firmadyne: sys_socket[PID: 92 (brctl)]: family:2, type:2, protocol:0
[   14.457481] firmadyne: sys_socket[PID: 93 (brctl)]: family:2, type:2, protocol:0
[   14.536933] firmadyne: sys_socket[PID: 94 (ifconfig)]: family:2, type:1, protocol:0
[   14.540081] firmadyne: __inet_insert_ifa[PID: 94 (ifconfig)]: device:eth0 ifa:0x00000000
[   14.554759] IPv6: ADDRCONF(NETDEV_UP): eth0: link is not ready
[   14.555473] 8021q: adding VLAN 0 to HW filter on device eth0
[   14.561781] e1000: eth0 NIC Link is Up 1000 Mbps Full Duplex, Flow Control: RX
[   14.563980] IPv6: ADDRCONF(NETDEV_CHANGE): eth0: link becomes ready
[   14.650460] firmadyne: sys_socket[PID: 95 (brctl)]: family:2, type:2, protocol:0
[   14.652050] firmadyne: sys_socket[PID: 95 (brctl)]: family:10, type:1, protocol:0
[   14.654934] firmadyne: br_add_if[PID: 95 (brctl)]: br:br0 dev:eth0
[   14.662759] device eth0 entered promiscuous mode
[   16.881031] cfg80211: Calling CRDA to update world regulatory domain
killall: dsl_cpe_control: no process killed
[   17.663484] firmadyne: ioctl: 0xc0a47204
[   17.721896] firmadyne: sys_socket[PID: 104 (ifconfig)]: family:2, type:1, protocol:0
[   17.724594] firmadyne: __inet_insert_ifa[PID: 104 (ifconfig)]: device:lo ifa:0x7f000001
[   17.733838] firmadyne: __inet_insert_ifa[PID: 104 (ifconfig)]: device:lo ifa:0x7f000001
[   17.899142] firmadyne: sys_socket[PID: 105 (route)]: family:2, type:1, protocol:0
[   18.154453] firmadyne: sys_socket[PID: 106 (klogd)]: family:1, type:1, protocol:0
[   18.161517] firmadyne: sys_socket[PID: 106 (klogd)]: family:1, type:2, protocol:0
[   18.171791] firmadyne: sys_socket[PID: 106 (klogd)]: family:1, type:1, protocol:0
[   18.181604] firmadyne: sys_socket[PID: 106 (klogd)]: family:1, type:2, protocol:0
[   18.189219] firmadyne: sys_socket[PID: 106 (klogd)]: family:1, type:1, protocol:0
[   18.190982] firmadyne: sys_socket[PID: 106 (klogd)]: family:1, type:2, protocol:0
[   18.198571] firmadyne: sys_socket[PID: 106 (klogd)]: family:1, type:1, protocol:0
[   18.200291] firmadyne: sys_socket[PID: 106 (klogd)]: family:1, type:2, protocol:0
[   18.203590] firmadyne: sys_socket[PID: 102 (dsl_cpe_control)]: family:2, type:2, protocol:0
[   18.205145] firmadyne: sys_setsockopt[PID: 102 (dsl_cpe_control)]: fd:4, level:65535, optname:8
[   18.206420] firmadyne: sys_setsockopt[PID: 102 (dsl_cpe_control)]: fd:4, level:65535, optname:4097
[   18.207640] firmadyne: sys_setsockopt[PID: 102 (dsl_cpe_control)]: fd:4, level:65535, optname:4098
[   18.211283] firmadyne: sys_socket[PID: 106 (klogd)]: family:1, type:1, protocol:0
[   18.213460] firmadyne: sys_socket[PID: 106 (klogd)]: family:1, type:2, protocol:0
[   18.217028] firmadyne: sys_setsockopt[PID: 102 (dsl_cpe_control)]: fd:4, level:6, optname:1
[   18.218366] firmadyne: inet_bind[PID: 102 (dsl_cpe_control)]: proto:SOCK_STREAM, port:8080
[   18.221011] firmadyne: sys_socket[PID: 106 (klogd)]: family:1, type:1, protocol:0
[   18.222739] firmadyne: sys_socket[PID: 106 (klogd)]: family:1, type:2, protocol:0
[   18.229209] firmadyne: sys_socket[PID: 106 (klogd)]: family:1, type:1, protocol:0
[   18.230912] firmadyne: sys_socket[PID: 106 (klogd)]: family:1, type:2, protocol:0
[   18.237638] firmadyne: ioctl: 0xc00c7224
[   18.238314] firmadyne: ioctl: 0xc00c721d
[   18.238932] firmadyne: ioctl: 0xc00c721d
[   18.239518] firmadyne: ioctl: 0xc00c721d
[   18.240114] firmadyne: ioctl: 0xc00c721d
[   18.242813] firmadyne: sys_socket[PID: 106 (klogd)]: family:1, type:1, protocol:0
[   18.244526] firmadyne: sys_socket[PID: 106 (klogd)]: family:1, type:2, protocol:0
[   18.247291] firmadyne: ioctl: 0xc00c721d
[   18.247910] firmadyne: ioctl: 0xc00c721d
[   18.248743] firmadyne: ioctl: 0xc00c721d
[   18.249344] firmadyne: ioctl: 0xc00c721d
[   18.249934] firmadyne: ioctl: 0xc00c721d
[   18.250527] firmadyne: ioctl: 0xc00c721d
[   18.251117] firmadyne: ioctl: 0xc00c721d
[   18.251711] firmadyne: ioctl: 0xc00c721d
[   18.252302] firmadyne: ioctl: 0xc00c721d
[   18.255457] firmadyne: sys_socket[PID: 106 (klogd)]: family:1, type:1, protocol:0
[   18.257125] firmadyne: ioctl: 0xc00c721d
[   18.257736] firmadyne: ioctl: 0xc00c721d
[   18.258328] firmadyne: ioctl: 0xc00c721d
[   18.258914] firmadyne: ioctl: 0xc00c721d
[   18.262403] firmadyne: sys_socket[PID: 106 (klogd)]: family:1, type:2, protocol:0
[   18.268879] firmadyne: ioctl: 0xc0207223
[   18.271877] firmadyne: ioctl: 0xc0207223
[   18.273952] firmadyne: sys_socket[PID: 106 (klogd)]: family:1, type:1, protocol:0
[   18.275662] firmadyne: sys_socket[PID: 106 (klogd)]: family:1, type:2, protocol:0
[   18.283707] firmadyne: ioctl: 0xc0207223
[   18.285255] firmadyne: ioctl: 0xc0207223
[   18.286530] firmadyne: ioctl: 0xc0207223
[   18.287810] firmadyne: ioctl: 0xc0207223
[   18.291117] firmadyne: sys_socket[PID: 106 (klogd)]: family:1, type:1, protocol:0
[   18.301265] firmadyne: sys_socket[PID: 106 (klogd)]: family:1, type:2, protocol:0
[   18.304511] firmadyne: sys_socket[PID: 106 (klogd)]: family:1, type:1, protocol:0
[   18.307833] firmadyne: ioctl: 0xc0207223
[   18.309395] firmadyne: ioctl: 0xc0207223
[   18.310651] firmadyne: ioctl: 0xc0207223
[   18.311903] firmadyne: ioctl: 0xc0207223
[   18.317814] firmadyne: sys_socket[PID: 106 (klogd)]: family:1, type:2, protocol:0
[   18.321622] firmadyne: ioctl: 0xc0207223
[   18.322914] firmadyne: ioctl: 0xc0207223
[   18.324162] firmadyne: ioctl: 0xc0207223
[   18.329309] firmadyne: sys_socket[PID: 106 (klogd)]: family:1, type:1, protocol:0
[   18.331019] firmadyne: sys_socket[PID: 106 (klogd)]: family:1, type:2, protocol:0
[   18.333773] firmadyne: ioctl: 0xc0207223
[   18.335050] firmadyne: ioctl: 0xc0207223
[   18.336293] firmadyne: ioctl: 0xc0207223
[   18.342461] firmadyne: sys_socket[PID: 106 (klogd)]: family:1, type:1, protocol:0
[   18.344126] firmadyne: sys_socket[PID: 106 (klogd)]: family:1, type:2, protocol:0
[   18.346344] firmadyne: ioctl: 0xc0207223
[   18.347618] firmadyne: ioctl: 0xc0207223
[   18.355014] firmadyne: sys_socket[PID: 106 (klogd)]: family:1, type:1, protocol:0
[   18.357439] firmadyne: ioctl: 0xc0207223
[   18.358715] firmadyne: ioctl: 0xc0207223
[   18.360024] firmadyne: ioctl: 0xc0207223
[   18.364914] firmadyne: sys_socket[PID: 106 (klogd)]: family:1, type:2, protocol:0
[   18.368101] firmadyne: sys_socket[PID: 106 (klogd)]: family:1, type:1, protocol:0
[   18.370351] firmadyne: ioctl: 0xc0207223
[   18.371626] firmadyne: ioctl: 0xc0207223
[   18.377142] firmadyne: ioctl: 0xc0207223
[   18.378404] firmadyne: ioctl: 0xc0207223
[   18.379657] firmadyne: ioctl: 0xc0207223
[   18.381574] firmadyne: sys_socket[PID: 106 (klogd)]: family:1, type:2, protocol:0
[   18.389253] firmadyne: ioctl: 0xc0207223
[   18.390750] firmadyne: ioctl: 0xc0207223
[   18.392003] firmadyne: ioctl: 0xc0207223
[   18.393080] firmadyne: sys_socket[PID: 106 (klogd)]: family:1, type:1, protocol:0
[   18.394785] firmadyne: sys_socket[PID: 106 (klogd)]: family:1, type:2, protocol:0
[   18.401594] firmadyne: ioctl: 0xc0207223
[   18.402867] firmadyne: ioctl: 0xc0207223
[   18.404153] firmadyne: ioctl: 0xc0207223
[   18.406558] firmadyne: sys_socket[PID: 106 (klogd)]: family:1, type:1, protocol:0
[   18.408349] firmadyne: sys_socket[PID: 106 (klogd)]: family:1, type:2, protocol:0
[   18.413551] firmadyne: ioctl: 0xc0207223
[   18.414849] firmadyne: ioctl: 0xc0207223
[   18.416136] firmadyne: ioctl: 0xc0207223
[   18.423075] firmadyne: sys_socket[PID: 106 (klogd)]: family:1, type:1, protocol:0
[   18.425858] firmadyne: ioctl: 0xc0207223
[   18.427141] firmadyne: ioctl: 0xc0207223
[   18.428393] firmadyne: ioctl: 0xc0207223
[   18.432872] firmadyne: sys_socket[PID: 106 (klogd)]: family:1, type:2, protocol:0
[   18.436109] firmadyne: sys_socket[PID: 106 (klogd)]: family:1, type:1, protocol:0
[   18.441545] firmadyne: ioctl: 0xc0207223
[   18.442818] firmadyne: ioctl: 0xc0207223
[   18.444072] firmadyne: ioctl: 0xc0207223
[   18.445662] firmadyne: sys_socket[PID: 106 (klogd)]: family:1, type:2, protocol:0
[   18.453594] firmadyne: ioctl: 0xc0207223
[   18.454887] firmadyne: ioctl: 0xc0207223
[   18.456153] firmadyne: ioctl: 0xc0207223
[   18.457289] firmadyne: sys_socket[PID: 106 (klogd)]: family:1, type:1, protocol:0
[   18.458988] firmadyne: sys_socket[PID: 106 (klogd)]: family:1, type:2, protocol:0
[   18.465597] firmadyne: ioctl: 0xc0207223
[   18.466888] firmadyne: ioctl: 0xc0207223
[   18.468152] firmadyne: ioctl: 0xc0207223
[   18.470537] firmadyne: sys_socket[PID: 106 (klogd)]: family:1, type:1, protocol:0
[   18.472212] firmadyne: sys_socket[PID: 106 (klogd)]: family:1, type:2, protocol:0
[   18.477541] firmadyne: ioctl: 0xc0207223
[   18.478819] firmadyne: ioctl: 0xc0207223
[   18.480080] firmadyne: ioctl: 0xc0207223
[   18.487033] firmadyne: sys_socket[PID: 106 (klogd)]: family:1, type:1, protocol:0
[   18.489821] firmadyne: ioctl: 0xc0207223
[   18.491100] firmadyne: ioctl: 0xc0207223
[   18.492346] firmadyne: ioctl: 0xc0207223
[   18.500393] firmadyne: sys_socket[PID: 106 (klogd)]: family:1, type:2, protocol:0
[   18.503915] firmadyne: sys_socket[PID: 106 (klogd)]: family:1, type:1, protocol:0
[   18.507503] firmadyne: ioctl: 0xc0207223
[   18.509088] firmadyne: ioctl: 0xc0207223
[   18.510348] firmadyne: ioctl: 0xc0207223
[   18.511593] firmadyne: ioctl: 0xc0207223
[   18.513584] firmadyne: sys_socket[PID: 106 (klogd)]: family:1, type:2, protocol:0
[   18.521203] firmadyne: ioctl: 0xc0207223
[   18.522484] firmadyne: ioctl: 0xc0207223
[   18.523730] firmadyne: ioctl: 0xc0207223
[   18.525101] firmadyne: sys_socket[PID: 106 (klogd)]: family:1, type:1, protocol:0
[   18.526809] firmadyne: sys_socket[PID: 106 (klogd)]: family:1, type:2, protocol:0
[   18.533338] firmadyne: ioctl: 0xc0207223
[   18.534617] firmadyne: ioctl: 0xc0207223
[   18.535865] firmadyne: ioctl: 0xc0207223
[   18.542159] firmadyne: sys_socket[PID: 106 (klogd)]: family:1, type:1, protocol:0
[   18.543835] firmadyne: sys_socket[PID: 106 (klogd)]: family:1, type:2, protocol:0
[   18.545889] firmadyne: ioctl: 0xc0207223
[   18.547170] firmadyne: ioctl: 0xc0207223
[   18.548432] firmadyne: ioctl: 0xc0207223
[   18.555067] firmadyne: sys_socket[PID: 106 (klogd)]: family:1, type:1, protocol:0
[   18.561596] firmadyne: ioctl: 0xc0207223
[   18.562873] firmadyne: ioctl: 0xc0207223
[   18.564123] firmadyne: ioctl: 0xc0207223
[   18.565654] firmadyne: sys_socket[PID: 106 (klogd)]: family:1, type:2, protocol:0
[   18.573597] firmadyne: ioctl: 0xc0207223
[   18.574870] firmadyne: ioctl: 0xc0207223
[   18.576121] firmadyne: ioctl: 0xc0207223
[   18.577316] firmadyne: sys_socket[PID: 106 (klogd)]: family:1, type:1, protocol:0
[   18.579019] firmadyne: sys_socket[PID: 106 (klogd)]: family:1, type:2, protocol:0
[   18.585600] firmadyne: ioctl: 0xc0207223
[   18.586874] firmadyne: ioctl: 0xc0207223
[   18.588123] firmadyne: ioctl: 0xc0207223
[   18.590737] firmadyne: sys_socket[PID: 106 (klogd)]: family:1, type:1, protocol:0
[   18.592466] firmadyne: sys_socket[PID: 106 (klogd)]: family:1, type:2, protocol:0
[   18.597608] firmadyne: ioctl: 0xc0207223
[   18.598881] firmadyne: ioctl: 0xc0207223
[   18.600132] firmadyne: ioctl: 0xc0207223
[   18.603219] firmadyne: sys_socket[PID: 106 (klogd)]: family:1, type:1, protocol:0
[   18.609602] firmadyne: ioctl: 0xc0207223
[   18.610875] firmadyne: ioctl: 0xc0207223
[   18.612122] firmadyne: ioctl: 0xc0207223
[   18.613307] firmadyne: sys_socket[PID: 106 (klogd)]: family:1, type:2, protocol:0
[   18.616511] firmadyne: sys_socket[PID: 106 (klogd)]: family:1, type:1, protocol:0
[   18.621604] firmadyne: ioctl: 0xc0207223
[   18.622881] firmadyne: ioctl: 0xc0207223
[   18.624127] firmadyne: ioctl: 0xc0207223
[   18.629575] firmadyne: sys_socket[PID: 106 (klogd)]: family:1, type:2, protocol:0
[   18.637590] firmadyne: ioctl: 0xc0207223
[   18.638876] firmadyne: ioctl: 0xc0207223
[   18.640141] firmadyne: ioctl: 0xc0207223
[   18.641201] firmadyne: sys_socket[PID: 106 (klogd)]: family:1, type:1, protocol:0
[   18.642907] firmadyne: sys_socket[PID: 106 (klogd)]: family:1, type:2, protocol:0
[   18.649592] firmadyne: ioctl: 0xc0207223
[   18.650863] firmadyne: ioctl: 0xc0207223
[   18.652110] firmadyne: ioctl: 0xc0207223
[   18.654525] firmadyne: sys_socket[PID: 106 (klogd)]: family:1, type:1, protocol:0
[   18.656211] firmadyne: sys_socket[PID: 106 (klogd)]: family:1, type:2, protocol:0
[   18.661545] firmadyne: ioctl: 0xc0207223
[   18.662817] firmadyne: ioctl: 0xc0207223
[   18.664071] firmadyne: ioctl: 0xc0207223
[   18.667200] firmadyne: sys_socket[PID: 106 (klogd)]: family:1, type:1, protocol:0
[   18.673594] firmadyne: ioctl: 0xc0207223
[   18.674868] firmadyne: ioctl: 0xc0207223
[   18.676124] firmadyne: ioctl: 0xc0207223
[   18.677303] firmadyne: sys_socket[PID: 106 (klogd)]: family:1, type:2, protocol:0
[   18.680495] firmadyne: sys_socket[PID: 106 (klogd)]: family:1, type:1, protocol:0
[   18.685602] firmadyne: ioctl: 0xc0207223
[   18.686874] firmadyne: ioctl: 0xc0207223
[   18.688126] firmadyne: ioctl: 0xc0207223
[   18.693555] firmadyne: sys_socket[PID: 106 (klogd)]: family:1, type:2, protocol:0
[   18.697679] firmadyne: ioctl: 0xc0207223
[   18.698955] firmadyne: ioctl: 0xc0207223
[   18.700210] firmadyne: ioctl: 0xc0207223
[   18.707412] firmadyne: sys_socket[PID: 106 (klogd)]: family:1, type:1, protocol:0
[   18.709414] firmadyne: sys_socket[PID: 106 (klogd)]: family:1, type:2, protocol:0
[   18.712547] firmadyne: sys_socket[PID: 106 (klogd)]: family:1, type:1, protocol:0
[   18.714767] firmadyne: ioctl: 0xc0207223
[   18.716055] firmadyne: ioctl: 0xc0207223
[   18.721537] firmadyne: ioctl: 0xc0207223
[   18.722803] firmadyne: ioctl: 0xc0207223
[   18.724059] firmadyne: ioctl: 0xc0207223
[   18.729600] firmadyne: sys_socket[PID: 106 (klogd)]: family:1, type:2, protocol:0
[   18.733811] firmadyne: ioctl: 0xc0207223
[   18.735089] firmadyne: ioctl: 0xc0207223
[   18.736348] firmadyne: ioctl: 0xc0207223
[   18.740985] firmadyne: sys_socket[PID: 106 (klogd)]: family:1, type:1, protocol:0
[   18.742708] firmadyne: sys_socket[PID: 106 (klogd)]: family:1, type:2, protocol:0
[   18.745986] firmadyne: ioctl: 0xc0207223
[   18.747256] firmadyne: ioctl: 0xc0207223
[   18.748751] firmadyne: ioctl: 0xc0207223
[   18.753891] firmadyne: sys_socket[PID: 106 (klogd)]: family:1, type:1, protocol:0
[   18.755603] firmadyne: sys_socket[PID: 106 (klogd)]: family:1, type:2, protocol:0
[   18.761603] firmadyne: ioctl: 0xc0207223
[   18.762877] firmadyne: ioctl: 0xc0207223
[   18.764136] firmadyne: ioctl: 0xc0207223
[   18.767234] firmadyne: sys_socket[PID: 106 (klogd)]: family:1, type:1, protocol:0
[   18.773600] firmadyne: ioctl: 0xc0207223
[   18.774877] firmadyne: ioctl: 0xc0207223
[   18.776136] firmadyne: ioctl: 0xc0207223
[   18.777450] firmadyne: sys_socket[PID: 106 (klogd)]: family:1, type:2, protocol:0
[   18.780616] firmadyne: sys_socket[PID: 106 (klogd)]: family:1, type:1, protocol:0
[   18.785609] firmadyne: ioctl: 0xc0207223
[   18.786880] firmadyne: ioctl: 0xc0207223
[   18.788129] firmadyne: ioctl: 0xc0207223
[   18.789724] firmadyne: sys_socket[PID: 106 (klogd)]: family:1, type:2, protocol:0
[   18.797594] firmadyne: ioctl: 0xc0207223
[   18.798867] firmadyne: ioctl: 0xc0207223
[   18.800119] firmadyne: ioctl: 0xc0207223
[   18.801261] firmadyne: sys_socket[PID: 106 (klogd)]: family:1, type:1, protocol:0
[   18.802970] firmadyne: sys_socket[PID: 106 (klogd)]: family:1, type:2, protocol:0
[   18.809601] firmadyne: ioctl: 0xc0207223
[   18.810889] firmadyne: ioctl: 0xc0207223
[   18.812146] firmadyne: ioctl: 0xc0207223
[   18.818296] firmadyne: sys_socket[PID: 106 (klogd)]: family:1, type:1, protocol:0
[   18.819976] firmadyne: sys_socket[PID: 106 (klogd)]: family:1, type:2, protocol:0
[   18.822188] firmadyne: ioctl: 0xc0207223
[   18.823465] firmadyne: ioctl: 0xc0207223
[   18.831025] firmadyne: sys_socket[PID: 106 (klogd)]: family:1, type:1, protocol:0
[   18.833266] firmadyne: ioctl: 0xc0207223
[   18.834555] firmadyne: ioctl: 0xc0207223
[   18.835804] firmadyne: ioctl: 0xc0207223
[   18.840916] firmadyne: sys_socket[PID: 106 (klogd)]: family:1, type:2, protocol:0
[   18.844061] firmadyne: sys_socket[PID: 106 (klogd)]: family:1, type:1, protocol:0
[   18.846077] firmadyne: ioctl: 0xc0207223
[   18.847358] firmadyne: ioctl: 0xc0207223
[   18.853564] firmadyne: sys_socket[PID: 106 (klogd)]: family:1, type:2, protocol:0
[   18.857006] firmadyne: ioctl: 0xc0207223
[   18.858313] firmadyne: ioctl: 0xc0207223
[   18.859601] firmadyne: ioctl: 0xc0207223
[   18.864913] firmadyne: sys_socket[PID: 106 (klogd)]: family:1, type:1, protocol:0
[   18.866631] firmadyne: sys_socket[PID: 106 (klogd)]: family:1, type:2, protocol:0
[   18.869519] firmadyne: ioctl: 0xc0207223
[   18.870841] firmadyne: ioctl: 0xc0207223
[   18.872099] firmadyne: ioctl: 0xc0207223
[   18.877511] firmadyne: ioctl: 0xc0207223
[   18.878769] firmadyne: ioctl: 0xc0207223
[   18.880018] firmadyne: ioctl: 0xc0207223
[   18.881907] firmadyne: sys_socket[PID: 106 (klogd)]: family:1, type:1, protocol:0
[   18.883609] firmadyne: sys_socket[PID: 106 (klogd)]: family:1, type:2, protocol:0
[   18.889596] firmadyne: ioctl: 0xc0207223
[   18.890866] firmadyne: ioctl: 0xc0207223
[   18.892118] firmadyne: ioctl: 0xc0207223
[   18.895150] firmadyne: sys_socket[PID: 106 (klogd)]: family:1, type:1, protocol:0
[   18.901177] firmadyne: sys_socket[PID: 106 (klogd)]: family:1, type:2, protocol:0
[   18.904287] firmadyne: sys_socket[PID: 106 (klogd)]: family:1, type:1, protocol:0
[   18.907940] firmadyne: ioctl: 0xc0207223
[   18.909426] firmadyne: ioctl: 0xc0207223
[   18.910681] firmadyne: ioctl: 0xc0207223
[   18.911930] firmadyne: ioctl: 0xc0207223
[   18.917779] firmadyne: sys_socket[PID: 106 (klogd)]: family:1, type:2, protocol:0
[   18.925529] firmadyne: ioctl: 0xc0207223
[   18.926816] firmadyne: ioctl: 0xc0207223
[   18.928079] firmadyne: ioctl: 0xc0207223
[   18.929274] firmadyne: sys_socket[PID: 106 (klogd)]: family:1, type:1, protocol:0
[   18.930986] firmadyne: sys_socket[PID: 106 (klogd)]: family:1, type:2, protocol:0
[   18.937593] firmadyne: ioctl: 0xc0207223
[   18.938866] firmadyne: ioctl: 0xc0207223
[   18.940113] firmadyne: ioctl: 0xc0207223
[   18.942437] firmadyne: sys_socket[PID: 106 (klogd)]: family:1, type:1, protocol:0
[   18.944106] firmadyne: sys_socket[PID: 106 (klogd)]: family:1, type:2, protocol:0
[   18.949596] firmadyne: ioctl: 0xc0207223
[   18.950869] firmadyne: ioctl: 0xc0207223
[   18.952122] firmadyne: ioctl: 0xc0207223
[   18.959123] firmadyne: sys_socket[PID: 106 (klogd)]: family:1, type:1, protocol:0
[   18.961813] firmadyne: ioctl: 0xc0207223
[   18.963091] firmadyne: ioctl: 0xc0207223
[   18.964334] firmadyne: ioctl: 0xc0207223
[   18.969149] firmadyne: sys_socket[PID: 106 (klogd)]: family:1, type:2, protocol:0
[   18.972341] firmadyne: sys_socket[PID: 106 (klogd)]: family:1, type:1, protocol:0
[   18.974588] firmadyne: ioctl: 0xc0207223
[   18.975862] firmadyne: ioctl: 0xc0207223
[   18.981380] firmadyne: ioctl: 0xc0207223
[   18.982647] firmadyne: ioctl: 0xc0207223
[   18.983900] firmadyne: ioctl: 0xc0207223
[   18.985575] firmadyne: sys_socket[PID: 106 (klogd)]: family:1, type:2, protocol:0
[   18.993489] firmadyne: ioctl: 0xc0207223
[   18.994772] firmadyne: ioctl: 0xc0207223
[   18.996029] firmadyne: ioctl: 0xc0207223
[   18.996989] firmadyne: sys_socket[PID: 106 (klogd)]: family:1, type:1, protocol:0
[   18.998694] firmadyne: sys_socket[PID: 106 (klogd)]: family:1, type:2, protocol:0
[   19.005597] firmadyne: ioctl: 0xc0207223
[   19.006871] firmadyne: ioctl: 0xc0207223
[   19.008122] firmadyne: ioctl: 0xc0207223
[   19.010031] firmadyne: sys_socket[PID: 106 (klogd)]: family:1, type:1, protocol:0
[   19.011743] firmadyne: sys_socket[PID: 106 (klogd)]: family:1, type:2, protocol:0
[   19.017592] firmadyne: ioctl: 0xc0207223
[   19.018867] firmadyne: ioctl: 0xc0207223
[   19.020111] firmadyne: ioctl: 0xc0207223
[   19.023341] firmadyne: sys_socket[PID: 106 (klogd)]: family:1, type:1, protocol:0
[   19.029607] firmadyne: ioctl: 0xc0207223
[   19.030893] firmadyne: ioctl: 0xc0207223
[   19.032150] firmadyne: ioctl: 0xc0207223
[   19.033572] firmadyne: sys_socket[PID: 106 (klogd)]: family:1, type:2, protocol:0
[   19.041594] firmadyne: ioctl: 0xc0207223
[   19.042880] firmadyne: ioctl: 0xc0207223
[   19.044126] firmadyne: ioctl: 0xc0207223
[   19.045222] firmadyne: sys_socket[PID: 106 (klogd)]: family:1, type:1, protocol:0
[   19.046927] firmadyne: sys_socket[PID: 106 (klogd)]: family:1, type:2, protocol:0
[   19.053599] firmadyne: ioctl: 0xc0207223
[   19.054888] firmadyne: ioctl: 0xc0207223
[   19.056144] firmadyne: ioctl: 0xc0207223
[   19.058490] firmadyne: sys_socket[PID: 106 (klogd)]: family:1, type:1, protocol:0
[   19.060164] firmadyne: sys_socket[PID: 106 (klogd)]: family:1, type:2, protocol:0
[   19.069561] firmadyne: ioctl: 0xc0207223
[   19.070830] firmadyne: ioctl: 0xc0207223
[   19.072084] firmadyne: ioctl: 0xc0207223
[   19.075115] firmadyne: sys_socket[PID: 106 (klogd)]: family:1, type:1, protocol:0
[   19.081592] firmadyne: ioctl: 0xc0207223
[   19.082862] firmadyne: ioctl: 0xc0207223
[   19.084112] firmadyne: ioctl: 0xc0207223
[   19.085188] firmadyne: sys_socket[PID: 106 (klogd)]: family:1, type:2, protocol:0
[   19.088377] firmadyne: sys_socket[PID: 106 (klogd)]: family:1, type:1, protocol:0
[   19.093559] firmadyne: ioctl: 0xc0207223
[   19.094832] firmadyne: ioctl: 0xc0207223
[   19.096085] firmadyne: ioctl: 0xc0207223
[   19.097698] firmadyne: sys_socket[PID: 106 (klogd)]: family:1, type:2, protocol:0
[   19.106913] firmadyne: ioctl: 0xc0207223
[   19.108189] firmadyne: ioctl: 0xc0207223
[   19.109321] firmadyne: sys_socket[PID: 106 (klogd)]: family:1, type:1, protocol:0
[   19.111023] firmadyne: sys_socket[PID: 106 (klogd)]: family:1, type:2, protocol:0
[   19.117813] firmadyne: ioctl: 0xc0207223
[   19.119102] firmadyne: ioctl: 0xc0207223
[   19.120360] firmadyne: ioctl: 0xc0207223
[   19.122722] firmadyne: sys_socket[PID: 106 (klogd)]: family:1, type:1, protocol:0
[   19.124400] firmadyne: sys_socket[PID: 106 (klogd)]: family:1, type:2, protocol:0
[   19.129563] firmadyne: ioctl: 0xc0207223
[   19.130839] firmadyne: ioctl: 0xc0207223
[   19.132092] firmadyne: ioctl: 0xc0207223
[   19.138999] firmadyne: sys_socket[PID: 106 (klogd)]: family:1, type:1, protocol:0
[   19.141785] firmadyne: ioctl: 0xc0207223
[   19.143064] firmadyne: ioctl: 0xc0207223
[   19.144313] firmadyne: ioctl: 0xc0207223
[   19.149003] firmadyne: sys_socket[PID: 106 (klogd)]: family:1, type:2, protocol:0
[   19.153830] firmadyne: ioctl: 0xc0207223
[   19.155367] firmadyne: ioctl: 0xc0207223
[   19.165815] firmadyne: sys_socket[PID: 106 (klogd)]: family:1, type:1, protocol:0
[   19.167816] firmadyne: sys_socket[PID: 106 (klogd)]: family:1, type:2, protocol:0
[   19.169831] firmadyne: ioctl: 0xc0207223
[   19.171281] firmadyne: ioctl: 0xc0207223
[   19.187300] firmadyne: sys_socket[PID: 106 (klogd)]: family:1, type:1, protocol:0
[   19.189245] firmadyne: ioctl: 0xc0207223
[   19.190651] firmadyne: ioctl: 0xc0207223
[   19.192025] firmadyne: ioctl: 0xc0207223
[   19.198487] firmadyne: sys_socket[PID: 106 (klogd)]: family:1, type:2, protocol:0
[   19.202010] firmadyne: ioctl: 0xc0207223
[   19.203392] firmadyne: ioctl: 0xc0207223
[   19.214127] firmadyne: sys_socket[PID: 106 (klogd)]: family:1, type:1, protocol:0
[   19.216168] firmadyne: sys_socket[PID: 106 (klogd)]: family:1, type:2, protocol:0
[   19.218233] firmadyne: ioctl: 0xc0207223
[   19.219769] firmadyne: ioctl: 0xc0207223
[   19.231671] firmadyne: sys_socket[PID: 106 (klogd)]: family:1, type:1, protocol:0
[   19.234096] firmadyne: ioctl: 0xc0207223
[   19.235626] firmadyne: ioctl: 0xc0207223
[   19.245442] firmadyne: ioctl: 0xc0207223
[   19.246945] firmadyne: ioctl: 0xc0207223
[   19.248406] firmadyne: ioctl: 0xc0207223
[   19.250274] firmadyne: sys_socket[PID: 106 (klogd)]: family:1, type:2, protocol:0
[   19.264249] firmadyne: sys_socket[PID: 106 (klogd)]: family:1, type:1, protocol:0
[   19.266611] firmadyne: ioctl: 0xc0207223
[   19.267907] firmadyne: ioctl: 0xc0207223
[   19.273572] firmadyne: sys_socket[PID: 106 (klogd)]: family:1, type:2, protocol:0
[   19.277598] firmadyne: ioctl: 0xc0207223
[   19.278967] firmadyne: ioctl: 0xc0207223
[   19.280231] firmadyne: ioctl: 0xc0207223
[   19.288986] firmadyne: sys_socket[PID: 106 (klogd)]: family:1, type:1, protocol:0
[   19.290700] firmadyne: sys_socket[PID: 106 (klogd)]: family:1, type:2, protocol:0
[   19.297683] firmadyne: ioctl: 0xc0207223
[   19.298967] firmadyne: ioctl: 0xc0207223
[   19.300222] firmadyne: ioctl: 0xc0207223
[   19.307146] firmadyne: sys_socket[PID: 106 (klogd)]: family:1, type:1, protocol:0
[   19.313670] firmadyne: ioctl: 0xc0207223
[   19.314952] firmadyne: ioctl: 0xc0207223
[   19.316215] firmadyne: ioctl: 0xc0207223
[   19.321096] firmadyne: sys_socket[PID: 106 (klogd)]: family:1, type:2, protocol:0
[   19.324240] firmadyne: sys_socket[PID: 106 (klogd)]: family:1, type:1, protocol:0
[   19.330589] firmadyne: ioctl: 0xc0587200
[   19.333823] firmadyne: ioctl: 0xc0207223
[   19.335095] firmadyne: ioctl: 0xc0207223
[   19.336349] firmadyne: ioctl: 0xc0207223
[   19.341620] firmadyne: sys_socket[PID: 106 (klogd)]: family:1, type:2, protocol:0
[   19.349389] firmadyne: ioctl: 0xc0207223
[   19.350666] firmadyne: ioctl: 0xc0207223
[   19.351918] firmadyne: ioctl: 0xc0207223
[   19.361043] firmadyne: sys_socket[PID: 106 (klogd)]: family:1, type:1, protocol:0
[   19.362754] firmadyne: sys_socket[PID: 106 (klogd)]: family:1, type:2, protocol:0
[   19.366697] firmadyne: ioctl: 0xc0207223
[   19.368515] firmadyne: ioctl: 0xc0207223
[   19.370822] firmadyne: sys_socket[PID: 106 (klogd)]: family:1, type:1, protocol:0
[   19.372551] firmadyne: sys_socket[PID: 106 (klogd)]: family:1, type:2, protocol:0
[   19.378166] firmadyne: ioctl: 0xc0207223
[   19.379933] firmadyne: ioctl: 0xc0207223
[   19.387046] firmadyne: sys_socket[PID: 106 (klogd)]: family:1, type:1, protocol:0
[   19.390301] firmadyne: ioctl: 0xc0207223
[   19.392079] firmadyne: ioctl: 0xc0207223
[   19.396961] firmadyne: sys_socket[PID: 106 (klogd)]: family:1, type:2, protocol:0
[   19.400095] firmadyne: sys_socket[PID: 106 (klogd)]: family:1, type:1, protocol:0
[   19.402909] firmadyne: ioctl: 0xc0207223
[   19.409630] firmadyne: sys_socket[PID: 106 (klogd)]: family:1, type:2, protocol:0
[   19.413060] firmadyne: ioctl: 0xc0207223
[   19.414909] firmadyne: ioctl: 0xc0207223
[   19.421794] firmadyne: sys_socket[PID: 106 (klogd)]: family:1, type:1, protocol:0
[   19.423525] firmadyne: sys_socket[PID: 106 (klogd)]: family:1, type:2, protocol:0
[   19.425169] firmadyne: ioctl: 0xc0207223
[   19.427015] firmadyne: ioctl: 0xc0207223
[   19.457966] firmadyne: ioctl: 0xc0207223
[   19.459926] firmadyne: ioctl: 0xc0207223
Warning: Bad CRC, using default environment
[   19.467050] firmadyne: ioctl: 0xc0207223
[   19.469252] firmadyne: ioctl: 0xc0207223
[   19.471018] firmadyne: ioctl: 0xc0207223
[   19.477179] firmadyne: ioctl: 0xc0207223
[   19.479015] firmadyne: ioctl: 0xc0207223
[   19.489566] firmadyne: ioctl: 0xc0207223
[   19.491411] firmadyne: ioctl: 0xc0207223
[   19.497960] firmadyne: sys_socket[PID: 106 (klogd)]: family:1, type:1, protocol:0
[   19.499692] firmadyne: sys_socket[PID: 106 (klogd)]: family:1, type:2, protocol:0
[   19.506971] firmadyne: ioctl: 0xc0207223
[   19.511315] firmadyne: sys_socket[PID: 106 (klogd)]: family:1, type:1, protocol:0
[   19.525390] firmadyne: ioctl: 0xc0207223
[   19.527246] firmadyne: ioctl: 0xc0207223
[   19.529604] firmadyne: sys_socket[PID: 106 (klogd)]: family:1, type:2, protocol:0
[   19.536950] firmadyne: ioctl: 0xc0207223
[   19.538892] firmadyne: ioctl: 0xc0207223
[   19.545936] firmadyne: sys_socket[PID: 106 (klogd)]: family:1, type:1, protocol:0
[   19.547652] firmadyne: sys_socket[PID: 106 (klogd)]: family:1, type:2, protocol:0
[   19.555180] firmadyne: ioctl: 0xc0207223
[   19.559482] firmadyne: sys_socket[PID: 106 (klogd)]: family:1, type:1, protocol:0
[   19.566604] firmadyne: ioctl: 0xc0207223
[   19.568463] firmadyne: ioctl: 0xc0207223
[   19.573554] firmadyne: sys_socket[PID: 106 (klogd)]: family:1, type:2, protocol:0
[   19.578362] firmadyne: ioctl: 0xc0207223
[   19.580139] firmadyne: ioctl: 0xc0207223
[   19.593068] firmadyne: sys_socket[PID: 106 (klogd)]: family:1, type:1, protocol:0
[   19.594778] firmadyne: sys_socket[PID: 106 (klogd)]: family:1, type:2, protocol:0
[   19.598616] firmadyne: ioctl: 0xc0207223
[   19.600819] firmadyne: ioctl: 0xc0207223
[   19.610450] firmadyne: sys_socket[PID: 106 (klogd)]: family:1, type:1, protocol:0
[   19.612289] firmadyne: sys_socket[PID: 106 (klogd)]: family:1, type:2, protocol:0
[   19.615306] firmadyne: ioctl: 0xc0207223
[   19.625684] firmadyne: ioctl: 0xc0207223
[   19.627475] firmadyne: ioctl: 0xc0207223
[   19.631168] firmadyne: sys_socket[PID: 106 (klogd)]: family:1, type:1, protocol:0
[   19.641678] firmadyne: ioctl: 0xc0207223
[   19.643464] firmadyne: ioctl: 0xc0207223
[   19.645229] firmadyne: sys_socket[PID: 106 (klogd)]: family:1, type:2, protocol:0
[   19.648381] firmadyne: sys_socket[PID: 106 (klogd)]: family:1, type:1, protocol:0
[   19.656835] firmadyne: ioctl: 0xc0207223
[   19.658636] firmadyne: ioctl: 0xc0207223
[   19.660388] firmadyne: ioctl: 0xc0207223
[   19.664195] firmadyne: sys_socket[PID: 106 (klogd)]: family:1, type:2, protocol:0
[   19.675218] firmadyne: sys_socket[PID: 106 (klogd)]: family:1, type:1, protocol:0
[   19.682199] firmadyne: ioctl: 0xc0207223
[   19.683974] firmadyne: ioctl: 0xc0207223
[   19.689267] firmadyne: sys_socket[PID: 106 (klogd)]: family:1, type:2, protocol:0
[   19.692551] firmadyne: sys_socket[PID: 106 (klogd)]: family:1, type:1, protocol:0
[   19.698170] firmadyne: ioctl: 0xc0207223
[   19.699948] firmadyne: ioctl: 0xc0207223
[   19.709632] firmadyne: sys_socket[PID: 106 (klogd)]: family:1, type:2, protocol:0
[   19.714196] firmadyne: ioctl: 0xc0207223
[   19.716000] firmadyne: ioctl: 0xc0207223
[   19.725153] firmadyne: sys_socket[PID: 106 (klogd)]: family:1, type:1, protocol:0
[   19.726875] firmadyne: sys_socket[PID: 106 (klogd)]: family:1, type:2, protocol:0
[   19.738679] firmadyne: ioctl: 0xc0207223
[   19.740474] firmadyne: ioctl: 0xc0207223
[   19.746388] firmadyne: sys_socket[PID: 106 (klogd)]: family:1, type:1, protocol:0
[   19.748066] firmadyne: sys_socket[PID: 106 (klogd)]: family:1, type:2, protocol:0
[   19.754152] firmadyne: ioctl: 0xc0207223
[   19.755923] firmadyne: ioctl: 0xc0207223
[   19.763184] firmadyne: sys_socket[PID: 106 (klogd)]: family:1, type:1, protocol:0
[   19.772149] firmadyne: ioctl: 0xc0207223
[   19.774377] firmadyne: ioctl: 0xc0207223
[   19.776133] firmadyne: ioctl: 0xc0207223
[   19.781134] firmadyne: sys_socket[PID: 106 (klogd)]: family:1, type:2, protocol:0
[   19.784367] firmadyne: sys_socket[PID: 106 (klogd)]: family:1, type:1, protocol:0
[   19.790131] firmadyne: ioctl: 0xc0207223
[   19.791893] firmadyne: ioctl: 0xc0207223
[   19.795146] firmadyne: sys_socket[PID: 113 (oamd)]: family:16, type:3, protocol:2
[   19.801615] firmadyne: sys_socket[PID: 106 (klogd)]: family:1, type:2, protocol:0
[   19.806151] firmadyne: ioctl: 0xc0207223
[   19.807929] firmadyne: ioctl: 0xc0207223
[   19.817167] firmadyne: sys_socket[PID: 106 (klogd)]: family:1, type:1, protocol:0
[   19.818882] firmadyne: sys_socket[PID: 106 (klogd)]: family:1, type:2, protocol:0
[   19.822157] firmadyne: ioctl: 0xc0207223
[   19.823928] firmadyne: ioctl: 0xc0207223
[   19.834406] firmadyne: sys_socket[PID: 106 (klogd)]: family:1, type:1, protocol:0
[   19.836116] firmadyne: sys_socket[PID: 106 (klogd)]: family:1, type:2, protocol:0
[   19.838799] firmadyne: ioctl: 0xc0207223
[   19.840764] firmadyne: ioctl: 0xc0207223
[   19.851901] firmadyne: sys_socket[PID: 106 (klogd)]: family:1, type:1, protocol:0
[   19.854667] firmadyne: ioctl: 0xc0207223
[   19.856469] firmadyne: ioctl: 0xc0207223
[   19.858408] firmadyne: sys_socket[PID: 106 (klogd)]: family:1, type:2, protocol:0
[   19.862213] firmadyne: ioctl: 0xc0207223
[   19.863978] firmadyne: ioctl: 0xc0207223
[   19.869976] firmadyne: sys_socket[PID: 106 (klogd)]: family:1, type:1, protocol:0
[   19.871686] firmadyne: sys_socket[PID: 106 (klogd)]: family:1, type:2, protocol:0
[   19.874360] firmadyne: ioctl: 0xc0207223
[   19.876141] firmadyne: ioctl: 0xc0207223
[   19.883417] firmadyne: sys_socket[PID: 106 (klogd)]: family:1, type:1, protocol:0
[   19.886340] firmadyne: ioctl: 0xc0207223
[   19.888111] firmadyne: ioctl: 0xc0207223
[   19.893450] firmadyne: sys_socket[PID: 106 (klogd)]: family:1, type:2, protocol:0
[   19.896880] firmadyne: sys_socket[PID: 106 (klogd)]: family:1, type:1, protocol:0
[   19.899379] firmadyne: ioctl: 0xc0207223
nvram_init: Initializing NVRAM...
[   19.906952] firmadyne: ioctl: 0xc0207223
[   19.909942] firmadyne: sys_socket[PID: 106 (klogd)]: family:1, type:2, protocol:0
sem_get: Key: 41014005
[   19.917608] firmadyne: ioctl: 0xc0207223
[   19.919477] firmadyne: ioctl: 0xc0207223
[   19.921492] firmadyne: sys_socket[PID: 106 (klogd)]: family:1, type:1, protocol:0
[   19.923205] firmadyne: sys_socket[PID: 106 (klogd)]: family:1, type:2, protocol:0
[   19.930760] firmadyne: ioctl: 0xc0207223
[   19.932828] firmadyne: ioctl: 0xc0207223
[   19.935322] firmadyne: sys_socket[PID: 106 (klogd)]: family:1, type:1, protocol:0
[   19.938479] firmadyne: ioctl: 0xc0207223
[   19.940275] firmadyne: ioctl: 0xc0207223
sem_get: Key: 4111023a[   19.945555] firmadyne: sys_socket[PID: 106 (klogd)]: family:1, type:2, protocol:0
[   19.950260] firmadyne: ioctl: 0xc0207223
[   19.952062] firmadyne: ioctl: 0xc0207223

nvram_set_default_builtin: Setting built-in default values!
[   19.957176] firmadyne: sys_socket[PID: 106 (klogd)]: family:1, type:1, protocol:0
[   19.958988] firmadyne: sys_socket[PID: 106 (klogd)]: family:1, type:2, protocol:0
[   19.962422] firmadyne: ioctl: 0xc0207223
[   19.964215] firmadyne: ioctl: 0xc0207223
nvram_set: console_loglevel = "7[   19.970628] firmadyne: sys_socket[PID: 106 (klogd)]: family:1, type:1, protocol:0
[   19.972317] firmadyne: sys_socket[PID: 106 (klogd)]: family:1, type:2, protocol:0
"
sem_get: Key: 4111023a
[   19.978157] firmadyne: ioctl: 0xc0207223
[   19.979954] firmadyne: ioctl: 0xc0207223
[   19.983175] firmadyne: sys_socket[PID: 106 (klogd)]: family:1, type:1, protocol:0
sem_get: Key: [   19.990440] firmadyne: ioctl: 0xc0207223
[   19.992274] firmadyne: ioctl: 0xc0207223
[   19.993559] firmadyne: sys_socket[PID: 106 (klogd)]: family:1, type:2, protocol:0
4111023a
nvram_set: restore_defaults[   20.002563] firmadyne: ioctl: 0xc0207223
[   20.004368] firmadyne: ioctl: 0xc0207223
[   20.005597] firmadyne: sys_socket[PID: 106 (klogd)]: family:1, type:1, protocol:0
[   20.007304] firmadyne: sys_socket[PID: 106 (klogd)]: family:1, type:2, protocol:0
 = "1"
sem_get: Key: 4111023a
[   20.014378] firmadyne: ioctl: 0xc0207223
[   20.016172] firmadyne: ioctl: 0xc0207223
[   20.018905] firmadyne: sys_socket[PID: 106 (klogd)]: family:1, type:1, protocol:0
[   20.020622] firmadyne: sys_socket[PID: 106 (klogd)]: family:1, type:2, protocol:0
sem_get: Key: 4111023a
[   20.025122] cfg80211: Calling CRDA to update world regulatory domain
[   20.027771] firmadyne: ioctl: 0xc0207223
nvram_set: sku_name = ""
[   20.035171] firmadyne: sys_socket[PID: 106 (klogd)]: family:1, type:1, protocol:0
[   20.038332] firmadyne: ioctl: 0xc0207223
[   20.040138] firmadyne: ioctl: 0xc0207223
sem_get: Key: 4111023a
sem_get[   20.045112] firmadyne: sys_socket[PID: 106 (klogd)]: family:1, type:2, protocol:0
[   20.048314] firmadyne: sys_socket[PID: 106 (klogd)]: family:1, type:1, protocol:0
[   20.051106] firmadyne: ioctl: 0xc0207223
: Key: 4111023a
nvram_set[   20.057097] firmadyne: ioctl: 0xc0207223
[   20.058943] firmadyne: ioctl: 0xc0207223
[   20.061755] firmadyne: sys_socket[PID: 106 (klogd)]: family:1, type:2, protocol:0
: wla_wlanstate = ""
sem_get: Key: 4111023a
[   20.069465] firmadyne: ioctl: 0xc0207223
[   20.071318] firmadyne: ioctl: 0xc0207223
[   20.073216] firmadyne: sys_socket[PID: 106 (klogd)]: family:1, type:1, protocol:0
[   20.074929] firmadyne: sys_socket[PID: 106 (klogd)]: family:1, type:2, protocol:0
[   20.077653] firmadyne: ioctl: 0xc0207223
[   20.079458] firmadyne: ioctl: 0xc0207223
sem_get: Key: 4111023a
[   20.086378] firmadyne: sys_socket[PID: 106 (klogd)]: family:1, type:1, protocol:0
[   20.088069] firmadyne: sys_socket[PID: 106 (klogd)]: family:1, type:2, protocol:0
[   20.090321] firmadyne: ioctl: 0xc0207223
[   20.092128] firmadyne: ioctl: 0xc0207223
nvram_set: lan_if = "br0"
sem_get: Key: [   20.099412] firmadyne: sys_socket[PID: 106 (klogd)]: family:1, type:1, protocol:0
[   20.102321] firmadyne: ioctl: 0xc0207223
[   20.104117] firmadyne: ioctl: 0xc0207223
4111023a
[   20.109450] firmadyne: sys_socket[PID: 106 (klogd)]: family:1, type:2, protocol:0
sem_get: Key: 4111023a
nvram_set[   20.118705] firmadyne: ioctl: 0xc0207223
[   20.120516] firmadyne: ioctl: 0xc0207223
[   20.121740] firmadyne: sys_socket[PID: 106 (klogd)]: family:1, type:1, protocol:0
[   20.123440] firmadyne: sys_socket[PID: 106 (klogd)]: family:1, type:2, protocol:0
: lan_ipaddr = "192.168.0.50"
sem_get: Key: 4111023a
[   20.130448] firmadyne: ioctl: 0xc0207223
[   20.132224] firmadyne: ioctl: 0xc0207223
[   20.135359] firmadyne: sys_socket[PID: 106 (klogd)]: family:1, type:1, protocol:0
[   20.138464] firmadyne: ioctl: 0xc0207223
[   20.140227] firmadyne: ioctl: 0xc0207223
sem_get: Key: 4111023a
[   20.145222] firmadyne: sys_socket[PID: 106 (klogd)]: family:1, type:2, protocol:0
[   20.148411] firmadyne: sys_socket[PID: 106 (klogd)]: family:1, type:1, protocol:0
nvram_set: lan_bipaddr[   20.154189] firmadyne: ioctl: 0xc0207223
[   20.155954] firmadyne: ioctl: 0xc0207223
[   20.157629] firmadyne: sys_socket[PID: 106 (klogd)]: family:1, type:2, protocol:0
 = "192.168.0.255"
sem_get: Key: 4111023a
[   20.166218] firmadyne: ioctl: 0xc0207223
[   20.167990] firmadyne: ioctl: 0xc0207223
[   20.169055] firmadyne: sys_socket[PID: 106 (klogd)]: family:1, type:1, protocol:0
[   20.170765] firmadyne: sys_socket[PID: 106 (klogd)]: family:1, type:2, protocol:0
sem_get: Key: 4111023a
[   20.178163] firmadyne: ioctl: 0xc0207223
[   20.179931] firmadyne: ioctl: 0xc0207223
nvram_set: lan_netmask = "255.255.255.0"
sem_get[   20.186472] firmadyne: sys_socket[PID: 106 (klogd)]: family:1, type:1, protocol:0
[   20.188169] firmadyne: sys_socket[PID: 106 (klogd)]: family:1, type:2, protocol:0
[   20.190847] firmadyne: ioctl: 0xc0207223
: Key: 4111023a
sem_get: Key: 4111023a[   20.199443] firmadyne: sys_socket[PID: 106 (klogd)]: family:1, type:1, protocol:0
[   20.201183] firmadyne: ioctl: 0xc0207223
[   20.203051] firmadyne: ioctl: 0xc0207223
[   20.205618] firmadyne: sys_socket[PID: 106 (klogd)]: family:1, type:2, protocol:0
[   20.209145] firmadyne: ioctl: 0xc0207223
[   20.210964] firmadyne: ioctl: 0xc0207223

nvram_set: time_zone = "[   20.217138] firmadyne: sys_socket[PID: 106 (klogd)]: family:1, type:1, protocol:0
[   20.218848] firmadyne: sys_socket[PID: 106 (klogd)]: family:1, type:2, protocol:0
[   20.221347] firmadyne: ioctl: 0xc0207223
[   20.223167] firmadyne: ioctl: 0xc0207223
PST8PDT"
sem_get: Key: 4111023a
[   20.230195] firmadyne: sys_socket[PID: 106 (klogd)]: family:1, type:1, protocol:0
[   20.231884] firmadyne: sys_socket[PID: 106 (klogd)]: family:1, type:2, protocol:0
sem_get: Key: 4111023a
[   20.237108] firmadyne: ioctl: 0xc0207223
[   20.238926] firmadyne: ioctl: 0xc0207223
nvram_set: wan_hwaddr_def = "01:23:45:67:89:ab"
[   20.244974] firmadyne: ioctl: 0xc0207223
[   20.246792] firmadyne: ioctl: 0xc0207223
[   20.248791] firmadyne: ioctl: 0xc0207223
[   20.251797] firmadyne: sys_socket[PID: 106 (klogd)]: family:1, type:1, protocol:0
sem_get: Key: 4111023a
sem_get[   20.257985] firmadyne: sys_socket[PID: 106 (klogd)]: family:1, type:2, protocol:0
[   20.262207] firmadyne: ioctl: 0xc0207223
[   20.263973] firmadyne: ioctl: 0xc0207223
: Key: 4111023a
nvram_set: [   20.269514] firmadyne: sys_socket[PID: 106 (klogd)]: family:1, type:1, protocol:0
[   20.271229] firmadyne: sys_socket[PID: 106 (klogd)]: family:1, type:2, protocol:0
[   20.274383] firmadyne: ioctl: 0xc0207223
[   20.276169] firmadyne: ioctl: 0xc0207223
wan_ifname = "eth0"
sem_get: Key: 4111023a
[   20.282591] firmadyne: sys_socket[PID: 106 (klogd)]: family:1, type:1, protocol:0
[   20.284624] firmadyne: sys_socket[PID: 106 (klogd)]: family:1, type:2, protocol:0
[   20.287518] firmadyne: ioctl: 0xc0207223
sem_get: Key: 4111023a
[   20.293705] firmadyne: ioctl: 0xc0207223
[   20.295479] firmadyne: ioctl: 0xc0207223
[   20.299126] firmadyne: sys_socket[PID: 106 (klogd)]: family:1, type:1, protocol:0
nvram_set: lan_ifnames = "eth1 eth2 eth3 eth4"
[   20.307475] firmadyne: ioctl: 0xc0207223
[   20.309174] firmadyne: sys_socket[PID: 106 (klogd)]: family:1, type:2, protocol:0
[   20.314016] firmadyne: ioctl: 0xc0207223
[   20.315883] firmadyne: ioctl: 0xc0207223
sem_get: Key: 4111023a
[   20.321182] firmadyne: sys_socket[PID: 106 (klogd)]: family:1, type:1, protocol:0
[   20.322902] firmadyne: sys_socket[PID: 106 (klogd)]: family:1, type:2, protocol:0
[   20.326356] firmadyne: ioctl: 0xc0207223
[   20.328144] firmadyne: ioctl: 0xc0207223
sem_get: Key: 4111023a
[   20.334592] firmadyne: sys_socket[PID: 106 (klogd)]: family:1, type:1, protocol:0
[   20.336559] firmadyne: sys_socket[PID: 106 (klogd)]: family:1, type:2, protocol:0
[   20.339668] firmadyne: ioctl: 0xc0207223
nvram_set: ethConver = "1"
sem_get: Key: [   20.346655] firmadyne: ioctl: 0xc0207223
[   20.351762] firmadyne: sys_socket[PID: 106 (klogd)]: family:1, type:1, protocol:0
4111023a
sem_get: Key: [   20.357643] firmadyne: ioctl: 0xc0207223
[   20.359865] firmadyne: ioctl: 0xc0207223
[   20.362360] firmadyne: sys_socket[PID: 106 (klogd)]: family:1, type:2, protocol:0
4111023a
nvram_set[   20.370626] firmadyne: ioctl: 0xc0207223
[   20.374410] firmadyne: sys_socket[PID: 106 (klogd)]: family:1, type:1, protocol:0
[   20.376452] firmadyne: sys_socket[PID: 106 (klogd)]: family:1, type:2, protocol:0
: lan_proto = "dhcp"
[   20.381098] firmadyne: ioctl: 0xc0207223
[   20.383326] firmadyne: ioctl: 0xc0207223
sem_get: Key: 4111023a
[   20.391740] firmadyne: sys_socket[PID: 106 (klogd)]: family:1, type:1, protocol:0
[   20.394492] firmadyne: ioctl: 0xc0207223
sem_get: Key: 4111023a
[   20.401022] firmadyne: ioctl: 0xc0207223
[   20.403204] firmadyne: ioctl: 0xc0207223
[   20.405831] firmadyne: sys_socket[PID: 106 (klogd)]: family:1, type:2, protocol:0
nvram_set: wan_ipaddr = "0.0.0.0"
[   20.413588] firmadyne: ioctl: 0xc0207223
[   20.415535] firmadyne: ioctl: 0xc0207223
[   20.417670] firmadyne: sys_socket[PID: 106 (klogd)]: family:1, type:1, protocol:0
[   20.419400] firmadyne: sys_socket[PID: 106 (klogd)]: family:1, type:2, protocol:0
sem_get: Key: 4111023a
sem_get: Key: [   20.426179] firmadyne: ioctl: 0xc0207223
[   20.427952] firmadyne: ioctl: 0xc0207223
[   20.430986] firmadyne: sys_socket[PID: 106 (klogd)]: family:1, type:1, protocol:0
[   20.432918] firmadyne: sys_socket[PID: 106 (klogd)]: family:1, type:2, protocol:0
4111023a
[   20.438107] firmadyne: ioctl: 0xc0207223
[   20.439905] firmadyne: ioctl: 0xc0207223
nvram_set: wan_netmask = "255.255.255.0"
sem_get: Key: [   20.447057] firmadyne: sys_socket[PID: 106 (klogd)]: family:1, type:1, protocol:0
[   20.450272] firmadyne: ioctl: 0xc0207223
[   20.452039] firmadyne: ioctl: 0xc0207223
4111023a
sem_get: Key: 4111023a
[   20.457358] firmadyne: sys_socket[PID: 106 (klogd)]: family:1, type:2, protocol:0
[   20.460637] firmadyne: sys_socket[PID: 106 (klogd)]: family:1, type:1, protocol:0
[   20.463458] firmadyne: ioctl: 0xc0207223
nvram_set: wanif = "eth0[   20.469777] firmadyne: ioctl: 0xc0207223
[   20.471551] firmadyne: ioctl: 0xc0207223
[   20.473632] firmadyne: sys_socket[PID: 106 (klogd)]: family:1, type:2, protocol:0
"
sem_get: Key: 4111023a
[   20.481729] firmadyne: ioctl: 0xc0207223
[   20.483501] firmadyne: ioctl: 0xc0207223
[   20.485115] firmadyne: sys_socket[PID: 106 (klogd)]: family:1, type:1, protocol:0
[   20.486809] firmadyne: sys_socket[PID: 106 (klogd)]: family:1, type:2, protocol:0
sem_get: Key: 4111023a
[   20.493656] firmadyne: ioctl: 0xc0207223
[   20.495431] firmadyne: ioctl: 0xc0207223
[   20.498228] firmadyne: sys_socket[PID: 106 (klogd)]: family:1, type:1, protocol:0
[   20.499912] firmadyne: sys_socket[PID: 106 (klogd)]: family:1, type:2, protocol:0
nvram_set: time_zone_x = "0"
sem_get: Key: [   20.507057] firmadyne: ioctl: 0xc0207223
[   20.511307] firmadyne: sys_socket[PID: 106 (klogd)]: family:1, type:1, protocol:0
[   20.513370] firmadyne: ioctl: 0xc0207223
[   20.515182] firmadyne: ioctl: 0xc0207223
4111023a
sem_get: Key: 4111023a[   20.521529] firmadyne: sys_socket[PID: 106 (klogd)]: family:1, type:2, protocol:0

nvram_set: rip_multicast = "[   20.529340] firmadyne: ioctl: 0xc0207223
[   20.531163] firmadyne: ioctl: 0xc0207223
[   20.533281] firmadyne: sys_socket[PID: 106 (klogd)]: family:1, type:1, protocol:0
[   20.534982] firmadyne: sys_socket[PID: 106 (klogd)]: family:1, type:2, protocol:0
0"
sem_get: Key: 4111023a
[   20.541199] firmadyne: ioctl: 0xc0207223
[   20.543030] firmadyne: ioctl: 0xc0207223
[   20.546555] firmadyne: sys_socket[PID: 106 (klogd)]: family:1, type:1, protocol:0
[   20.548229] firmadyne: sys_socket[PID: 106 (klogd)]: family:1, type:2, protocol:0
sem_get: Key: 4111023a
[   20.553051] firmadyne: ioctl: 0xc0207223
[   20.554872] firmadyne: ioctl: 0xc0207223
[   20.559303] firmadyne: sys_socket[PID: 106 (klogd)]: family:1, type:1, protocol:0
nvram_set: bs_trustedip_enable = "0"
[   20.565526] firmadyne: ioctl: 0xc0207223
[   20.567366] firmadyne: ioctl: 0xc0207223
[   20.569447] firmadyne: sys_socket[PID: 106 (klogd)]: family:1, type:2, protocol:0
[   20.572871] firmadyne: sys_socket[PID: 106 (klogd)]: family:1, type:1, protocol:0
sem_get: Key: 4111023a
[   20.577607] firmadyne: ioctl: 0xc0207223
[   20.579385] firmadyne: ioctl: 0xc0207223
sem_get: Key: 4111023a
[   20.585629] firmadyne: sys_socket[PID: 106 (klogd)]: family:1, type:2, protocol:0
[   20.589707] firmadyne: ioctl: 0xc0207223
[   20.591488] firmadyne: ioctl: 0xc0207223
nvram_set: et0macaddr = "01:23:45:67:89:ab"
sem_get: Key: [   20.597139] firmadyne: sys_socket[PID: 106 (klogd)]: family:1, type:1, protocol:0
[   20.598838] firmadyne: sys_socket[PID: 106 (klogd)]: family:1, type:2, protocol:0
[   20.601896] firmadyne: ioctl: 0xc0207223
[   20.603665] firmadyne: ioctl: 0xc0207223
4111023a
sem_get: Key: 4111023a
[   20.610358] firmadyne: sys_socket[PID: 106 (klogd)]: family:1, type:1, protocol:0
[   20.612047] firmadyne: sys_socket[PID: 106 (klogd)]: family:1, type:2, protocol:0
[   20.614465] firmadyne: ioctl: 0xc0207223
[   20.616253] firmadyne: ioctl: 0xc0207223
nvram_set: filter_rule_tbl = "[   20.622287] firmadyne: ioctl: 0xc0207223
[   20.624060] firmadyne: ioctl: 0xc0207223
[   20.627304] firmadyne: sys_socket[PID: 106 (klogd)]: family:1, type:1, protocol:0
"
sem_get: Key: 4111023a
[   20.634164] firmadyne: ioctl: 0xc0207223
[   20.635945] firmadyne: ioctl: 0xc0207223
[   20.637216] firmadyne: sys_socket[PID: 106 (klogd)]: family:1, type:2, protocol:0
[   20.640397] firmadyne: sys_socket[PID: 106 (klogd)]: family:1, type:1, protocol:0
sem_get: Key: 4111023a
[   20.646048] firmadyne: ioctl: 0xc0207223
[   20.647821] firmadyne: ioctl: 0xc0207223
[   20.649630] firmadyne: sys_socket[PID: 106 (klogd)]: family:1, type:2, protocol:0
nvram_set: pppoe2_schedule_config = "127:0:0:23:59"
[   20.658077] firmadyne: ioctl: 0xc0207223
[   20.659850] firmadyne: ioctl: 0xc0207223
[   20.661056] firmadyne: sys_socket[PID: 106 (klogd)]: family:1, type:1, protocol:0
[   20.662752] firmadyne: sys_socket[PID: 106 (klogd)]: family:1, type:2, protocol:0
sem_get: Key: 4111023a
sem_get[   20.670201] firmadyne: ioctl: 0xc0207223
[   20.671979] firmadyne: ioctl: 0xc0207223
[   20.674171] firmadyne: sys_socket[PID: 106 (klogd)]: family:1, type:1, protocol:0
[   20.675862] firmadyne: sys_socket[PID: 106 (klogd)]: family:1, type:2, protocol:0
: Key: 4111023a
nvram_set[   20.682376] firmadyne: ioctl: 0xc0207223
[   20.684147] firmadyne: ioctl: 0xc0207223
: schedule_config = "127:0:0:23:59"
sem_get: Key: 4111023a[   20.691105] firmadyne: sys_socket[PID: 106 (klogd)]: family:1, type:1, protocol:0
[   20.694409] firmadyne: ioctl: 0xc0207223
[   20.696195] firmadyne: ioctl: 0xc0207223

sem_get: Key: 4111023a
[   20.701323] firmadyne: sys_socket[PID: 106 (klogd)]: family:1, type:2, protocol:0
[   20.707500] firmadyne: ioctl: 0xc0207223
nvram_set: access_control_mode = "0[   20.727546] firmadyne: ioctl: 0xc0207223
[   20.729838] firmadyne: ioctl: 0xc0207223
[   20.731597] firmadyne: ioctl: 0xc0207223
"
sem_get: Key: 4111023a
[   20.737783] firmadyne: ioctl: 0xc0207223
[   20.739561] firmadyne: ioctl: 0xc0207223
sem_get: Key: 4111023a
[   20.745730] firmadyne: ioctl: 0xc0207223
[   20.747509] firmadyne: ioctl: 0xc0207223
nvram_set: fwpt_df_count = "0"
sem_get: Key: 4111023a[   20.753268] firmadyne: sys_socket[PID: 106 (klogd)]: family:1, type:1, protocol:0
[   20.755107] firmadyne: sys_socket[PID: 106 (klogd)]: family:1, type:2, protocol:0
[   20.757865] firmadyne: ioctl: 0xc0207223
[   20.759637] firmadyne: ioctl: 0xc0207223

sem_get: Key: 4111023a
[   20.766612] firmadyne: sys_socket[PID: 106 (klogd)]: family:1, type:1, protocol:0
[   20.768295] firmadyne: sys_socket[PID: 106 (klogd)]: family:1, type:2, protocol:0
[   20.770706] firmadyne: ioctl: 0xc0207223
[   20.772511] firmadyne: ioctl: 0xc0207223
nvram_set: static_if_status = "[   20.779135] firmadyne: sys_socket[PID: 106 (klogd)]: family:1, type:1, protocol:0
[   20.782335] firmadyne: ioctl: 0xc0207223
[   20.784113] firmadyne: ioctl: 0xc0207223
1"
sem_get: Key: 4111023a
[   20.789273] firmadyne: sys_socket[PID: 106 (klogd)]: family:1, type:2, protocol:0
[   20.792547] firmadyne: sys_socket[PID: 106 (klogd)]: family:1, type:1, protocol:0
[   20.795262] firmadyne: ioctl: 0xc0207223
sem_get: Key: 4111023a
[   20.801438] firmadyne: ioctl: 0xc0207223
[   20.803228] firmadyne: ioctl: 0xc0207223
nvram_set: www_relocation = ""
sem_get: Key: [   20.809629] firmadyne: sys_socket[PID: 106 (klogd)]: family:1, type:2, protocol:0
[   20.813150] firmadyne: ioctl: 0xc0207223
[   20.814973] firmadyne: ioctl: 0xc0207223
4111023a
sem_get: Key: 4111023a
[   20.821265] firmadyne: sys_socket[PID: 106 (klogd)]: family:1, type:1, protocol:0
[   20.822983] firmadyne: sys_socket[PID: 106 (klogd)]: family:1, type:2, protocol:0
[   20.825318] firmadyne: ioctl: 0xc0207223
[   20.827146] firmadyne: ioctl: 0xc0207223
nvram_set: usb_info_dev0[   20.834524] firmadyne: sys_socket[PID: 106 (klogd)]: family:1, type:1, protocol:0
[   20.836206] firmadyne: sys_socket[PID: 106 (klogd)]: family:1, type:2, protocol:0
[   20.837905] firmadyne: ioctl: 0xc0207223
[   20.839739] firmadyne: ioctl: 0xc0207223
 = "A200396E0402FF83@1@14.4G@U@1@USB_Storage;U:;0;0@"
sem_get: Key: 4111023a
[   20.847271] firmadyne: sys_socket[PID: 106 (klogd)]: family:1, type:1, protocol:0
[   20.851079] firmadyne: ioctl: 0xc0207223
sem_get: Key: 4111023a
[   20.857124] firmadyne: ioctl: 0xc0207223
[   20.858954] firmadyne: ioctl: 0xc0207223
[   20.861357] firmadyne: sys_socket[PID: 106 (klogd)]: family:1, type:2, protocol:0
[   20.864636] firmadyne: sys_socket[PID: 106 (klogd)]: family:1, type:1, protocol:0
nvram_set: usb_info_dev1 = "[   20.869218] firmadyne: ioctl: 0xc0207223
[   20.871072] firmadyne: ioctl: 0xc0207223
[   20.873845] firmadyne: sys_socket[PID: 106 (klogd)]: family:1, type:2, protocol:0
A200396E0402FF83@1@14.4G@U@1@USB_Storage;U:;0;0@"
sem_get: Key: 4111023a
[   20.881133] firmadyne: ioctl: 0xc0207223
[   20.882954] firmadyne: ioctl: 0xc0207223
[   20.885382] firmadyne: sys_socket[PID: 106 (klogd)]: family:1, type:1, protocol:0
[   20.887099] firmadyne: sys_socket[PID: 106 (klogd)]: family:1, type:2, protocol:0
sem_get: Key: 4111023a
[   20.893078] firmadyne: ioctl: 0xc0207223
[   20.894910] firmadyne: ioctl: 0xc0207223
[   20.898628] firmadyne: sys_socket[PID: 106 (klogd)]: family:1, type:1, protocol:0
[   20.900297] firmadyne: sys_socket[PID: 106 (klogd)]: family:1, type:2, protocol:0
nvram_set: usb_info_dev2 = "A200396E0402FF83@1@14.4G@U@1@USB_Storage;U:;0;0@[   20.906731] firmadyne: ioctl: 0xc0207223
[   20.908842] firmadyne: ioctl: 0xc0207223
"
sem_get: Key: 4111023a
[   20.915098] firmadyne: sys_socket[PID: 106 (klogd)]: family:1, type:1, protocol:0
[   20.918518] firmadyne: ioctl: 0xc0207223
[   20.920329] firmadyne: ioctl: 0xc0207223
sem_get: Key: 4111023a
[   20.925116] firmadyne: sys_socket[PID: 106 (klogd)]: family:1, type:2, protocol:0
[   20.928324] firmadyne: sys_socket[PID: 106 (klogd)]: family:1, type:1, protocol:0
[   20.931116] firmadyne: ioctl: 0xc0207223
nvram_set: usb_info_dev3 = "A200396E0402FF83@1@14.4G@U@1@USB_Storage;U:;0;0@"
[   20.937470] firmadyne: ioctl: 0xc0207223
[   20.939289] firmadyne: ioctl: 0xc0207223
[   20.941624] firmadyne: sys_socket[PID: 106 (klogd)]: family:1, type:2, protocol:0
sem_get: Key: 4111023a
sem_get[   20.949717] firmadyne: ioctl: 0xc0207223
[   20.951506] firmadyne: ioctl: 0xc0207223
[   20.953060] firmadyne: sys_socket[PID: 106 (klogd)]: family:1, type:1, protocol:0
[   20.954760] firmadyne: sys_socket[PID: 106 (klogd)]: family:1, type:2, protocol:0
: Key: 4111023a
nvram_set[   20.961992] firmadyne: ioctl: 0xc0207223
[   20.963763] firmadyne: ioctl: 0xc0207223
[   20.966210] firmadyne: sys_socket[PID: 106 (klogd)]: family:1, type:1, protocol:0
[   20.967918] firmadyne: sys_socket[PID: 106 (klogd)]: family:1, type:2, protocol:0
: usb_info_dev4 = "A200396E0402FF83@1@14.4G@U@1@USB_Storage;U:;0;0@"
sem_get: Key: [   20.974005] firmadyne: ioctl: 0xc0207223
[   20.975775] firmadyne: ioctl: 0xc0207223
[   20.979136] firmadyne: sys_socket[PID: 106 (klogd)]: family:1, type:1, protocol:0
4111023a
sem_get: Key: 4111023a
[   20.986331] firmadyne: ioctl: 0xc0207223
[   20.988105] firmadyne: ioctl: 0xc0207223
[   20.989333] firmadyne: sys_socket[PID: 106 (klogd)]: family:1, type:2, protocol:0
[   20.992488] firmadyne: sys_socket[PID: 106 (klogd)]: family:1, type:1, protocol:0
nvram_set: [   20.998287] firmadyne: ioctl: 0xc0207223
[   21.000056] firmadyne: ioctl: 0xc0207223
usb_info_dev5 = "A200396E0402FF83@1@14.4G@U@1@USB_Storage;U:;0;0@"
sem_get: Key: 4111023a
[   21.005900] firmadyne: sys_socket[PID: 106 (klogd)]: family:1, type:2, protocol:0
[   21.010208] firmadyne: ioctl: 0xc0207223
[   21.011974] firmadyne: ioctl: 0xc0207223
sem_get: Key: 4111023a
[   21.017392] firmadyne: sys_socket[PID: 106 (klogd)]: family:1, type:1, protocol:0
[   21.019094] firmadyne: sys_socket[PID: 106 (klogd)]: family:1, type:2, protocol:0
[   21.022338] firmadyne: ioctl: 0xc0207223
[   21.024111] firmadyne: ioctl: 0xc0207223
nvram_set: usb_info_dev6 = "A200396E0402FF83@1@14.4G@U@1@USB_Storage;U:;0;0@[   21.030722] firmadyne: sys_socket[PID: 106 (klogd)]: family:1, type:1, protocol:0
[   21.032393] firmadyne: sys_socket[PID: 106 (klogd)]: family:1, type:2, protocol:0
[   21.035172] firmadyne: ioctl: 0xc0207223
"
sem_get: Key: 4111023a
[   21.041103] firmadyne: ioctl: 0xc0207223
[   21.042927] firmadyne: ioctl: 0xc0207223
[   21.047279] firmadyne: sys_socket[PID: 106 (klogd)]: family:1, type:1, protocol:0
sem_get: Key: 4111023a
[   21.052993] firmadyne: ioctl: 0xc0207223
[   21.054826] firmadyne: ioctl: 0xc0207223
[   21.057220] firmadyne: sys_socket[PID: 106 (klogd)]: family:1, type:2, protocol:0
[   21.060349] firmadyne: sys_socket[PID: 106 (klogd)]: family:1, type:1, protocol:0
nvram_set: usb_info_dev7 = "A200396E0402FF83@1@14.4G@U@1@USB_Storage;U:;0;0@[   21.064975] firmadyne: ioctl: 0xc0207223
[   21.066824] firmadyne: ioctl: 0xc0207223
[   21.068842] firmadyne: ioctl: 0xc0207223
"
sem_get: Key: 4111023a
[   21.073682] firmadyne: sys_socket[PID: 106 (klogd)]: family:1, type:2, protocol:0
sem_get: Key: 4111023a
[   21.082169] firmadyne: ioctl: 0xc0207223
[   21.083948] firmadyne: ioctl: 0xc0207223
[   21.085172] firmadyne: sys_socket[PID: 106 (klogd)]: family:1, type:1, protocol:0
[   21.086875] firmadyne: sys_socket[PID: 106 (klogd)]: family:1, type:2, protocol:0
nvram_set: usb_info_dev8 = "A200396E0402FF83@1@14.4G@U@1@USB_Storage;U:;0;0@"
[   21.094101] firmadyne: ioctl: 0xc0207223
[   21.095873] firmadyne: ioctl: 0xc0207223
[   21.098225] firmadyne: sys_socket[PID: 106 (klogd)]: family:1, type:1, protocol:0
[   21.099923] firmadyne: sys_socket[PID: 106 (klogd)]: family:1, type:2, protocol:0
sem_get: Key: 4111023a
[   21.107536] firmadyne: ioctl: 0xc0207223
[   21.111081] firmadyne: sys_socket[PID: 106 (klogd)]: family:1, type:1, protocol:0
[   21.113975] firmadyne: ioctl: 0xc0207223
[   21.115751] firmadyne: ioctl: 0xc0207223
sem_get: Key: 4111023a
[   21.120973] firmadyne: sys_socket[PID: 106 (klogd)]: family:1, type:2, protocol:0
[   21.124161] firmadyne: sys_socket[PID: 106 (klogd)]: family:1, type:1, protocol:0
[   21.126687] firmadyne: ioctl: 0xc0207223
[   21.128488] firmadyne: ioctl: 0xc0207223
nvram_set: usb_info_dev9 = "A200396E0402FF83@1@14.4G@U@1@USB_Storage;U:;0;0@"
[   21.133609] firmadyne: sys_socket[PID: 106 (klogd)]: family:1, type:2, protocol:0
[   21.138209] firmadyne: ioctl: 0xc0207223
[   21.139995] firmadyne: ioctl: 0xc0207223
sem_get: Key: 4111023a
sem_get: Key: [   21.145441] firmadyne: sys_socket[PID: 106 (klogd)]: family:1, type:1, protocol:0
[   21.147160] firmadyne: sys_socket[PID: 106 (klogd)]: family:1, type:2, protocol:0
[   21.150330] firmadyne: ioctl: 0xc0207223
[   21.152107] firmadyne: ioctl: 0xc0207223
4111023a
nvram_set: [   21.158848] firmadyne: sys_socket[PID: 106 (klogd)]: family:1, type:1, protocol:0
[   21.160537] firmadyne: sys_socket[PID: 106 (klogd)]: family:1, type:2, protocol:0
[   21.163236] firmadyne: ioctl: 0xc0207223
usb_info_dev10 = "A200396E0402FF83@1@14.4G@U@1@USB_Storage;U:;0;0@"
sem_get: Key: 4111023a[   21.169159] firmadyne: ioctl: 0xc0207223
[   21.170980] firmadyne: ioctl: 0xc0207223

sem_get: Key: 4111023a
[   21.179229] firmadyne: sys_socket[PID: 106 (klogd)]: family:1, type:1, protocol:0
[   21.181288] firmadyne: ioctl: 0xc0207223
[   21.183111] firmadyne: ioctl: 0xc0207223
nvram_set: usb_info_dev11 = "[   21.189465] firmadyne: sys_socket[PID: 106 (klogd)]: family:1, type:2, protocol:0
[   21.193194] firmadyne: ioctl: 0xc0207223
[   21.195158] firmadyne: ioctl: 0xc0207223
A200396E0402FF83@1@14.4G@U@1@USB_Storage;U:;0;0@"
sem_get: Key: 4111023a
[   21.201173] firmadyne: sys_socket[PID: 106 (klogd)]: family:1, type:1, protocol:0
[   21.203022] firmadyne: sys_socket[PID: 106 (klogd)]: family:1, type:2, protocol:0
[   21.205307] firmadyne: ioctl: 0xc0207223
[   21.207295] firmadyne: ioctl: 0xc0207223
sem_get: Key: 4111023a
[   21.214696] firmadyne: sys_socket[PID: 106 (klogd)]: family:1, type:1, protocol:0
[   21.216355] firmadyne: sys_socket[PID: 106 (klogd)]: family:1, type:2, protocol:0
[   21.218753] firmadyne: ioctl: 0xc0207223
[   21.220737] firmadyne: ioctl: 0xc0207223
nvram_set: usb_info_dev12 = "[   21.227288] firmadyne: sys_socket[PID: 106 (klogd)]: family:1, type:1, protocol:0
[   21.230411] firmadyne: ioctl: 0xc0207223
[   21.232186] firmadyne: ioctl: 0xc0207223
A200396E0402FF83@1@14.4G@U@1@USB_Storage;U:;0;0@"
sem_get: Key: 4111023a
[   21.237402] firmadyne: sys_socket[PID: 106 (klogd)]: family:1, type:2, protocol:0
[   21.240601] firmadyne: sys_socket[PID: 106 (klogd)]: family:1, type:1, protocol:0
[   21.243305] firmadyne: ioctl: 0xc0207223
sem_get: Key: 4111023a
[   21.249481] firmadyne: ioctl: 0xc0207223
[   21.251265] firmadyne: ioctl: 0xc0207223
[   21.254019] firmadyne: sys_socket[PID: 106 (klogd)]: family:1, type:2, protocol:0
nvram_set: usb_info_dev13 = "A200396E0402FF83@1@14.4G@U@1@USB_Storage;U:;0;0@"
[   21.261539] firmadyne: sys_socket[PID: 106 (klogd)]: family:1, type:1, protocol:0
[   21.263241] firmadyne: sys_socket[PID: 106 (klogd)]: family:1, type:2, protocol:0
[   21.265353] firmadyne: ioctl: 0xc0207223
[   21.267171] firmadyne: ioctl: 0xc0207223
sem_get: Key: 4111023a
sem_get[   21.273370] firmadyne: ioctl: 0xc0207223
[   21.275186] firmadyne: ioctl: 0xc0207223
[   21.278952] firmadyne: sys_socket[PID: 106 (klogd)]: family:1, type:1, protocol:0
[   21.280863] firmadyne: sys_socket[PID: 106 (klogd)]: family:1, type:2, protocol:0
: Key: 4111023a
[   21.285087] firmadyne: ioctl: 0xc0207223
[   21.286911] firmadyne: ioctl: 0xc0207223
nvram_set: usb_info_dev14 = "A200396E0402FF83@1@14.4G@U@1@USB_Storage;U:;0;0@"
[   21.295058] firmadyne: sys_socket[PID: 106 (klogd)]: family:1, type:1, protocol:0
sem_get: Key: 4111023a
sem_get: Key: [   21.301422] firmadyne: ioctl: 0xc0207223
[   21.303254] firmadyne: ioctl: 0xc0207223
[   21.306689] firmadyne: sys_socket[PID: 106 (klogd)]: family:1, type:2, protocol:0
[   21.310332] firmadyne: sys_socket[PID: 106 (klogd)]: family:1, type:1, protocol:0
[   21.311987] firmadyne: sys_socket[PID: 106 (klogd)]: family:1, type:2, protocol:0
[   21.313629] firmadyne: ioctl: 0xc0207223
[   21.315454] firmadyne: ioctl: 0xc0207223
4111023a
nvram_set: [   21.323246] firmadyne: sys_socket[PID: 106 (klogd)]: family:1, type:1, protocol:0
[   21.325831] firmadyne: ioctl: 0xc0207223
[   21.327664] firmadyne: ioctl: 0xc0207223
usb_info_dev15 = "A200396E0402FF83@1@14.4G@U@1@USB_Storage;U:;0;0@"
sem_get: Key: 4111023a
[   21.333311] firmadyne: sys_socket[PID: 106 (klogd)]: family:1, type:2, protocol:0
[   21.336454] firmadyne: sys_socket[PID: 106 (klogd)]: family:1, type:1, protocol:0
[   21.338842] firmadyne: ioctl: 0xc0207223
sem_get: Key: 4111023a
[   21.344967] firmadyne: ioctl: 0xc0207223
[   21.346802] firmadyne: ioctl: 0xc0207223
[   21.348803] firmadyne: ioctl: 0xc0207223
nvram_set: usb_info_dev16 = "A200396E0402FF83@1@14.4G@U@1@USB_Storage;U:;0;0@[   21.354214] firmadyne: sys_socket[PID: 106 (klogd)]: family:1, type:2, protocol:0
[   21.358479] firmadyne: ioctl: 0xc0207223
[   21.360329] firmadyne: ioctl: 0xc0207223
[   21.362222] firmadyne: sys_socket[PID: 106 (klogd)]: family:1, type:1, protocol:0
[   21.363926] firmadyne: sys_socket[PID: 106 (klogd)]: family:1, type:2, protocol:0
"
sem_get: Key: 4111023a
[   21.370536] firmadyne: ioctl: 0xc0207223
[   21.372354] firmadyne: ioctl: 0xc0207223
[   21.375640] firmadyne: sys_socket[PID: 106 (klogd)]: family:1, type:1, protocol:0
sem_get: Key: 4111023a
[   21.381626] firmadyne: sys_socket[PID: 106 (klogd)]: family:1, type:2, protocol:0
[   21.386323] firmadyne: ioctl: 0xc0207223
[   21.388097] firmadyne: ioctl: 0xc0207223
nvram_set: usb_info_dev17 = "A200396E0402FF83@1@14.4G@U@1@USB_Storage;U:;0;0@"
[   21.393030] firmadyne: sys_socket[PID: 106 (klogd)]: family:1, type:1, protocol:0
[   21.394736] firmadyne: sys_socket[PID: 106 (klogd)]: family:1, type:2, protocol:0
sem_get: Key: 4111023a
sem_get: Key: [   21.402522] firmadyne: ioctl: 0xc0207223
[   21.404296] firmadyne: ioctl: 0xc0207223
[   21.406645] firmadyne: sys_socket[PID: 106 (klogd)]: family:1, type:1, protocol:0
[   21.408491] firmadyne: sys_socket[PID: 106 (klogd)]: family:1, type:2, protocol:0
[   21.411194] firmadyne: ioctl: 0xc0207223
4111023a
nvram_set[   21.417199] firmadyne: ioctl: 0xc0207223
[   21.419069] firmadyne: ioctl: 0xc0207223
: usb_info_dev18 = "A200396E0402FF83@1@14.4G@U@1@USB_Storage;U:;0;0@"
sem_get[   21.427713] firmadyne: sys_socket[PID: 106 (klogd)]: family:1, type:1, protocol:0
[   21.429752] firmadyne: ioctl: 0xc0207223
[   21.431977] firmadyne: ioctl: 0xc0207223
: Key: 4111023a
sem_get[   21.437944] firmadyne: sys_socket[PID: 106 (klogd)]: family:1, type:2, protocol:0
[   21.442393] firmadyne: ioctl: 0xc0207223
[   21.444333] firmadyne: ioctl: 0xc0207223
: Key: 4111023a
[   21.449921] firmadyne: sys_socket[PID: 106 (klogd)]: family:1, type:1, protocol:0
[   21.452080] firmadyne: sys_socket[PID: 106 (klogd)]: family:1, type:2, protocol:0
nvram_set: usb_info_dev19 = "A200396E0402FF83@1@14.4G@U@1@USB_Storage;U:;0;0@[   21.458878] firmadyne: ioctl: 0xc0207223
[   21.463953] firmadyne: sys_socket[PID: 106 (klogd)]: family:1, type:1, protocol:0
"
sem_get: Key: 4111023a
[   21.469654] firmadyne: ioctl: 0xc0207223
[   21.471796] firmadyne: ioctl: 0xc0207223
[   21.474087] firmadyne: sys_socket[PID: 106 (klogd)]: family:1, type:2, protocol:0
sem_get: Key: 4111023a
[   21.482327] firmadyne: ioctl: 0xc0207223
[   21.484478] firmadyne: ioctl: 0xc0207223
[   21.487049] firmadyne: sys_socket[PID: 106 (klogd)]: family:1, type:1, protocol:0
nvram_set: usb_info_dev20[   21.494948] firmadyne: ioctl: 0xc0207223
[   21.497692] firmadyne: sys_socket[PID: 106 (klogd)]: family:1, type:2, protocol:0
 = "A200396E0402FF83@1@14.4G@U@1@USB_Storage;U:;0;0@"
sem_get: Key: 4111023a
[   21.507165] firmadyne: ioctl: 0xc0207223
[   21.509701] firmadyne: ioctl: 0xc0207223
[   21.511882] firmadyne: ioctl: 0xc0207223
[   21.514238] firmadyne: sys_socket[PID: 106 (klogd)]: family:1, type:1, protocol:0
[   21.516292] firmadyne: sys_socket[PID: 106 (klogd)]: family:1, type:2, protocol:0
sem_get: Key: 4111023a
[   21.526509] firmadyne: ioctl: 0xc0207223
[   21.531955] firmadyne: sys_socket[PID: 106 (klogd)]: family:1, type:1, protocol:0
nvram_set: usb_info_dev21 = "A200396E0402FF83@1@14.4G@U@1@USB_Storage;U:;0;0@[   21.537192] firmadyne: ioctl: 0xc0207223
[   21.539315] firmadyne: ioctl: 0xc0207223
[   21.541862] firmadyne: sys_socket[PID: 106 (klogd)]: family:1, type:2, protocol:0
"
sem_get: Key: 4111023a
[   21.549640] firmadyne: ioctl: 0xc0207223
[   21.551427] firmadyne: ioctl: 0xc0207223
[   21.553750] firmadyne: sys_socket[PID: 106 (klogd)]: family:1, type:1, protocol:0
[   21.555621] firmadyne: sys_socket[PID: 106 (klogd)]: family:1, type:2, protocol:0
sem_get: Key: 4111023a
[   21.561603] firmadyne: ioctl: 0xc0207223
[   21.563515] firmadyne: ioctl: 0xc0207223
[   21.567179] firmadyne: sys_socket[PID: 106 (klogd)]: family:1, type:1, protocol:0
nvram_set: usb_info_dev22 = "A200396E0402FF83@1@14.4G@U@1@USB_Storage;U:;0;0@"
[   21.573794] firmadyne: ioctl: 0xc0207223
[   21.575571] firmadyne: ioctl: 0xc0207223
[   21.577222] firmadyne: sys_socket[PID: 106 (klogd)]: family:1, type:2, protocol:0
[   21.580443] firmadyne: sys_socket[PID: 106 (klogd)]: family:1, type:1, protocol:0
sem_get: Key: 4111023a
[   21.585928] firmadyne: ioctl: 0xc0207223
[   21.587706] firmadyne: ioctl: 0xc0207223
sem_get: Key: 4111023a
[   21.593622] firmadyne: sys_socket[PID: 106 (klogd)]: family:1, type:2, protocol:0
[   21.597935] firmadyne: ioctl: 0xc0207223
[   21.599712] firmadyne: ioctl: 0xc0207223
nvram_set: usb_info_dev23 = "A200396E0402FF83@1@14.4G@U@1@USB_Storage;U:;0;0@"
sem_get[   21.605245] firmadyne: sys_socket[PID: 106 (klogd)]: family:1, type:1, protocol:0
[   21.606958] firmadyne: sys_socket[PID: 106 (klogd)]: family:1, type:2, protocol:0
[   21.610159] firmadyne: ioctl: 0xc0207223
[   21.611935] firmadyne: ioctl: 0xc0207223
: Key: 4111023a
sem_get: Key: 4111023a[   21.618618] firmadyne: sys_socket[PID: 106 (klogd)]: family:1, type:1, protocol:0
[   21.622291] firmadyne: ioctl: 0xc0207223
[   21.624073] firmadyne: ioctl: 0xc0207223

nvram_set: usb_info_dev24[   21.629138] firmadyne: sys_socket[PID: 106 (klogd)]: family:1, type:2, protocol:0
[   21.632360] firmadyne: sys_socket[PID: 106 (klogd)]: family:1, type:1, protocol:0
[   21.635222] firmadyne: ioctl: 0xc0207223
 = "A200396E0402FF83@1@14.4G@U@1@USB_Storage;U:;0;0@"
sem_get: Key: 4111023a
[   21.641762] firmadyne: sys_socket[PID: 106 (klogd)]: family:1, type:2, protocol:0
[   21.645488] firmadyne: ioctl: 0xc0207223
[   21.647289] firmadyne: ioctl: 0xc0207223
sem_get: Key: 4111023a
[   21.653448] firmadyne: sys_socket[PID: 106 (klogd)]: family:1, type:1, protocol:0
[   21.655159] firmadyne: sys_socket[PID: 106 (klogd)]: family:1, type:2, protocol:0
[   21.657635] firmadyne: ioctl: 0xc0207223
[   21.659436] firmadyne: ioctl: 0xc0207223
nvram_set: usb_info_dev25 = "A200396E0402FF83@1@14.4G@U@1@USB_Storage;U:;0;0@"
[   21.666604] firmadyne: sys_socket[PID: 106 (klogd)]: family:1, type:1, protocol:0
[   21.668277] firmadyne: sys_socket[PID: 106 (klogd)]: family:1, type:2, protocol:0
[   21.670472] firmadyne: ioctl: 0xc0207223
[   21.672257] firmadyne: ioctl: 0xc0207223
sem_get: Key: 4111023a
sem_get[   21.678580] firmadyne: ioctl: 0xc0207223
[   21.680366] firmadyne: ioctl: 0xc0207223
[   21.683695] firmadyne: sys_socket[PID: 106 (klogd)]: family:1, type:1, protocol:0
: Key: 4111023a
nvram_set[   21.690503] firmadyne: ioctl: 0xc0207223
[   21.692277] firmadyne: ioctl: 0xc0207223
[   21.694038] firmadyne: sys_socket[PID: 106 (klogd)]: family:1, type:2, protocol:0
: usb_info_dev26 = "A200396E0402FF83@1@14.4G@U@1@USB_Storage;U:;0;0@"
sem_get: Key: 4111023a[   21.702200] firmadyne: ioctl: 0xc0207223
[   21.703968] firmadyne: ioctl: 0xc0207223
[   21.706868] firmadyne: sys_socket[PID: 106 (klogd)]: family:1, type:1, protocol:0
[   21.708607] firmadyne: sys_socket[PID: 106 (klogd)]: family:1, type:2, protocol:0

sem_get: Key: [   21.714280] firmadyne: ioctl: 0xc0207223
[   21.716072] firmadyne: ioctl: 0xc0207223
[   21.719472] firmadyne: sys_socket[PID: 106 (klogd)]: family:1, type:1, protocol:0
4111023a
nvram_set: [   21.725551] firmadyne: sys_socket[PID: 106 (klogd)]: family:1, type:2, protocol:0
[   21.730222] firmadyne: ioctl: 0xc0207223
[   21.732004] firmadyne: ioctl: 0xc0207223
usb_info_dev27 = "A200396E0402FF83@1@14.4G@U@1@USB_Storage;U:;0;0@"
sem_get: Key: 4111023a
[   21.737194] firmadyne: sys_socket[PID: 106 (klogd)]: family:1, type:1, protocol:0
[   21.738911] firmadyne: sys_socket[PID: 106 (klogd)]: family:1, type:2, protocol:0
[   21.742194] firmadyne: ioctl: 0xc0207223
[   21.743960] firmadyne: ioctl: 0xc0207223
sem_get: Key: 4111023a
[   21.750450] firmadyne: sys_socket[PID: 106 (klogd)]: family:1, type:1, protocol:0
[   21.752126] firmadyne: sys_socket[PID: 106 (klogd)]: family:1, type:2, protocol:0
[   21.754840] firmadyne: ioctl: 0xc0207223
nvram_set: usb_info_dev28 = "A200396E0402FF83@1@14.4G@U@1@USB_Storage;U:;0;0@"
[   21.761260] firmadyne: ioctl: 0xc0207223
[   21.763097] firmadyne: ioctl: 0xc0207223
[   21.767374] firmadyne: sys_socket[PID: 106 (klogd)]: family:1, type:1, protocol:0
sem_get: Key: 4111023a
sem_get[   21.773532] firmadyne: ioctl: 0xc0207223
[   21.775371] firmadyne: ioctl: 0xc0207223
[   21.777213] firmadyne: sys_socket[PID: 106 (klogd)]: family:1, type:2, protocol:0
[   21.780372] firmadyne: sys_socket[PID: 106 (klogd)]: family:1, type:1, protocol:0
[   21.782517] firmadyne: ioctl: 0xc0207223
[   21.784296] firmadyne: ioctl: 0xc0207223
: Key: 4111023a
nvram_set[   21.789948] firmadyne: sys_socket[PID: 106 (klogd)]: family:1, type:2, protocol:0
[   21.794206] firmadyne: ioctl: 0xc0207223
[   21.795974] firmadyne: ioctl: 0xc0207223
: usb_info_dev29 = "A200396E0402FF83@1@14.4G@U@1@USB_Storage;U:;0;0@"
sem_get: Key: 4111023a
[   21.801786] firmadyne: sys_socket[PID: 106 (klogd)]: family:1, type:1, protocol:0
[   21.803501] firmadyne: sys_socket[PID: 106 (klogd)]: family:1, type:2, protocol:0
[   21.806643] firmadyne: ioctl: 0xc0207223
[   21.808417] firmadyne: ioctl: 0xc0207223
sem_get: Key: 4111023a
[   21.830396] firmadyne: ioctl: 0xc0207223
[   21.832165] firmadyne: ioctl: 0xc0207223
nvram_set: usb_info_dev30 = "[   21.838137] firmadyne: ioctl: 0xc0207223
[   21.839917] firmadyne: ioctl: 0xc0207223
A200396E0402FF83@1@14.4G@U@1@USB_Storage;U:;0;0@"
sem_get: Key: 4111023a
[   21.846063] firmadyne: ioctl: 0xc0207223
[   21.847834] firmadyne: ioctl: 0xc0207223
sem_get: Key: 4111023a
[   21.854011] firmadyne: ioctl: 0xc0207223
[   21.855789] firmadyne: ioctl: 0xc0207223
nvram_set: usb_info_dev31 = "A200396E0402FF83@1@14.4G@U@1@USB_Storage;U:;0;0@"
sem_get[   21.861550] firmadyne: sys_socket[PID: 106 (klogd)]: family:1, type:1, protocol:0
[   21.863257] firmadyne: sys_socket[PID: 106 (klogd)]: family:1, type:2, protocol:0
[   21.866226] firmadyne: ioctl: 0xc0207223
[   21.867994] firmadyne: ioctl: 0xc0207223
: Key: 4111023a
sem_get: Key: 4111023a[   21.874881] firmadyne: sys_socket[PID: 106 (klogd)]: family:1, type:1, protocol:0
[   21.876588] firmadyne: sys_socket[PID: 106 (klogd)]: family:1, type:2, protocol:0
[   21.879291] firmadyne: ioctl: 0xc0207223

nvram_set: usb_info_dev32 = "[   21.885720] firmadyne: ioctl: 0xc0207223
[   21.887499] firmadyne: ioctl: 0xc0207223
[   21.891140] firmadyne: sys_socket[PID: 106 (klogd)]: family:1, type:1, protocol:0
A200396E0402FF83@1@14.4G@U@1@USB_Storage;U:;0;0@"
sem_get: Key: 4111023a
[   21.897677] firmadyne: ioctl: 0xc0207223
[   21.899449] firmadyne: ioctl: 0xc0207223
[   21.901115] firmadyne: sys_socket[PID: 106 (klogd)]: family:1, type:2, protocol:0
[   21.904288] firmadyne: sys_socket[PID: 106 (klogd)]: family:1, type:1, protocol:0
sem_get: Key: 4111023a
nvram_set: [   21.913978] firmadyne: ioctl: 0xc0207223
[   21.915757] firmadyne: ioctl: 0xc0207223
[   21.917835] firmadyne: sys_socket[PID: 106 (klogd)]: family:1, type:2, protocol:0
[   21.922090] firmadyne: ioctl: 0xc0207223
[   21.923860] firmadyne: ioctl: 0xc0207223
usb_info_dev33 = "A200396E0402FF83@1@14.4G@U@1@USB_Storage;U:;0;0@"
sem_get: Key: 4111023a
[   21.929473] firmadyne: sys_socket[PID: 106 (klogd)]: family:1, type:1, protocol:0
[   21.931178] firmadyne: sys_socket[PID: 106 (klogd)]: family:1, type:2, protocol:0
[   21.934222] firmadyne: ioctl: 0xc0207223
[   21.935992] firmadyne: ioctl: 0xc0207223
sem_get: Key: 4111023a
[   21.942677] firmadyne: sys_socket[PID: 106 (klogd)]: family:1, type:1, protocol:0
[   21.944345] firmadyne: sys_socket[PID: 106 (klogd)]: family:1, type:2, protocol:0
[   21.947100] firmadyne: ioctl: 0xc0207223
nvram_set: usb_info_dev34 = "A200396E0402FF83@1@14.4G@U@1@USB_Storage;U:;0;0@[   21.953171] firmadyne: ioctl: 0xc0207223
[   21.954998] firmadyne: ioctl: 0xc0207223
[   21.959247] firmadyne: sys_socket[PID: 106 (klogd)]: family:1, type:1, protocol:0
"
sem_get: Key: 4111023a
[   21.965089] firmadyne: ioctl: 0xc0207223
[   21.966909] firmadyne: ioctl: 0xc0207223
[   21.969371] firmadyne: sys_socket[PID: 106 (klogd)]: family:1, type:2, protocol:0
[   21.972523] firmadyne: sys_socket[PID: 106 (klogd)]: family:1, type:1, protocol:0
sem_get: Key: 4111023a
[   21.976991] firmadyne: ioctl: 0xc0207223
[   21.978820] firmadyne: ioctl: 0xc0207223
[   21.980827] firmadyne: ioctl: 0xc0207223
nvram_set: usb_info_dev35 = "A200396E0402FF83@1@14.4G@U@1@USB_Storage;U:;0;0@[   21.986159] firmadyne: sys_socket[PID: 106 (klogd)]: family:1, type:2, protocol:0
"
sem_get: Key: 4111023a
[   21.993597] firmadyne: sys_socket[PID: 106 (klogd)]: family:1, type:1, protocol:0
[   21.995296] firmadyne: sys_socket[PID: 106 (klogd)]: family:1, type:2, protocol:0
[   21.998465] firmadyne: ioctl: 0xc0207223
[   22.000231] firmadyne: ioctl: 0xc0207223
sem_get: Key: 4111023a
[   22.006142] firmadyne: ioctl: 0xc0207223
[   22.007914] firmadyne: ioctl: 0xc0207223
[   22.010651] firmadyne: sys_socket[PID: 106 (klogd)]: family:1, type:1, protocol:0
[   22.012308] firmadyne: sys_socket[PID: 106 (klogd)]: family:1, type:2, protocol:0
nvram_set: usb_info_dev36 = "A200396E0402FF83@1@14.4G@U@1@USB_Storage;U:;0;0@"
[   22.018381] firmadyne: ioctl: 0xc0207223
[   22.020147] firmadyne: ioctl: 0xc0207223
[   22.023398] firmadyne: sys_socket[PID: 106 (klogd)]: family:1, type:1, protocol:0
sem_get: Key: 4111023a
[   22.030174] firmadyne: ioctl: 0xc0207223
[   22.031937] firmadyne: ioctl: 0xc0207223
[   22.033215] firmadyne: sys_socket[PID: 106 (klogd)]: family:1, type:2, protocol:0
[   22.036349] firmadyne: sys_socket[PID: 106 (klogd)]: family:1, type:1, protocol:0
sem_get: Key: 4111023a
[   22.042031] firmadyne: ioctl: 0xc0207223
[   22.043809] firmadyne: ioctl: 0xc0207223
nvram_set: usb_info_dev37 = "A200396E0402FF83@1@14.4G@U@1@USB_Storage;U:;0;0@"
[   22.049632] firmadyne: sys_socket[PID: 106 (klogd)]: family:1, type:2, protocol:0
[   22.054038] firmadyne: ioctl: 0xc0207223
[   22.055804] firmadyne: ioctl: 0xc0207223
sem_get: Key: 4111023a
sem_get: Key: [   22.061527] firmadyne: sys_socket[PID: 106 (klogd)]: family:1, type:1, protocol:0
[   22.063228] firmadyne: sys_socket[PID: 106 (klogd)]: family:1, type:2, protocol:0
[   22.066225] firmadyne: ioctl: 0xc0207223
[   22.067995] firmadyne: ioctl: 0xc0207223
4111023a
nvram_set: usb_info_dev38[   22.075007] firmadyne: sys_socket[PID: 106 (klogd)]: family:1, type:1, protocol:0
[   22.078304] firmadyne: ioctl: 0xc0207223
[   22.080071] firmadyne: ioctl: 0xc0207223
[   22.081173] firmadyne: sys_socket[PID: 106 (klogd)]: family:1, type:2, protocol:0
[   22.084382] firmadyne: sys_socket[PID: 106 (klogd)]: family:1, type:1, protocol:0
 = "A200396E0402FF83@1@14.4G@U@1@USB_Storage;U:;0;0@"
