[    0.000000] Linux version 4.1.17+ (alessio@pc) (gcc version 5.5.0 20171010 (Ubuntu 5.5.0-12ubuntu1) ) #1 Mon May 15 23:04:08 CEST 2023
[    0.000000] earlycon: Early serial console at I/O port 0x3f8 (options '38400n8')
[    0.000000] bootconsole [uart0] enabled
[    0.000000] CPU0 revision is: 00019300 (MIPS 24Kc)
[    0.000000] FPU revision is: 00739300
[    0.000000] Software DMA cache coherency enabled
[    0.000000] Determined physical RAM map:
[    0.000000]  memory: 00001000 @ 00000000 (reserved)
[    0.000000]  memory: 000ef000 @ 00001000 (ROM data)
[    0.000000]  memory: 00798000 @ 000f0000 (reserved)
[    0.000000]  memory: 0f777000 @ 00888000 (usable)
[    0.000000] debug: ignoring loglevel setting.
[    0.000000] Wasting 69888 bytes for tracking 2184 unused pages
[    0.000000] Initrd not found or empty - disabling initrd
[    0.000000] Zone ranges:
[    0.000000]   DMA      [mem 0x0000000000000000-0x0000000000ffffff]
[    0.000000]   Normal   [mem 0x0000000001000000-0x000000000fffefff]
[    0.000000] Movable zone start for each node
[    0.000000] Early memory node ranges
[    0.000000]   node   0: [mem 0x0000000000000000-0x000000000fffefff]
[    0.000000] Initmem setup node 0 [mem 0x0000000000000000-0x000000000fffefff]
[    0.000000] On node 0 totalpages: 65535
[    0.000000] free_area_init_node: node 0, pgdat 8081d5b0, node_mem_map 81000000
[    0.000000]   DMA zone: 32 pages used for memmap
[    0.000000]   DMA zone: 0 pages reserved
[    0.000000]   DMA zone: 4096 pages, LIFO batch:0
[    0.000000]   Normal zone: 480 pages used for memmap
[    0.000000]   Normal zone: 61439 pages, LIFO batch:15
[    0.000000] Primary instruction cache 2kB, VIPT, 2-way, linesize 16 bytes.
[    0.000000] Primary data cache 2kB, 2-way, VIPT, no aliases, linesize 16 bytes
[    0.000000] pcpu-alloc: s0 r0 d32768 u32768 alloc=1*32768
[    0.000000] pcpu-alloc: [0] 0 
[    0.000000] Built 1 zonelists in Zone order, mobility grouping on.  Total pages: 65023
[    0.000000] Kernel command line: root=/dev/sda1 console=ttyS0 nandsim.parts=64,64,64,64,64,64,64,64,64,64 rdinit=/firmadyne/preInit.sh rw debug ignore_loglevel print-fatal-signals=1 FIRMAE_NET=true FIRMAE_NVRAM=true FIRMAE_KERNEL=true FIRMAE_ETC=true user_debug=0 firmadyne.syscall=1 noka
[    0.000000] found FIRMAE_KERNEL=t
[    0.000000] set the LD_PRELOAD=/firmadyne/libnvram_ioctl.so
[    0.000000] PID hash table entries: 1024 (order: 0, 4096 bytes)
[    0.000000] Dentry cache hash table entries: 32768 (order: 5, 131072 bytes)
[    0.000000] Inode-cache hash table entries: 16384 (order: 4, 65536 bytes)
[    0.000000] Writing ErrCtl register=00000000
[    0.000000] Readback ErrCtl register=00000000
[    0.000000] Memory: 251112K/262140K available (5360K kernel code, 244K rwdata, 1676K rodata, 260K init, 158K bss, 11028K reserved, 0K cma-reserved)
[    0.000000] NR_IRQS:256
[    0.000000] CPU frequency 200.01 MHz
[    0.000000] clocksource MIPS: mask: 0xffffffff max_cycles: 0xffffffff, max_idle_ns: 19112003587 ns
[    0.000220] sched_clock: 32 bits at 100MHz, resolution 9ns, wraps every 21474161659ns
[    0.015938] Console: colour dummy device 80x25
[    0.017124] Calibrating delay loop... 24.03 BogoMIPS (lpj=48064)
[    0.073491] pid_max: default: 32768 minimum: 301
[    0.078090] Mount-cache hash table entries: 1024 (order: 0, 4096 bytes)
[    0.078700] Mountpoint-cache hash table entries: 1024 (order: 0, 4096 bytes)
[    0.146556] clocksource jiffies: mask: 0xffffffff max_cycles: 0xffffffff, max_idle_ns: 7645041785100000 ns
[    0.158308] NET: Registered protocol family 16
[    0.453846] clocksource pit: mask: 0xffffffff max_cycles: 0xffffffff, max_idle_ns: 1601818034827 ns
[    0.617228] vgaarb: loaded
[    0.623286] SCSI subsystem initialized
[    0.625978] libata version 3.00 loaded.
[    0.630702] usbcore: registered new interface driver usbfs
[    0.632247] usbcore: registered new interface driver hub
[    0.633674] usbcore: registered new device driver usb
[    0.636525] pps_core: LinuxPPS API ver. 1 registered
[    0.636979] pps_core: Software ver. 5.3.6 - Copyright 2005-2007 Rodolfo Giometti <giometti@linux.it>
[    0.638238] PTP clock support registered
[    0.643294] PCI host bridge to bus 0000:00
[    0.644091] pci_bus 0000:00: root bus resource [mem 0x10000000-0x17ffffff]
[    0.644747] pci_bus 0000:00: root bus resource [io  0x1000-0x1fffff]
[    0.645391] pci_bus 0000:00: root bus resource [??? 0x00000000 flags 0x0]
[    0.646175] pci_bus 0000:00: No busn resource found for root bus, will use [bus 00-ff]
[    0.647555] pci 0000:00:00.0: [11ab:4620] type 00 class 0x060000
[    0.648560] pci 0000:00:00.0: [Firmware Bug]: reg 0x14: invalid BAR (can't size)
[    0.649196] pci 0000:00:00.0: [Firmware Bug]: reg 0x18: invalid BAR (can't size)
[    0.649818] pci 0000:00:00.0: [Firmware Bug]: reg 0x1c: invalid BAR (can't size)
[    0.650655] pci 0000:00:00.0: [Firmware Bug]: reg 0x20: invalid BAR (can't size)
[    0.651302] pci 0000:00:00.0: [Firmware Bug]: reg 0x24: invalid BAR (can't size)
[    0.655662] pci 0000:00:0a.0: [8086:7110] type 00 class 0x060100
[    0.659469] pci 0000:00:0a.1: [8086:7111] type 00 class 0x010180
[    0.660303] pci 0000:00:0a.1: reg 0x20: [io  0x0000-0x000f]
[    0.660938] pci 0000:00:0a.1: legacy IDE quirk: reg 0x10: [io  0x01f0-0x01f7]
[    0.661555] pci 0000:00:0a.1: legacy IDE quirk: reg 0x14: [io  0x03f6]
[    0.662161] pci 0000:00:0a.1: legacy IDE quirk: reg 0x18: [io  0x0170-0x0177]
[    0.662798] pci 0000:00:0a.1: legacy IDE quirk: reg 0x1c: [io  0x0376]
[    0.666357] pci 0000:00:0a.2: [8086:7112] type 00 class 0x0c0300
[    0.667252] pci 0000:00:0a.2: reg 0x20: [io  0x0000-0x001f]
[    0.670640] pci 0000:00:0a.3: [8086:7113] type 00 class 0x068000
[    0.672319] pci 0000:00:0a.3: quirk: [io  0x1000-0x103f] claimed by PIIX4 ACPI
[    0.673013] pci 0000:00:0a.3: quirk: [io  0x1100-0x110f] claimed by PIIX4 SMB
[    0.676613] pci 0000:00:12.0: [1013:00b8] type 00 class 0x030000
[    0.677294] pci 0000:00:12.0: reg 0x10: [mem 0x00000000-0x01ffffff pref]
[    0.677931] pci 0000:00:12.0: reg 0x14: [mem 0x00000000-0x00000fff]
[    0.678638] pci 0000:00:12.0: reg 0x30: [mem 0x00000000-0x0000ffff pref]
[    0.681687] vgaarb: device added: PCI:0000:00:12.0,decodes=io+mem,owns=none,locks=none
[    0.683050] pci 0000:00:13.0: [8086:100e] type 00 class 0x020000
[    0.683906] pci 0000:00:13.0: reg 0x10: [mem 0x00000000-0x0001ffff]
[    0.684518] pci 0000:00:13.0: reg 0x14: [io  0x0000-0x003f]
[    0.685189] pci 0000:00:13.0: reg 0x30: [mem 0x00000000-0x0003ffff pref]
[    0.688664] pci 0000:00:14.0: [8086:100e] type 00 class 0x020000
[    0.689320] pci 0000:00:14.0: reg 0x10: [mem 0x00000000-0x0001ffff]
[    0.689922] pci 0000:00:14.0: reg 0x14: [io  0x0000-0x003f]
[    0.690603] pci 0000:00:14.0: reg 0x30: [mem 0x00000000-0x0003ffff pref]
[    0.694235] pci 0000:00:15.0: [8086:100e] type 00 class 0x020000
[    0.694893] pci 0000:00:15.0: reg 0x10: [mem 0x00000000-0x0001ffff]
[    0.695501] pci 0000:00:15.0: reg 0x14: [io  0x0000-0x003f]
[    0.696340] pci 0000:00:15.0: reg 0x30: [mem 0x00000000-0x0003ffff pref]
[    0.699673] pci 0000:00:16.0: [8086:100e] type 00 class 0x020000
[    0.700503] pci 0000:00:16.0: reg 0x10: [mem 0x00000000-0x0001ffff]
[    0.701115] pci 0000:00:16.0: reg 0x14: [io  0x0000-0x003f]
[    0.701789] pci 0000:00:16.0: reg 0x30: [mem 0x00000000-0x0003ffff pref]
[    0.705516] pci_bus 0000:00: busn_res: [bus 00-ff] end is updated to 00
[    0.707166] pci 0000:00:12.0: BAR 0: assigned [mem 0x10000000-0x11ffffff pref]
[    0.707987] pci 0000:00:13.0: BAR 6: assigned [mem 0x12000000-0x1203ffff pref]
[    0.708913] pci 0000:00:14.0: BAR 6: assigned [mem 0x12040000-0x1207ffff pref]
[    0.709619] pci 0000:00:15.0: BAR 6: assigned [mem 0x12080000-0x120bffff pref]
[    0.710317] pci 0000:00:16.0: BAR 6: assigned [mem 0x120c0000-0x120fffff pref]
[    0.710999] pci 0000:00:13.0: BAR 0: assigned [mem 0x12100000-0x1211ffff]
[    0.711673] pci 0000:00:14.0: BAR 0: assigned [mem 0x12120000-0x1213ffff]
[    0.712357] pci 0000:00:15.0: BAR 0: assigned [mem 0x12140000-0x1215ffff]
[    0.713235] pci 0000:00:16.0: BAR 0: assigned [mem 0x12160000-0x1217ffff]
[    0.713930] pci 0000:00:12.0: BAR 6: assigned [mem 0x12180000-0x1218ffff pref]
[    0.714621] pci 0000:00:12.0: BAR 1: assigned [mem 0x12190000-0x12190fff]
[    0.715301] pci 0000:00:13.0: BAR 1: assigned [io  0x1040-0x107f]
[    0.715920] pci 0000:00:14.0: BAR 1: assigned [io  0x1080-0x10bf]
[    0.716544] pci 0000:00:15.0: BAR 1: assigned [io  0x10c0-0x10ff]
[    0.717337] pci 0000:00:16.0: BAR 1: assigned [io  0x1400-0x143f]
[    0.717970] pci 0000:00:0a.2: BAR 4: assigned [io  0x1440-0x145f]
[    0.718601] pci 0000:00:0a.1: BAR 4: assigned [io  0x1460-0x146f]
[    0.737919] cfg80211: Calling CRDA to update world regulatory domain
[    0.752874] Switched to clocksource MIPS
[    0.878879] NET: Registered protocol family 2
[    0.892358] TCP established hash table entries: 2048 (order: 1, 8192 bytes)
[    0.893824] TCP bind hash table entries: 2048 (order: 1, 8192 bytes)
[    0.895034] TCP: Hash tables configured (established 2048 bind 2048)
[    0.896219] UDP hash table entries: 256 (order: 0, 4096 bytes)
[    0.897177] UDP-Lite hash table entries: 256 (order: 0, 4096 bytes)
[    0.901633] NET: Registered protocol family 1
[    0.903480] PCI: Enabling device 0000:00:0a.2 (0000 -> 0001)
[    0.905323] PCI: CLS 0 bytes, default 16
[    0.942994] futex hash table entries: 256 (order: -1, 3072 bytes)
[    0.960701] squashfs: version 4.0 (2009/01/31) Phillip Lougher
[    0.963592] jffs2: version 2.2. (NAND) Â© 2001-2006 Red Hat, Inc.
[    0.967289] romfs: ROMFS MTD (C) 2007 Red Hat, Inc.
[    0.993346] Block layer SCSI generic (bsg) driver version 0.4 loaded (major 251)
[    0.994064] io scheduler noop registered
[    0.994840] io scheduler cfq registered (default)
[    0.995922] firmadyne: devfs: 1, execute: 1, procfs: 1, syscall: 1
[    1.002042] firmadyne: Cannot register character device: gpio, 0xfc, 0x0!
[    1.011337] firmadyne: Cannot register character device: watchdog, 0xa, 0x82!
[    1.011885] firmadyne: Cannot register character device: wdt, 0xfd, 0x0!
[    2.876731] strName = 4.1.17+
[    2.876731] init_task_addr  = 2155778944
[    2.876731] init_task_size  = 1296
[    2.876731] ts_tasks        = 292
[    2.876731] ts_pid          = 408
[    2.876731] ts_tgid         = 412
[    2.876731] ts_group_leader = 440
[    2.876731] ts_thread_group = 496
[    2.876731] ts_real_parent  = 416
[    2.876731] ts_mm           = 300
[    2.876731] ts_stack        = 4
[    2.879412] module_name   = 12
[    2.879412] module_size   = 208
[    2.879412] module_init   = 200
[    2.879412] module_list   = 4
[    2.880427] ts_real_cred    = 624
[    2.880427] ts_cred         = 628
[    2.880427] ts_comm         = 632
[    2.880427] cred_uid        = 4
[    2.880427] cred_gid        = 8
[    2.880427] cred_euid       = 20
[    2.880427] cred_egid       = 24
[    2.882498] mm_mmap         = 0
[    2.882498] mm_pgd          = 32
[    2.882498] mm_arg_start    = 136
[    2.882498] mm_start_brk    = 124
[    2.882498] mm_brk          = 128
[    2.882498] mm_start_stack  = 132
[    2.883916] vma_vm_start    = 0
[    2.883916] vma_vm_end      = 4
[    2.883916] vma_vm_next     = 8
[    2.883916] vma_vm_file     = 80
[    2.883916] vma_vm_flags    = 40
[    2.883916] vma_vm_pgoff    = 76
[    2.885548] file_dentry     = 12
[    2.885548] file_inode      = 40
[    2.885548] dentry_d_name   = 24
[    2.885548] dentry_d_iname  = 44
[    2.885548] dentry_d_parent = 16
[    2.885548] ti_task         = 0
[    2.885548] inode_ino   = 28
[    4.061792] proc_fork_connector  = 2151078840
[    4.062208] proc_exit_connector  = 2151080432
[    4.062560] proc_exec_connector  = 2151079052
[    4.062903] vma_link  = 2149124372
[    4.063206] vma_adjust  = 2149124540
[    4.063517] remove_vma  = 2149122188
[    4.063822] modules  = 2155833724
[    4.064124] trim_init_extable  = 2150545316
[    4.065718] cfg80211: Calling CRDA to update world regulatory domain
[    4.069629] PCI: Enabling device 0000:00:12.0 (0000 -> 0002)
[    4.071136] cirrusfb 0000:00:12.0: Cirrus Logic chipset on PCI bus, RAM (4096 kB) at 0x10000000
[    4.321365] Console: switching to colour frame buffer device 80x30
[    4.398758] Serial: 8250/16550 driver, 4 ports, IRQ sharing enabled
[    4.414889] console [ttyS0] disabled
[    4.443219] serial8250.0: ttyS0 at I/O 0x3f8 (irq = 4, base_baud = 115200) is a 16550A
[    4.444494] console [ttyS0] enabled
[    4.444494] console [ttyS0] enabled
[    4.445385] bootconsole [uart0] disabled
[    4.445385] bootconsole [uart0] disabled
[    4.477678] serial8250.0: ttyS1 at I/O 0x2f8 (irq = 3, base_baud = 115200) is a 16550A
[    4.613835] brd: module loaded
[    4.685203] loop: module loaded
[    4.692801] ata_piix 0000:00:0a.1: version 2.13
[    4.693624] PCI: Enabling device 0000:00:0a.1 (0000 -> 0001)
[    4.722899] scsi host0: ata_piix
[    4.729429] scsi host1: ata_piix
[    4.733892] ata1: PATA max UDMA/33 cmd 0x1f0 ctl 0x3f6 bmdma 0x1460 irq 14
[    4.734519] ata2: PATA max UDMA/33 cmd 0x170 ctl 0x376 bmdma 0x1468 irq 15
[    4.742345] [nandsim] warning: read_byte: unexpected data output cycle, state is STATE_READY return 0x0
[    4.743039] [nandsim] warning: read_byte: unexpected data output cycle, state is STATE_READY return 0x0
[    4.743697] [nandsim] warning: read_byte: unexpected data output cycle, state is STATE_READY return 0x0
[    4.744355] [nandsim] warning: read_byte: unexpected data output cycle, state is STATE_READY return 0x0
[    4.745213] [nandsim] warning: read_byte: unexpected data output cycle, state is STATE_READY return 0x0
[    4.745872] [nandsim] warning: read_byte: unexpected data output cycle, state is STATE_READY return 0x0
[    4.746737] nand: device found, Manufacturer ID: 0x98, Chip ID: 0x39
[    4.747234] nand: Toshiba NAND 128MiB 1,8V 8-bit
[    4.747694] nand: 128 MiB, SLC, erase size: 16 KiB, page size: 512, OOB size: 16
[    4.749753] flash size: 128 MiB
[    4.750057] page size: 512 bytes
[    4.750349] OOB area size: 16 bytes
[    4.750651] sector size: 16 KiB
[    4.750933] pages number: 262144
[    4.751246] pages per sector: 32
[    4.751537] bus width: 8
[    4.751799] bits in sector size: 14
[    4.752111] bits in page size: 9
[    4.752411] bits in OOB size: 4
[    4.752716] flash size with OOB: 135168 KiB
[    4.753233] page address bytes: 4
[    4.753535] sector address bytes: 3
[    4.753842] options: 0x42
[    4.849526] Scanning device for bad blocks
[    6.235495] ata2.01: NODEV after polling detection
[    6.236337] ata1.01: NODEV after polling detection
[    6.243242] ata2.00: ATAPI: QEMU DVD-ROM, 2.5+, max UDMA/100
[    6.245811] ata1.00: ATA-7: QEMU HARDDISK, 2.5+, max UDMA/100
[    6.246370] ata1.00: 2097152 sectors, multi 16: LBA48 
[    6.248601] ata2.00: configured for UDMA/33
[    6.251168] ata1.00: configured for UDMA/33
[    6.261216] scsi 0:0:0:0: Direct-Access     ATA      QEMU HARDDISK    2.5+ PQ: 0 ANSI: 5
[    6.280019] sd 0:0:0:0: [sda] 2097152 512-byte logical blocks: (1.07 GB/1.00 GiB)
[    6.282083] scsi 1:0:0:0: CD-ROM            QEMU     QEMU DVD-ROM     2.5+ PQ: 0 ANSI: 5
[    6.297084] sd 0:0:0:0: [sda] Write Protect is off
[    6.297688] sd 0:0:0:0: [sda] Mode Sense: 00 3a 00 00
[    6.299510] sd 0:0:0:0: [sda] Write cache: enabled, read cache: enabled, doesn't support DPO or FUA
[    6.312711]  sda: sda1
[    6.326943] sd 0:0:0:0: [sda] Attached SCSI disk
[    6.327609] Creating 11 MTD partitions on "NAND 128MiB 1,8V 8-bit":
[    6.328359] 0x000000000000-0x000000100000 : "NAND simulator partition 0"
[    6.341435] 0x000000100000-0x000000200000 : "NAND simulator partition 1"
[    6.353591] 0x000000200000-0x000000300000 : "NAND simulator partition 2"
[    6.366108] 0x000000300000-0x000000400000 : "NAND simulator partition 3"
[    6.378646] 0x000000400000-0x000000500000 : "NAND simulator partition 4"
[    6.391223] 0x000000500000-0x000000600000 : "NAND simulator partition 5"
[    6.404063] 0x000000600000-0x000000700000 : "NAND simulator partition 6"
[    6.417445] 0x000000700000-0x000000800000 : "NAND simulator partition 7"
[    6.430468] 0x000000800000-0x000000900000 : "NAND simulator partition 8"
[    6.442580] 0x000000900000-0x000000a00000 : "NAND simulator partition 9"
[    6.454913] 0x000000a00000-0x000008000000 : "NAND simulator partition 10"
[    6.507988] tun: Universal TUN/TAP device driver, 1.6
[    6.508410] tun: (C) 1999-2004 Max Krasnyansky <maxk@qualcomm.com>
[    6.512641] pcnet32: pcnet32.c:v1.35 21.Apr.2008 tsbogend@alpha.franken.de
[    6.514434] e1000: Intel(R) PRO/1000 Network Driver - version 7.3.21-k8-NAPI
[    6.514960] e1000: Copyright (c) 1999-2006 Intel Corporation.
[    6.516066] PCI: Enabling device 0000:00:13.0 (0000 -> 0003)
[    6.848604] e1000 0000:00:13.0 eth0: (PCI:33MHz:32-bit) 52:54:00:12:34:56
[    6.849675] e1000 0000:00:13.0 eth0: Intel(R) PRO/1000 Network Connection
[    6.850584] PCI: Enabling device 0000:00:14.0 (0000 -> 0003)
[    7.178730] e1000 0000:00:14.0 eth1: (PCI:33MHz:32-bit) 52:54:00:12:34:57
[    7.179438] e1000 0000:00:14.0 eth1: Intel(R) PRO/1000 Network Connection
[    7.180316] PCI: Enabling device 0000:00:15.0 (0000 -> 0003)
[    7.209535] cfg80211: Calling CRDA to update world regulatory domain
[    7.508513] e1000 0000:00:15.0 eth2: (PCI:33MHz:32-bit) 52:54:00:12:34:58
[    7.509486] e1000 0000:00:15.0 eth2: Intel(R) PRO/1000 Network Connection
[    7.510448] PCI: Enabling device 0000:00:16.0 (0000 -> 0003)
[    7.830045] e1000 0000:00:16.0 eth3: (PCI:33MHz:32-bit) 52:54:00:12:34:59
[    7.830726] e1000 0000:00:16.0 eth3: Intel(R) PRO/1000 Network Connection
[    7.832423] e1000e: Intel(R) PRO/1000 Network Driver - 2.3.2-k
[    7.833084] e1000e: Copyright(c) 1999 - 2014 Intel Corporation.
[    7.838865] PPP generic driver version 2.4.2
[    7.841820] PPP Deflate Compression module registered
[    7.842682] PPP MPPE Compression module registered
[    7.843223] NET: Registered protocol family 24
[    7.844147] ehci_hcd: USB 2.0 'Enhanced' Host Controller (EHCI) Driver
[    7.844987] ehci-pci: EHCI PCI platform driver
[    7.846489] ohci_hcd: USB 1.1 'Open' Host Controller (OHCI) Driver
[    7.847130] ohci-pci: OHCI PCI platform driver
[    7.848603] uhci_hcd: USB Universal Host Controller Interface driver
[    7.850903] uhci_hcd 0000:00:0a.2: UHCI Host Controller
[    7.851895] uhci_hcd 0000:00:0a.2: new USB bus registered, assigned bus number 1
[    7.853429] uhci_hcd 0000:00:0a.2: irq 11, io base 0x00001440
[    7.868180] hub 1-0:1.0: USB hub found
[    7.869329] hub 1-0:1.0: 2 ports detected
[    7.880947] usbcore: registered new interface driver usb-storage
[    7.886419] mousedev: PS/2 mouse device common for all mice
[    7.895784] rtc_cmos rtc_cmos: rtc core: registered rtc_cmos as rtc0
[    7.896811] rtc_cmos rtc_cmos: alarms up to one day, 242 bytes nvram
[    7.898829] i2c /dev entries driver
[    7.900450] piix4_smbus 0000:00:0a.3: SMBus Host Controller at 0x1100, revision 0
[    7.906577] sdhci: Secure Digital Host Controller Interface driver
[    7.907105] sdhci: Copyright(c) Pierre Ossman
[    7.910248] hidraw: raw HID events driver (C) Jiri Kosina
[    7.934546] usbcore: registered new interface driver usbhid
[    7.935030] usbhid: USB HID core driver
[    7.936445] Netfilter messages via NETLINK v0.30.
[    7.938335] nf_conntrack version 0.5.0 (3923 buckets, 15692 max)
[    7.942647] ctnetlink v0.93: registering with nfnetlink.
[    7.950071] ipip: IPv4 over IPv4 tunneling driver
[    7.966076] ip_tables: (C) 2000-2006 Netfilter Core Team
[    7.970241] arp_tables: (C) 2002 David S. Miller
[    7.972610] Initializing XFRM netlink socket
[    7.974350] NET: Registered protocol family 10
[    8.002445] ip6_tables: (C) 2000-2006 Netfilter Core Team
[    8.007337] sit: IPv6 over IPv4 tunneling driver
[    8.029986] NET: Registered protocol family 17
[    8.031173] bridge: automatic filtering via arp/ip/ip6tables has been deprecated. Update your scripts to load br_netfilter if you need this.
[    8.032610] Bridge firewalling registered
[    8.033346] Ebtables v2.0 registered
[    8.036120] 8021q: 802.1Q VLAN Support v1.8
[    8.063476] rtc_cmos rtc_cmos: setting system clock to 2026-01-14 20:27:47 UTC (1768422467)
[    8.091577] EXT2-fs (sda1): warning: mounting unchecked fs, running e2fsck is recommended
[    8.094209] VFS: Mounted root (ext2 filesystem) on device 8:1.
[    8.105680] Freeing YAMON memory: 956k freed
[    8.119485] Freeing unused kernel memory: 260K (8081f000 - 80860000)
[    8.155950] firmadyne: sys_reboot[PID: 1 (init)]: magic1:fee1dead, magic2:28121969, cmd:0
init started: BusyBox v1.14.1 (2024-07-07 02:43:58 CEST)[    8.169652] spurious 8259A interrupt: IRQ7.

starting pid 48, tty '': '/etc/init.d/rcS'
[    8.261536] firmadyne: do_execve: /firmadyne/console
[    8.262247] OFFSETS: offset of pid: 0x198 offset of comm: 0x278
[/etc/init.d/S03config.sh]
Mounting proc and var ...
[   10.353547] cfg80211: Calling CRDA to update world regulatory domain
SymbLink /dev/mtdblock/0
SymbLink /dev/mtdblock/1
SymbLink /dev/mtdblock/10
[   13.497468] cfg80211: Calling CRDA to update world regulatory domain
SymbLink /dev/mtdblock/2
SymbLink /dev/mtdblock/3
SymbLink /dev/mtdblock/4
SymbLink /dev/mtdblock/5
SymbLink /dev/mtdblock/6
SymbLink /dev/mtdblock/7
SymbLink /dev/mtdblock/8
SymbLink /dev/mtdblock/9
Inserting kernel modules ...
Inserting Rebootm ...
Inserting atheros ethernet ...
Inserting gpio ...
done.
Start xmldb ...
[   15.236020] firmadyne: sys_socket[PID: 147 (xmldb)]: family:1, type:2, protocol:0
[   15.239899] random: nonblocking pool is initialized
[/etc/scripts/misc/profile.sh] get ...
DEVCONF: unable to read config data (ret=-3) !
CAN NOT get devive config, generate default!
[/etc/scripts/misc/profile.sh] reset ...
[   16.642478] cfg80211: Calling CRDA to update world regulatory domain
[   16.813559] firmadyne: sys_socket[PID: 160 (rgdb)]: family:1, type:2, protocol:0
[/etc/scripts/misc/defnodes.sh] ...
[/etc/defnodes/S10setext.sh] ...
[   17.233426] firmadyne: sys_socket[PID: 166 (xmldbc)]: family:1, type:2, protocol:0
[   17.297755] firmadyne: sys_socket[PID: 167 (xmldbc)]: family:1, type:2, protocol:0
[   17.356930] firmadyne: sys_socket[PID: 168 (xmldbc)]: family:1, type:2, protocol:0
[   17.416232] firmadyne: sys_socket[PID: 169 (xmldbc)]: family:1, type:2, protocol:0
[   17.474877] firmadyne: sys_socket[PID: 170 (xmldbc)]: family:1, type:2, protocol:0
[   17.535065] firmadyne: sys_socket[PID: 171 (xmldbc)]: family:1, type:2, protocol:0
[   17.594819] firmadyne: sys_socket[PID: 172 (xmldbc)]: family:1, type:2, protocol:0
[   17.654139] firmadyne: sys_socket[PID: 173 (xmldbc)]: family:1, type:2, protocol:0
[   17.715170] firmadyne: sys_socket[PID: 174 (xmldbc)]: family:1, type:2, protocol:0
[   17.774351] firmadyne: sys_socket[PID: 175 (xmldbc)]: family:1, type:2, protocol:0
[   17.833503] firmadyne: sys_socket[PID: 176 (xmldbc)]: family:1, type:2, protocol:0
[   17.894662] firmadyne: sys_socket[PID: 177 (xmldbc)]: family:1, type:2, protocol:0
[   17.953822] firmadyne: sys_socket[PID: 178 (xmldbc)]: family:1, type:2, protocol:0
[   18.012914] firmadyne: sys_socket[PID: 179 (xmldbc)]: family:1, type:2, protocol:0
[   18.074036] firmadyne: sys_socket[PID: 180 (xmldbc)]: family:1, type:2, protocol:0
[   18.134985] firmadyne: sys_socket[PID: 181 (xmldbc)]: family:1, type:2, protocol:0
[   18.194980] firmadyne: sys_socket[PID: 182 (xmldbc)]: family:1, type:2, protocol:0
[   18.254404] firmadyne: sys_socket[PID: 183 (xmldbc)]: family:1, type:2, protocol:0
[   18.318490] firmadyne: sys_socket[PID: 184 (xmldbc)]: family:1, type:2, protocol:0
[   18.378992] firmadyne: sys_socket[PID: 185 (xmldbc)]: family:1, type:2, protocol:0
[   18.438854] firmadyne: sys_socket[PID: 186 (xmldbc)]: family:1, type:2, protocol:0
[   18.500845] firmadyne: sys_socket[PID: 187 (rgdb)]: family:1, type:2, protocol:0
[   18.559939] firmadyne: sys_socket[PID: 188 (rgdb)]: family:1, type:2, protocol:0
[   18.619669] firmadyne: sys_socket[PID: 189 (rgdb)]: family:1, type:2, protocol:0
[   18.680134] firmadyne: sys_socket[PID: 190 (rgdb)]: family:1, type:2, protocol:0
[   18.740831] firmadyne: sys_socket[PID: 191 (rgdb)]: family:1, type:2, protocol:0
[   18.801421] firmadyne: sys_socket[PID: 192 (rgdb)]: family:1, type:2, protocol:0
[   18.861628] firmadyne: sys_socket[PID: 193 (rgdb)]: family:1, type:2, protocol:0
[   18.922161] firmadyne: sys_socket[PID: 194 (rgdb)]: family:1, type:2, protocol:0
[   18.981564] firmadyne: sys_socket[PID: 195 (rgdb)]: family:1, type:2, protocol:0
[   19.040086] firmadyne: sys_socket[PID: 196 (rgdb)]: family:1, type:2, protocol:0
[   19.101631] firmadyne: sys_socket[PID: 197 (rgdb)]: family:1, type:2, protocol:0
[   19.161501] firmadyne: sys_socket[PID: 198 (rgdb)]: family:1, type:2, protocol:0
[   19.225544] firmadyne: sys_socket[PID: 199 (rgdb)]: family:1, type:2, protocol:0
[   19.287695] firmadyne: sys_socket[PID: 200 (rgdb)]: family:1, type:2, protocol:0
[   19.424077] firmadyne: sys_socket[PID: 202 (xmldbc)]: family:1, type:2, protocol:0
[   19.485581] firmadyne: sys_socket[PID: 203 (xmldbc)]: family:1, type:2, protocol:0
[   19.546764] firmadyne: sys_socket[PID: 204 (xmldbc)]: family:1, type:2, protocol:0
[   19.601737] firmadyne: sys_socket[PID: 205 (xmldbc)]: family:1, type:2, protocol:0
[   19.661792] firmadyne: sys_socket[PID: 206 (xmldbc)]: family:1, type:2, protocol:0
[   19.723327] firmadyne: sys_socket[PID: 207 (xmldbc)]: family:1, type:2, protocol:0
[   19.783936] firmadyne: sys_socket[PID: 208 (xmldbc)]: family:1, type:2, protocol:0
[   19.785352] cfg80211: Calling CRDA to update world regulatory domain
[   19.859335] firmadyne: sys_socket[PID: 210 (xmldbc)]: family:1, type:2, protocol:0
[   19.920437] firmadyne: sys_socket[PID: 211 (xmldbc)]: family:1, type:2, protocol:0
[   19.980551] firmadyne: sys_socket[PID: 212 (xmldbc)]: family:1, type:2, protocol:0
[   20.041884] firmadyne: sys_socket[PID: 213 (xmldbc)]: family:1, type:2, protocol:0
[   20.104244] firmadyne: sys_socket[PID: 214 (xmldbc)]: family:1, type:2, protocol:0
[   20.164631] firmadyne: sys_socket[PID: 215 (xmldbc)]: family:1, type:2, protocol:0
[   20.225546] firmadyne: sys_socket[PID: 216 (xmldbc)]: family:1, type:2, protocol:0
[   20.287026] firmadyne: sys_socket[PID: 217 (xmldbc)]: family:1, type:2, protocol:0
[   20.348754] firmadyne: sys_socket[PID: 218 (xmldbc)]: family:1, type:2, protocol:0
[   20.408675] firmadyne: sys_socket[PID: 219 (xmldbc)]: family:1, type:2, protocol:0
[   20.468752] firmadyne: sys_socket[PID: 220 (xmldbc)]: family:1, type:2, protocol:0
[   20.690515] firmadyne: sys_socket[PID: 225 (xmldbc)]: family:1, type:2, protocol:0
[   20.750261] firmadyne: sys_socket[PID: 226 (xmldbc)]: family:1, type:2, protocol:0
[   20.809610] firmadyne: sys_socket[PID: 227 (xmldbc)]: family:1, type:2, protocol:0
[   20.869289] firmadyne: sys_socket[PID: 228 (xmldbc)]: family:1, type:2, protocol:0
[   20.931434] firmadyne: sys_socket[PID: 229 (xmldbc)]: family:1, type:2, protocol:0
[   20.991647] firmadyne: sys_socket[PID: 230 (xmldbc)]: family:1, type:2, protocol:0
[   21.045368] firmadyne: sys_socket[PID: 231 (xmldbc)]: family:1, type:2, protocol:0
[   21.105705] firmadyne: sys_socket[PID: 232 (xmldbc)]: family:1, type:2, protocol:0
[   21.164826] firmadyne: sys_socket[PID: 233 (xmldbc)]: family:1, type:2, protocol:0
[   21.225428] firmadyne: sys_socket[PID: 234 (xmldbc)]: family:1, type:2, protocol:0
[   21.286274] firmadyne: sys_socket[PID: 235 (xmldbc)]: family:1, type:2, protocol:0
[   21.345837] firmadyne: sys_socket[PID: 236 (xmldbc)]: family:1, type:2, protocol:0
[   21.405405] firmadyne: sys_socket[PID: 237 (xmldbc)]: family:1, type:2, protocol:0
[   21.465469] firmadyne: sys_socket[PID: 238 (xmldbc)]: family:1, type:2, protocol:0
[   21.526017] firmadyne: sys_socket[PID: 239 (xmldbc)]: family:1, type:2, protocol:0
[   21.584656] firmadyne: sys_socket[PID: 240 (xmldbc)]: family:1, type:2, protocol:0
[   21.643602] firmadyne: sys_socket[PID: 241 (xmldbc)]: family:1, type:2, protocol:0
[   21.704891] firmadyne: sys_socket[PID: 242 (xmldbc)]: family:1, type:2, protocol:0
[   21.764230] firmadyne: sys_socket[PID: 243 (xmldbc)]: family:1, type:2, protocol:0
[   21.908429] firmadyne: sys_socket[PID: 247 (xmldbc)]: family:1, type:2, protocol:0
[   21.967523] firmadyne: sys_socket[PID: 248 (xmldbc)]: family:1, type:2, protocol:0
[   22.026577] firmadyne: sys_socket[PID: 249 (xmldbc)]: family:1, type:2, protocol:0
[   22.086905] firmadyne: sys_socket[PID: 250 (xmldbc)]: family:1, type:2, protocol:0
[   22.145784] firmadyne: sys_socket[PID: 251 (xmldbc)]: family:1, type:2, protocol:0
[   22.204396] firmadyne: sys_socket[PID: 252 (xmldbc)]: family:1, type:2, protocol:0
[   22.264461] firmadyne: sys_socket[PID: 253 (xmldbc)]: family:1, type:2, protocol:0
[   22.324876] firmadyne: sys_socket[PID: 254 (xmldbc)]: family:1, type:2, protocol:0
[   22.384889] firmadyne: sys_socket[PID: 255 (xmldbc)]: family:1, type:2, protocol:0
[   22.444057] firmadyne: sys_socket[PID: 256 (xmldbc)]: family:1, type:2, protocol:0
[   22.505548] firmadyne: sys_socket[PID: 257 (xmldbc)]: family:1, type:2, protocol:0
[   22.564425] firmadyne: sys_socket[PID: 258 (xmldbc)]: family:1, type:2, protocol:0
[   22.623219] firmadyne: sys_socket[PID: 259 (xmldbc)]: family:1, type:2, protocol:0
[   22.684322] firmadyne: sys_socket[PID: 260 (xmldbc)]: family:1, type:2, protocol:0
[   22.744364] firmadyne: sys_socket[PID: 261 (xmldbc)]: family:1, type:2, protocol:0
[   22.803889] firmadyne: sys_socket[PID: 262 (xmldbc)]: family:1, type:2, protocol:0
[   22.863834] firmadyne: sys_socket[PID: 263 (xmldbc)]: family:1, type:2, protocol:0
[   22.923897] firmadyne: sys_socket[PID: 264 (xmldbc)]: family:1, type:2, protocol:0
[   22.929258] cfg80211: Calling CRDA to update world regulatory domain
[   22.997491] firmadyne: sys_socket[PID: 266 (xmldbc)]: family:1, type:2, protocol:0
[   23.141169] firmadyne: sys_socket[PID: 270 (xmldbc)]: family:1, type:2, protocol:0
[   23.201233] firmadyne: sys_socket[PID: 271 (xmldbc)]: family:1, type:2, protocol:0
[   23.260301] firmadyne: sys_socket[PID: 272 (xmldbc)]: family:1, type:2, protocol:0
[   23.321351] firmadyne: sys_socket[PID: 273 (xmldbc)]: family:1, type:2, protocol:0
[   23.380280] firmadyne: sys_socket[PID: 274 (xmldbc)]: family:1, type:2, protocol:0
[   23.440281] firmadyne: sys_socket[PID: 275 (xmldbc)]: family:1, type:2, protocol:0
[   23.501242] firmadyne: sys_socket[PID: 276 (xmldbc)]: family:1, type:2, protocol:0
[   23.560295] firmadyne: sys_socket[PID: 277 (xmldbc)]: family:1, type:2, protocol:0
[   23.619264] firmadyne: sys_socket[PID: 278 (xmldbc)]: family:1, type:2, protocol:0
[   23.679922] firmadyne: sys_socket[PID: 279 (xmldbc)]: family:1, type:2, protocol:0
[   23.739338] firmadyne: sys_socket[PID: 280 (xmldbc)]: family:1, type:2, protocol:0
[   23.798985] firmadyne: sys_socket[PID: 281 (xmldbc)]: family:1, type:2, protocol:0
[   23.858227] firmadyne: sys_socket[PID: 282 (xmldbc)]: family:1, type:2, protocol:0
[   23.918192] firmadyne: sys_socket[PID: 283 (xmldbc)]: family:1, type:2, protocol:0
[   23.976385] firmadyne: sys_socket[PID: 284 (xmldbc)]: family:1, type:2, protocol:0
[   24.036083] firmadyne: sys_socket[PID: 285 (xmldbc)]: family:1, type:2, protocol:0
[   24.097369] firmadyne: sys_socket[PID: 286 (xmldbc)]: family:1, type:2, protocol:0
[   24.156693] firmadyne: sys_socket[PID: 287 (xmldbc)]: family:1, type:2, protocol:0
[   24.216439] firmadyne: sys_socket[PID: 288 (xmldbc)]: family:1, type:2, protocol:0
[   24.362186] firmadyne: sys_socket[PID: 292 (xmldbc)]: family:1, type:2, protocol:0
[   24.421881] firmadyne: sys_socket[PID: 293 (xmldbc)]: family:1, type:2, protocol:0
[   24.481935] firmadyne: sys_socket[PID: 294 (xmldbc)]: family:1, type:2, protocol:0
[   24.536110] firmadyne: sys_socket[PID: 295 (xmldbc)]: family:1, type:2, protocol:0
[   24.595208] firmadyne: sys_socket[PID: 296 (xmldbc)]: family:1, type:2, protocol:0
[   24.655350] firmadyne: sys_socket[PID: 297 (xmldbc)]: family:1, type:2, protocol:0
[   24.715965] firmadyne: sys_socket[PID: 298 (xmldbc)]: family:1, type:2, protocol:0
[   24.782088] firmadyne: sys_socket[PID: 299 (xmldbc)]: family:1, type:2, protocol:0
[   24.844431] firmadyne: sys_socket[PID: 300 (xmldbc)]: family:1, type:2, protocol:0
[   24.904607] firmadyne: sys_socket[PID: 301 (xmldbc)]: family:1, type:2, protocol:0
[   24.963066] firmadyne: sys_socket[PID: 302 (xmldbc)]: family:1, type:2, protocol:0
[   25.022338] firmadyne: sys_socket[PID: 303 (xmldbc)]: family:1, type:2, protocol:0
[   25.083130] firmadyne: sys_socket[PID: 304 (xmldbc)]: family:1, type:2, protocol:0
[   25.142151] firmadyne: sys_socket[PID: 305 (xmldbc)]: family:1, type:2, protocol:0
[   25.201649] firmadyne: sys_socket[PID: 306 (xmldbc)]: family:1, type:2, protocol:0
[   25.260604] firmadyne: sys_socket[PID: 307 (xmldbc)]: family:1, type:2, protocol:0
[   25.322131] firmadyne: sys_socket[PID: 308 (xmldbc)]: family:1, type:2, protocol:0
[   25.381251] firmadyne: sys_socket[PID: 309 (xmldbc)]: family:1, type:2, protocol:0
[   25.441493] firmadyne: sys_socket[PID: 310 (xmldbc)]: family:1, type:2, protocol:0
[   25.584259] firmadyne: sys_socket[PID: 314 (xmldbc)]: family:1, type:2, protocol:0
[   25.643640] firmadyne: sys_socket[PID: 315 (xmldbc)]: family:1, type:2, protocol:0
[   25.703756] firmadyne: sys_socket[PID: 316 (xmldbc)]: family:1, type:2, protocol:0
[   25.762924] firmadyne: sys_socket[PID: 317 (xmldbc)]: family:1, type:2, protocol:0
[   25.822027] firmadyne: sys_socket[PID: 318 (xmldbc)]: family:1, type:2, protocol:0
[   25.882933] firmadyne: sys_socket[PID: 319 (xmldbc)]: family:1, type:2, protocol:0
[   25.942365] firmadyne: sys_socket[PID: 320 (xmldbc)]: family:1, type:2, protocol:0
[   26.000499] firmadyne: sys_socket[PID: 321 (xmldbc)]: family:1, type:2, protocol:0
[   26.060696] firmadyne: sys_socket[PID: 322 (xmldbc)]: family:1, type:2, protocol:0
[   26.073406] cfg80211: Calling CRDA to update world regulatory domain
[   26.136347] firmadyne: sys_socket[PID: 324 (xmldbc)]: family:1, type:2, protocol:0
[   26.194671] firmadyne: sys_socket[PID: 325 (xmldbc)]: family:1, type:2, protocol:0
[   26.253253] firmadyne: sys_socket[PID: 326 (xmldbc)]: family:1, type:2, protocol:0
[   26.313940] firmadyne: sys_socket[PID: 327 (xmldbc)]: family:1, type:2, protocol:0
[   26.373602] firmadyne: sys_socket[PID: 328 (xmldbc)]: family:1, type:2, protocol:0
[   26.432805] firmadyne: sys_socket[PID: 329 (xmldbc)]: family:1, type:2, protocol:0
[   26.495027] firmadyne: sys_socket[PID: 330 (xmldbc)]: family:1, type:2, protocol:0
[   26.553645] firmadyne: sys_socket[PID: 331 (xmldbc)]: family:1, type:2, protocol:0
[   26.613852] firmadyne: sys_socket[PID: 332 (xmldbc)]: family:1, type:2, protocol:0
[   26.672721] firmadyne: sys_socket[PID: 333 (xmldbc)]: family:1, type:2, protocol:0
[   26.816321] firmadyne: sys_socket[PID: 337 (xmldbc)]: family:1, type:2, protocol:0
[   26.876718] firmadyne: sys_socket[PID: 338 (xmldbc)]: family:1, type:2, protocol:0
[   26.937823] firmadyne: sys_socket[PID: 339 (xmldbc)]: family:1, type:2, protocol:0
[   26.996370] firmadyne: sys_socket[PID: 340 (xmldbc)]: family:1, type:2, protocol:0
[   27.055461] firmadyne: sys_socket[PID: 341 (xmldbc)]: family:1, type:2, protocol:0
[   27.111423] firmadyne: sys_socket[PID: 342 (xmldbc)]: family:1, type:2, protocol:0
[   27.164358] firmadyne: sys_socket[PID: 343 (xmldbc)]: family:1, type:2, protocol:0
[   27.223283] firmadyne: sys_socket[PID: 344 (xmldbc)]: family:1, type:2, protocol:0
[   27.278483] firmadyne: sys_socket[PID: 345 (xmldbc)]: family:1, type:2, protocol:0
[   27.338328] firmadyne: sys_socket[PID: 346 (xmldbc)]: family:1, type:2, protocol:0
[   27.397821] firmadyne: sys_socket[PID: 347 (xmldbc)]: family:1, type:2, protocol:0
[   27.457523] firmadyne: sys_socket[PID: 348 (xmldbc)]: family:1, type:2, protocol:0
[   27.513234] firmadyne: sys_socket[PID: 349 (xmldbc)]: family:1, type:2, protocol:0
[   27.571683] firmadyne: sys_socket[PID: 350 (xmldbc)]: family:1, type:2, protocol:0
[   27.631805] firmadyne: sys_socket[PID: 351 (xmldbc)]: family:1, type:2, protocol:0
[   27.692448] firmadyne: sys_socket[PID: 352 (xmldbc)]: family:1, type:2, protocol:0
[   27.752175] firmadyne: sys_socket[PID: 353 (xmldbc)]: family:1, type:2, protocol:0
[   27.812219] firmadyne: sys_socket[PID: 354 (xmldbc)]: family:1, type:2, protocol:0
[   27.871809] firmadyne: sys_socket[PID: 355 (xmldbc)]: family:1, type:2, protocol:0
[   28.015032] firmadyne: sys_socket[PID: 359 (xmldbc)]: family:1, type:2, protocol:0
[   28.074293] firmadyne: sys_socket[PID: 360 (xmldbc)]: family:1, type:2, protocol:0
[   28.135453] firmadyne: sys_socket[PID: 361 (xmldbc)]: family:1, type:2, protocol:0
[   28.194989] firmadyne: sys_socket[PID: 362 (xmldbc)]: family:1, type:2, protocol:0
[   28.254537] firmadyne: sys_socket[PID: 363 (xmldbc)]: family:1, type:2, protocol:0
[   28.315813] firmadyne: sys_socket[PID: 364 (xmldbc)]: family:1, type:2, protocol:0
[   28.375418] firmadyne: sys_socket[PID: 365 (xmldbc)]: family:1, type:2, protocol:0
[   28.430191] firmadyne: sys_socket[PID: 366 (xmldbc)]: family:1, type:2, protocol:0
[   28.490543] firmadyne: sys_socket[PID: 367 (xmldbc)]: family:1, type:2, protocol:0
[   28.549726] firmadyne: sys_socket[PID: 368 (xmldbc)]: family:1, type:2, protocol:0
[   28.609353] firmadyne: sys_socket[PID: 369 (xmldbc)]: family:1, type:2, protocol:0
[   28.669452] firmadyne: sys_socket[PID: 370 (xmldbc)]: family:1, type:2, protocol:0
[   28.729876] firmadyne: sys_socket[PID: 371 (xmldbc)]: family:1, type:2, protocol:0
[   28.789978] firmadyne: sys_socket[PID: 372 (xmldbc)]: family:1, type:2, protocol:0
[   28.850278] firmadyne: sys_socket[PID: 373 (xmldbc)]: family:1, type:2, protocol:0
[   28.912022] firmadyne: sys_socket[PID: 374 (xmldbc)]: family:1, type:2, protocol:0
[   28.971209] firmadyne: sys_socket[PID: 375 (xmldbc)]: family:1, type:2, protocol:0
[   29.029845] firmadyne: sys_socket[PID: 376 (xmldbc)]: family:1, type:2, protocol:0
[   29.090650] firmadyne: sys_socket[PID: 377 (xmldbc)]: family:1, type:2, protocol:0
[   29.217378] cfg80211: Calling CRDA to update world regulatory domain
[   29.247955] firmadyne: sys_socket[PID: 381 (xmldbc)]: family:1, type:2, protocol:0
[   29.308608] firmadyne: sys_socket[PID: 383 (xmldbc)]: family:1, type:2, protocol:0
[   29.369221] firmadyne: sys_socket[PID: 384 (xmldbc)]: family:1, type:2, protocol:0
[   29.429487] firmadyne: sys_socket[PID: 385 (xmldbc)]: family:1, type:2, protocol:0
[   29.490553] firmadyne: sys_socket[PID: 386 (xmldbc)]: family:1, type:2, protocol:0
[   29.544007] firmadyne: sys_socket[PID: 387 (xmldbc)]: family:1, type:2, protocol:0
[   29.602408] firmadyne: sys_socket[PID: 388 (xmldbc)]: family:1, type:2, protocol:0
[   29.660374] firmadyne: sys_socket[PID: 389 (xmldbc)]: family:1, type:2, protocol:0
[   29.720525] firmadyne: sys_socket[PID: 390 (xmldbc)]: family:1, type:2, protocol:0
[   29.780942] firmadyne: sys_socket[PID: 391 (xmldbc)]: family:1, type:2, protocol:0
[   29.840506] firmadyne: sys_socket[PID: 392 (xmldbc)]: family:1, type:2, protocol:0
[   29.901671] firmadyne: sys_socket[PID: 393 (xmldbc)]: family:1, type:2, protocol:0
[   29.960571] firmadyne: sys_socket[PID: 394 (xmldbc)]: family:1, type:2, protocol:0
[   30.019925] firmadyne: sys_socket[PID: 395 (xmldbc)]: family:1, type:2, protocol:0
[   30.079677] firmadyne: sys_socket[PID: 396 (xmldbc)]: family:1, type:2, protocol:0
[   30.138924] firmadyne: sys_socket[PID: 397 (xmldbc)]: family:1, type:2, protocol:0
[   30.198025] firmadyne: sys_socket[PID: 398 (xmldbc)]: family:1, type:2, protocol:0
[   30.257609] firmadyne: sys_socket[PID: 399 (xmldbc)]: family:1, type:2, protocol:0
[   30.312894] firmadyne: sys_socket[PID: 400 (xmldbc)]: family:1, type:2, protocol:0
[   30.453797] firmadyne: sys_socket[PID: 404 (xmldbc)]: family:1, type:2, protocol:0
[   30.514750] firmadyne: sys_socket[PID: 405 (xmldbc)]: family:1, type:2, protocol:0
[   30.574459] firmadyne: sys_socket[PID: 406 (xmldbc)]: family:1, type:2, protocol:0
[   30.633586] firmadyne: sys_socket[PID: 407 (xmldbc)]: family:1, type:2, protocol:0
[   30.694007] firmadyne: sys_socket[PID: 408 (xmldbc)]: family:1, type:2, protocol:0
[   30.753647] firmadyne: sys_socket[PID: 409 (xmldbc)]: family:1, type:2, protocol:0
[   30.813535] firmadyne: sys_socket[PID: 410 (xmldbc)]: family:1, type:2, protocol:0
[   30.874300] firmadyne: sys_socket[PID: 411 (xmldbc)]: family:1, type:2, protocol:0
[   30.934819] firmadyne: sys_socket[PID: 412 (xmldbc)]: family:1, type:2, protocol:0
[   30.994686] firmadyne: sys_socket[PID: 413 (xmldbc)]: family:1, type:2, protocol:0
[   31.054356] firmadyne: sys_socket[PID: 414 (xmldbc)]: family:1, type:2, protocol:0
[   31.116395] firmadyne: sys_socket[PID: 415 (xmldbc)]: family:1, type:2, protocol:0
[   31.175566] firmadyne: sys_socket[PID: 416 (xmldbc)]: family:1, type:2, protocol:0
[   31.234190] firmadyne: sys_socket[PID: 417 (xmldbc)]: family:1, type:2, protocol:0
[   31.295002] firmadyne: sys_socket[PID: 418 (xmldbc)]: family:1, type:2, protocol:0
[   31.354753] firmadyne: sys_socket[PID: 419 (xmldbc)]: family:1, type:2, protocol:0
[   31.414201] firmadyne: sys_socket[PID: 420 (xmldbc)]: family:1, type:2, protocol:0
[   31.473905] firmadyne: sys_socket[PID: 421 (xmldbc)]: family:1, type:2, protocol:0
[   31.535492] firmadyne: sys_socket[PID: 422 (xmldbc)]: family:1, type:2, protocol:0
[   31.681433] firmadyne: sys_socket[PID: 426 (xmldbc)]: family:1, type:2, protocol:0
[   31.740709] firmadyne: sys_socket[PID: 427 (xmldbc)]: family:1, type:2, protocol:0
[   31.800377] firmadyne: sys_socket[PID: 428 (xmldbc)]: family:1, type:2, protocol:0
[   31.861205] firmadyne: sys_socket[PID: 429 (xmldbc)]: family:1, type:2, protocol:0
[   31.921723] firmadyne: sys_socket[PID: 430 (xmldbc)]: family:1, type:2, protocol:0
[   31.980447] firmadyne: sys_socket[PID: 431 (xmldbc)]: family:1, type:2, protocol:0
[   32.040142] firmadyne: sys_socket[PID: 432 (xmldbc)]: family:1, type:2, protocol:0
[   32.101236] firmadyne: sys_socket[PID: 433 (xmldbc)]: family:1, type:2, protocol:0
[   32.160214] firmadyne: sys_socket[PID: 434 (xmldbc)]: family:1, type:2, protocol:0
[   32.219440] firmadyne: sys_socket[PID: 435 (xmldbc)]: family:1, type:2, protocol:0
[   32.279134] firmadyne: sys_socket[PID: 436 (xmldbc)]: family:1, type:2, protocol:0
[   32.340447] firmadyne: sys_socket[PID: 437 (xmldbc)]: family:1, type:2, protocol:0
[   32.361403] cfg80211: Calling CRDA to update world regulatory domain
[   32.415676] firmadyne: sys_socket[PID: 438 (xmldbc)]: family:1, type:2, protocol:0
[   32.474774] firmadyne: sys_socket[PID: 440 (xmldbc)]: family:1, type:2, protocol:0
[   32.535842] firmadyne: sys_socket[PID: 441 (xmldbc)]: family:1, type:2, protocol:0
[   32.595531] firmadyne: sys_socket[PID: 442 (xmldbc)]: family:1, type:2, protocol:0
[   32.654911] firmadyne: sys_socket[PID: 443 (xmldbc)]: family:1, type:2, protocol:0
[   32.710491] firmadyne: sys_socket[PID: 444 (xmldbc)]: family:1, type:2, protocol:0
[   32.770235] firmadyne: sys_socket[PID: 445 (xmldbc)]: family:1, type:2, protocol:0
[   32.915949] firmadyne: sys_socket[PID: 449 (xmldbc)]: family:1, type:2, protocol:0
[   32.975375] firmadyne: sys_socket[PID: 450 (xmldbc)]: family:1, type:2, protocol:0
[   33.034312] firmadyne: sys_socket[PID: 451 (xmldbc)]: family:1, type:2, protocol:0
[   33.095046] firmadyne: sys_socket[PID: 452 (xmldbc)]: family:1, type:2, protocol:0
[   33.154374] firmadyne: sys_socket[PID: 453 (xmldbc)]: family:1, type:2, protocol:0
[   33.214396] firmadyne: sys_socket[PID: 454 (xmldbc)]: family:1, type:2, protocol:0
[   33.273708] firmadyne: sys_socket[PID: 455 (xmldbc)]: family:1, type:2, protocol:0
[   33.334123] firmadyne: sys_socket[PID: 456 (xmldbc)]: family:1, type:2, protocol:0
[   33.392887] firmadyne: sys_socket[PID: 457 (xmldbc)]: family:1, type:2, protocol:0
[   33.452380] firmadyne: sys_socket[PID: 458 (xmldbc)]: family:1, type:2, protocol:0
[   33.513328] firmadyne: sys_socket[PID: 459 (xmldbc)]: family:1, type:2, protocol:0
[   33.572581] firmadyne: sys_socket[PID: 460 (xmldbc)]: family:1, type:2, protocol:0
[   33.633331] firmadyne: sys_socket[PID: 461 (xmldbc)]: family:1, type:2, protocol:0
[   33.688967] firmadyne: sys_socket[PID: 462 (xmldbc)]: family:1, type:2, protocol:0
[   33.749833] firmadyne: sys_socket[PID: 463 (xmldbc)]: family:1, type:2, protocol:0
[   33.808660] firmadyne: sys_socket[PID: 464 (xmldbc)]: family:1, type:2, protocol:0
[   33.863609] firmadyne: sys_socket[PID: 465 (xmldbc)]: family:1, type:2, protocol:0
[   33.924264] firmadyne: sys_socket[PID: 466 (xmldbc)]: family:1, type:2, protocol:0
[   33.983277] firmadyne: sys_socket[PID: 467 (xmldbc)]: family:1, type:2, protocol:0
[   34.131651] firmadyne: sys_socket[PID: 471 (xmldbc)]: family:1, type:2, protocol:0
[   34.190634] firmadyne: sys_socket[PID: 472 (xmldbc)]: family:1, type:2, protocol:0
[   34.249894] firmadyne: sys_socket[PID: 473 (xmldbc)]: family:1, type:2, protocol:0
[   34.310397] firmadyne: sys_socket[PID: 474 (xmldbc)]: family:1, type:2, protocol:0
[   34.370051] firmadyne: sys_socket[PID: 475 (xmldbc)]: family:1, type:2, protocol:0
[   34.428643] firmadyne: sys_socket[PID: 476 (xmldbc)]: family:1, type:2, protocol:0
[   34.489322] firmadyne: sys_socket[PID: 477 (xmldbc)]: family:1, type:2, protocol:0
[   34.549164] firmadyne: sys_socket[PID: 478 (xmldbc)]: family:1, type:2, protocol:0
[   34.609524] firmadyne: sys_socket[PID: 479 (xmldbc)]: family:1, type:2, protocol:0
[   34.669375] firmadyne: sys_socket[PID: 480 (xmldbc)]: family:1, type:2, protocol:0
[   34.730470] firmadyne: sys_socket[PID: 481 (xmldbc)]: family:1, type:2, protocol:0
[   34.789687] firmadyne: sys_socket[PID: 482 (xmldbc)]: family:1, type:2, protocol:0
[   34.850345] firmadyne: sys_socket[PID: 483 (xmldbc)]: family:1, type:2, protocol:0
[   34.910665] firmadyne: sys_socket[PID: 484 (xmldbc)]: family:1, type:2, protocol:0
[   34.969349] firmadyne: sys_socket[PID: 485 (xmldbc)]: family:1, type:2, protocol:0
[   35.028055] firmadyne: sys_socket[PID: 486 (xmldbc)]: family:1, type:2, protocol:0
[   35.090695] firmadyne: sys_socket[PID: 487 (xmldbc)]: family:1, type:2, protocol:0
[   35.150509] firmadyne: sys_socket[PID: 488 (xmldbc)]: family:1, type:2, protocol:0
[   35.205192] firmadyne: sys_socket[PID: 489 (xmldbc)]: family:1, type:2, protocol:0
[   35.348422] firmadyne: sys_socket[PID: 493 (xmldbc)]: family:1, type:2, protocol:0
[   35.407249] firmadyne: sys_socket[PID: 494 (xmldbc)]: family:1, type:2, protocol:0
[   35.466702] firmadyne: sys_socket[PID: 495 (xmldbc)]: family:1, type:2, protocol:0
[   35.505433] cfg80211: Exceeded CRDA call max attempts. Not calling CRDA
[   35.528800] firmadyne: sys_socket[PID: 496 (xmldbc)]: family:1, type:2, protocol:0
[   35.588177] firmadyne: sys_socket[PID: 497 (xmldbc)]: family:1, type:2, protocol:0
[   35.648770] firmadyne: sys_socket[PID: 498 (xmldbc)]: family:1, type:2, protocol:0
[   35.709301] firmadyne: sys_socket[PID: 499 (xmldbc)]: family:1, type:2, protocol:0
[   35.767840] firmadyne: sys_socket[PID: 500 (xmldbc)]: family:1, type:2, protocol:0
[   35.826950] firmadyne: sys_socket[PID: 501 (xmldbc)]: family:1, type:2, protocol:0
[   35.888381] firmadyne: sys_socket[PID: 502 (xmldbc)]: family:1, type:2, protocol:0
[   35.963072] firmadyne: sys_socket[PID: 503 (xmldbc)]: family:1, type:2, protocol:0
[   36.026494] firmadyne: sys_socket[PID: 504 (xmldbc)]: family:1, type:2, protocol:0
[   36.087251] firmadyne: sys_socket[PID: 505 (xmldbc)]: family:1, type:2, protocol:0
[   36.147205] firmadyne: sys_socket[PID: 506 (xmldbc)]: family:1, type:2, protocol:0
[   36.206041] firmadyne: sys_socket[PID: 507 (xmldbc)]: family:1, type:2, protocol:0
[   36.265352] firmadyne: sys_socket[PID: 508 (xmldbc)]: family:1, type:2, protocol:0
[   36.325649] firmadyne: sys_socket[PID: 509 (xmldbc)]: family:1, type:2, protocol:0
[   36.385884] firmadyne: sys_socket[PID: 510 (xmldbc)]: family:1, type:2, protocol:0
[   36.445288] firmadyne: sys_socket[PID: 511 (xmldbc)]: family:1, type:2, protocol:0
[   36.583747] firmadyne: sys_socket[PID: 515 (xmldbc)]: family:1, type:2, protocol:0
[   36.643310] firmadyne: sys_socket[PID: 516 (xmldbc)]: family:1, type:2, protocol:0
[   36.704799] firmadyne: sys_socket[PID: 517 (xmldbc)]: family:1, type:2, protocol:0
[   36.765193] firmadyne: sys_socket[PID: 518 (xmldbc)]: family:1, type:2, protocol:0
[   36.823925] firmadyne: sys_socket[PID: 519 (xmldbc)]: family:1, type:2, protocol:0
[   36.885392] firmadyne: sys_socket[PID: 520 (xmldbc)]: family:1, type:2, protocol:0
[   36.944670] firmadyne: sys_socket[PID: 521 (xmldbc)]: family:1, type:2, protocol:0
[   37.004581] firmadyne: sys_socket[PID: 522 (xmldbc)]: family:1, type:2, protocol:0
[   37.064538] firmadyne: sys_socket[PID: 523 (xmldbc)]: family:1, type:2, protocol:0
[   37.125517] firmadyne: sys_socket[PID: 524 (xmldbc)]: family:1, type:2, protocol:0
[   37.185451] firmadyne: sys_socket[PID: 525 (xmldbc)]: family:1, type:2, protocol:0
[   37.245622] firmadyne: sys_socket[PID: 526 (xmldbc)]: family:1, type:2, protocol:0
[   37.307154] firmadyne: sys_socket[PID: 527 (xmldbc)]: family:1, type:2, protocol:0
[   37.366982] firmadyne: sys_socket[PID: 528 (xmldbc)]: family:1, type:2, protocol:0
[   37.426888] firmadyne: sys_socket[PID: 529 (xmldbc)]: family:1, type:2, protocol:0
[   37.488998] firmadyne: sys_socket[PID: 530 (xmldbc)]: family:1, type:2, protocol:0
[   37.548561] firmadyne: sys_socket[PID: 531 (xmldbc)]: family:1, type:2, protocol:0
[   37.608447] firmadyne: sys_socket[PID: 532 (xmldbc)]: family:1, type:2, protocol:0
[   37.668710] firmadyne: sys_socket[PID: 533 (xmldbc)]: family:1, type:2, protocol:0
[   37.815277] firmadyne: sys_socket[PID: 537 (xmldbc)]: family:1, type:2, protocol:0
[   37.874266] firmadyne: sys_socket[PID: 538 (xmldbc)]: family:1, type:2, protocol:0
[   37.934277] firmadyne: sys_socket[PID: 539 (xmldbc)]: family:1, type:2, protocol:0
[   37.993266] firmadyne: sys_socket[PID: 540 (xmldbc)]: family:1, type:2, protocol:0
[   38.052908] firmadyne: sys_socket[PID: 541 (xmldbc)]: family:1, type:2, protocol:0
[   38.113997] firmadyne: sys_socket[PID: 542 (xmldbc)]: family:1, type:2, protocol:0
[   38.173787] firmadyne: sys_socket[PID: 543 (xmldbc)]: family:1, type:2, protocol:0
[   38.233507] firmadyne: sys_socket[PID: 544 (xmldbc)]: family:1, type:2, protocol:0
[   38.296111] firmadyne: sys_socket[PID: 545 (xmldbc)]: family:1, type:2, protocol:0
[   38.354963] firmadyne: sys_socket[PID: 546 (xmldbc)]: family:1, type:2, protocol:0
[   38.414758] firmadyne: sys_socket[PID: 547 (xmldbc)]: family:1, type:2, protocol:0
[   38.474446] firmadyne: sys_socket[PID: 548 (xmldbc)]: family:1, type:2, protocol:0
[   38.537218] firmadyne: sys_socket[PID: 549 (xmldbc)]: family:1, type:2, protocol:0
[   38.596251] firmadyne: sys_socket[PID: 550 (xmldbc)]: family:1, type:2, protocol:0
[   38.650853] firmadyne: sys_socket[PID: 551 (xmldbc)]: family:1, type:2, protocol:0
[   38.711490] firmadyne: sys_socket[PID: 552 (xmldbc)]: family:1, type:2, protocol:0
[   38.771055] firmadyne: sys_socket[PID: 553 (xmldbc)]: family:1, type:2, protocol:0
[   38.831882] firmadyne: sys_socket[PID: 554 (xmldbc)]: family:1, type:2, protocol:0
[   38.888324] firmadyne: sys_socket[PID: 555 (xmldbc)]: family:1, type:2, protocol:0
[   39.033156] firmadyne: sys_socket[PID: 559 (xmldbc)]: family:1, type:2, protocol:0
[   39.094576] firmadyne: sys_socket[PID: 560 (xmldbc)]: family:1, type:2, protocol:0
[   39.152912] firmadyne: sys_socket[PID: 561 (xmldbc)]: family:1, type:2, protocol:0
[   39.212316] firmadyne: sys_socket[PID: 562 (xmldbc)]: family:1, type:2, protocol:0
[   39.270975] firmadyne: sys_socket[PID: 563 (xmldbc)]: family:1, type:2, protocol:0
[   39.331817] firmadyne: sys_socket[PID: 564 (xmldbc)]: family:1, type:2, protocol:0
[   39.391084] firmadyne: sys_socket[PID: 565 (xmldbc)]: family:1, type:2, protocol:0
[   39.450994] firmadyne: sys_socket[PID: 566 (xmldbc)]: family:1, type:2, protocol:0
[   39.506967] firmadyne: sys_socket[PID: 567 (xmldbc)]: family:1, type:2, protocol:0
[   39.565577] firmadyne: sys_socket[PID: 568 (xmldbc)]: family:1, type:2, protocol:0
[   39.623988] firmadyne: sys_socket[PID: 569 (xmldbc)]: family:1, type:2, protocol:0
[   39.684697] firmadyne: sys_socket[PID: 570 (xmldbc)]: family:1, type:2, protocol:0
[   39.745522] firmadyne: sys_socket[PID: 571 (xmldbc)]: family:1, type:2, protocol:0
[   39.804916] firmadyne: sys_socket[PID: 572 (xmldbc)]: family:1, type:2, protocol:0
[   39.864477] firmadyne: sys_socket[PID: 573 (xmldbc)]: family:1, type:2, protocol:0
[   39.926186] firmadyne: sys_socket[PID: 574 (xmldbc)]: family:1, type:2, protocol:0
[   39.985368] firmadyne: sys_socket[PID: 575 (xmldbc)]: family:1, type:2, protocol:0
[   40.044598] firmadyne: sys_socket[PID: 576 (xmldbc)]: family:1, type:2, protocol:0
[   40.105993] firmadyne: sys_socket[PID: 577 (xmldbc)]: family:1, type:2, protocol:0
[   40.248478] firmadyne: sys_socket[PID: 581 (xmldbc)]: family:1, type:2, protocol:0
[   40.310124] firmadyne: sys_socket[PID: 582 (xmldbc)]: family:1, type:2, protocol:0
[   40.364427] firmadyne: sys_socket[PID: 583 (xmldbc)]: family:1, type:2, protocol:0
[   40.417723] firmadyne: sys_socket[PID: 584 (xmldbc)]: family:1, type:2, protocol:0
[   40.471905] firmadyne: sys_socket[PID: 585 (xmldbc)]: family:1, type:2, protocol:0
[   40.531469] firmadyne: sys_socket[PID: 586 (xmldbc)]: family:1, type:2, protocol:0
[   40.585937] firmadyne: sys_socket[PID: 587 (xmldbc)]: family:1, type:2, protocol:0
[   40.644371] firmadyne: sys_socket[PID: 588 (xmldbc)]: family:1, type:2, protocol:0
[   40.706718] firmadyne: sys_socket[PID: 589 (xmldbc)]: family:1, type:2, protocol:0
[   40.767936] firmadyne: sys_socket[PID: 590 (xmldbc)]: family:1, type:2, protocol:0
[   40.825561] firmadyne: sys_socket[PID: 591 (xmldbc)]: family:1, type:2, protocol:0
[   40.885599] firmadyne: sys_socket[PID: 592 (xmldbc)]: family:1, type:2, protocol:0
[   40.944403] firmadyne: sys_socket[PID: 593 (xmldbc)]: family:1, type:2, protocol:0
[   41.003019] firmadyne: sys_socket[PID: 594 (xmldbc)]: family:1, type:2, protocol:0
[   41.061465] firmadyne: sys_socket[PID: 595 (xmldbc)]: family:1, type:2, protocol:0
[   41.120027] firmadyne: sys_socket[PID: 596 (xmldbc)]: family:1, type:2, protocol:0
[   41.177694] firmadyne: sys_socket[PID: 597 (xmldbc)]: family:1, type:2, protocol:0
[   41.237310] firmadyne: sys_socket[PID: 598 (xmldbc)]: family:1, type:2, protocol:0
[   41.298410] firmadyne: sys_socket[PID: 599 (xmldbc)]: family:1, type:2, protocol:0
[   41.435897] firmadyne: sys_socket[PID: 603 (xmldbc)]: family:1, type:2, protocol:0
[   41.491995] firmadyne: sys_socket[PID: 604 (xmldbc)]: family:1, type:2, protocol:0
[   41.551326] firmadyne: sys_socket[PID: 605 (xmldbc)]: family:1, type:2, protocol:0
[   41.611533] firmadyne: sys_socket[PID: 606 (xmldbc)]: family:1, type:2, protocol:0
[   41.671446] firmadyne: sys_socket[PID: 607 (xmldbc)]: family:1, type:2, protocol:0
[   41.734126] firmadyne: sys_socket[PID: 608 (xmldbc)]: family:1, type:2, protocol:0
[   41.795575] firmadyne: sys_socket[PID: 609 (xmldbc)]: family:1, type:2, protocol:0
[   41.856705] firmadyne: sys_socket[PID: 610 (xmldbc)]: family:1, type:2, protocol:0
[   41.919983] firmadyne: sys_socket[PID: 611 (xmldbc)]: family:1, type:2, protocol:0
[   41.980476] firmadyne: sys_socket[PID: 612 (xmldbc)]: family:1, type:2, protocol:0
[   42.041585] firmadyne: sys_socket[PID: 613 (xmldbc)]: family:1, type:2, protocol:0
[   42.104769] firmadyne: sys_socket[PID: 614 (xmldbc)]: family:1, type:2, protocol:0
[   42.164797] firmadyne: sys_socket[PID: 615 (xmldbc)]: family:1, type:2, protocol:0
[   42.224720] firmadyne: sys_socket[PID: 616 (xmldbc)]: family:1, type:2, protocol:0
[   42.280278] firmadyne: sys_socket[PID: 617 (xmldbc)]: family:1, type:2, protocol:0
[   42.339468] firmadyne: sys_socket[PID: 618 (xmldbc)]: family:1, type:2, protocol:0
[   42.399565] firmadyne: sys_socket[PID: 619 (xmldbc)]: family:1, type:2, protocol:0
[   42.460012] firmadyne: sys_socket[PID: 620 (xmldbc)]: family:1, type:2, protocol:0
[   42.521510] firmadyne: sys_socket[PID: 621 (xmldbc)]: family:1, type:2, protocol:0
[   42.664957] firmadyne: sys_socket[PID: 625 (xmldbc)]: family:1, type:2, protocol:0
[   42.726733] firmadyne: sys_socket[PID: 626 (xmldbc)]: family:1, type:2, protocol:0
[   42.786185] firmadyne: sys_socket[PID: 627 (xmldbc)]: family:1, type:2, protocol:0
[   42.846957] firmadyne: sys_socket[PID: 628 (xmldbc)]: family:1, type:2, protocol:0
[   42.907567] firmadyne: sys_socket[PID: 629 (xmldbc)]: family:1, type:2, protocol:0
[   42.967491] firmadyne: sys_socket[PID: 630 (xmldbc)]: family:1, type:2, protocol:0
[   43.026955] firmadyne: sys_socket[PID: 631 (xmldbc)]: family:1, type:2, protocol:0
[   43.087381] firmadyne: sys_socket[PID: 632 (xmldbc)]: family:1, type:2, protocol:0
[   43.147397] firmadyne: sys_socket[PID: 633 (xmldbc)]: family:1, type:2, protocol:0
[   43.206562] firmadyne: sys_socket[PID: 634 (xmldbc)]: family:1, type:2, protocol:0
[   43.266113] firmadyne: sys_socket[PID: 635 (xmldbc)]: family:1, type:2, protocol:0
[   43.327293] firmadyne: sys_socket[PID: 636 (xmldbc)]: family:1, type:2, protocol:0
[   43.387029] firmadyne: sys_socket[PID: 637 (xmldbc)]: family:1, type:2, protocol:0
[   43.446316] firmadyne: sys_socket[PID: 638 (xmldbc)]: family:1, type:2, protocol:0
[   43.507602] firmadyne: sys_socket[PID: 639 (xmldbc)]: family:1, type:2, protocol:0
[   43.566543] firmadyne: sys_socket[PID: 640 (xmldbc)]: family:1, type:2, protocol:0
[   43.626227] firmadyne: sys_socket[PID: 641 (xmldbc)]: family:1, type:2, protocol:0
[   43.687279] firmadyne: sys_socket[PID: 642 (xmldbc)]: family:1, type:2, protocol:0
[   43.747115] firmadyne: sys_socket[PID: 643 (xmldbc)]: family:1, type:2, protocol:0
[   43.891006] firmadyne: sys_socket[PID: 647 (xmldbc)]: family:1, type:2, protocol:0
[   43.951279] firmadyne: sys_socket[PID: 648 (xmldbc)]: family:1, type:2, protocol:0
[   44.010195] firmadyne: sys_socket[PID: 649 (xmldbc)]: family:1, type:2, protocol:0
[   44.069607] firmadyne: sys_socket[PID: 650 (xmldbc)]: family:1, type:2, protocol:0
[   44.130581] firmadyne: sys_socket[PID: 651 (xmldbc)]: family:1, type:2, protocol:0
[   44.191607] firmadyne: sys_socket[PID: 652 (xmldbc)]: family:1, type:2, protocol:0
[   44.251382] firmadyne: sys_socket[PID: 653 (xmldbc)]: family:1, type:2, protocol:0
[   44.313233] firmadyne: sys_socket[PID: 654 (xmldbc)]: family:1, type:2, protocol:0
[   44.373641] firmadyne: sys_socket[PID: 655 (xmldbc)]: family:1, type:2, protocol:0
[   44.433965] firmadyne: sys_socket[PID: 656 (xmldbc)]: family:1, type:2, protocol:0
[   44.495802] firmadyne: sys_socket[PID: 657 (xmldbc)]: family:1, type:2, protocol:0
[   44.555637] firmadyne: sys_socket[PID: 658 (xmldbc)]: family:1, type:2, protocol:0
[   44.616448] firmadyne: sys_socket[PID: 659 (xmldbc)]: family:1, type:2, protocol:0
[   44.679212] firmadyne: sys_socket[PID: 660 (xmldbc)]: family:1, type:2, protocol:0
[   44.739224] firmadyne: sys_socket[PID: 661 (xmldbc)]: family:1, type:2, protocol:0
[   44.798978] firmadyne: sys_socket[PID: 662 (xmldbc)]: family:1, type:2, protocol:0
[   44.860381] firmadyne: sys_socket[PID: 663 (xmldbc)]: family:1, type:2, protocol:0
[   44.922778] firmadyne: sys_socket[PID: 664 (xmldbc)]: family:1, type:2, protocol:0
[   44.981664] firmadyne: sys_socket[PID: 665 (xmldbc)]: family:1, type:2, protocol:0
[   45.127250] firmadyne: sys_socket[PID: 669 (xmldbc)]: family:1, type:2, protocol:0
[   45.186304] firmadyne: sys_socket[PID: 670 (xmldbc)]: family:1, type:2, protocol:0
[   45.246752] firmadyne: sys_socket[PID: 671 (xmldbc)]: family:1, type:2, protocol:0
[   45.308239] firmadyne: sys_socket[PID: 672 (xmldbc)]: family:1, type:2, protocol:0
[   45.366795] firmadyne: sys_socket[PID: 673 (xmldbc)]: family:1, type:2, protocol:0
[   45.426602] firmadyne: sys_socket[PID: 674 (xmldbc)]: family:1, type:2, protocol:0
[   45.487978] firmadyne: sys_socket[PID: 675 (xmldbc)]: family:1, type:2, protocol:0
[   45.547649] firmadyne: sys_socket[PID: 676 (xmldbc)]: family:1, type:2, protocol:0
[   45.607044] firmadyne: sys_socket[PID: 677 (xmldbc)]: family:1, type:2, protocol:0
[   45.666647] firmadyne: sys_socket[PID: 678 (xmldbc)]: family:1, type:2, protocol:0
[   45.728882] firmadyne: sys_socket[PID: 679 (xmldbc)]: family:1, type:2, protocol:0
[   45.789303] firmadyne: sys_socket[PID: 680 (xmldbc)]: family:1, type:2, protocol:0
[   45.848688] firmadyne: sys_socket[PID: 681 (xmldbc)]: family:1, type:2, protocol:0
[   45.911755] firmadyne: sys_socket[PID: 682 (xmldbc)]: family:1, type:2, protocol:0
[   45.971961] firmadyne: sys_socket[PID: 683 (xmldbc)]: family:1, type:2, protocol:0
[   46.030904] firmadyne: sys_socket[PID: 684 (xmldbc)]: family:1, type:2, protocol:0
[   46.092353] firmadyne: sys_socket[PID: 685 (xmldbc)]: family:1, type:2, protocol:0
[   46.153314] firmadyne: sys_socket[PID: 686 (xmldbc)]: family:1, type:2, protocol:0
[   46.214578] firmadyne: sys_socket[PID: 687 (xmldbc)]: family:1, type:2, protocol:0
[   46.367013] firmadyne: sys_socket[PID: 691 (xmldbc)]: family:1, type:2, protocol:0
[   46.426585] firmadyne: sys_socket[PID: 692 (xmldbc)]: family:1, type:2, protocol:0
[   46.487782] firmadyne: sys_socket[PID: 693 (xmldbc)]: family:1, type:2, protocol:0
[   46.548261] firmadyne: sys_socket[PID: 694 (xmldbc)]: family:1, type:2, protocol:0
[   46.607814] firmadyne: sys_socket[PID: 695 (xmldbc)]: family:1, type:2, protocol:0
[   46.666973] firmadyne: sys_socket[PID: 696 (xmldbc)]: family:1, type:2, protocol:0
[   46.728413] firmadyne: sys_socket[PID: 697 (xmldbc)]: family:1, type:2, protocol:0
[   46.788183] firmadyne: sys_socket[PID: 698 (xmldbc)]: family:1, type:2, protocol:0
[   46.848795] firmadyne: sys_socket[PID: 699 (xmldbc)]: family:1, type:2, protocol:0
[   46.912434] firmadyne: sys_socket[PID: 700 (xmldbc)]: family:1, type:2, protocol:0
[   46.972584] firmadyne: sys_socket[PID: 701 (xmldbc)]: family:1, type:2, protocol:0
[   47.032338] firmadyne: sys_socket[PID: 702 (xmldbc)]: family:1, type:2, protocol:0
[   47.094492] firmadyne: sys_socket[PID: 703 (xmldbc)]: family:1, type:2, protocol:0
[   47.154178] firmadyne: sys_socket[PID: 704 (xmldbc)]: family:1, type:2, protocol:0
[   47.214194] firmadyne: sys_socket[PID: 705 (xmldbc)]: family:1, type:2, protocol:0
[   47.273843] firmadyne: sys_socket[PID: 706 (xmldbc)]: family:1, type:2, protocol:0
[   47.335080] firmadyne: sys_socket[PID: 707 (xmldbc)]: family:1, type:2, protocol:0
[   47.394612] firmadyne: sys_socket[PID: 708 (xmldbc)]: family:1, type:2, protocol:0
[   47.454605] firmadyne: sys_socket[PID: 709 (xmldbc)]: family:1, type:2, protocol:0
[   47.599176] firmadyne: sys_socket[PID: 713 (xmldbc)]: family:1, type:2, protocol:0
[   47.658839] firmadyne: sys_socket[PID: 714 (xmldbc)]: family:1, type:2, protocol:0
[   47.714987] firmadyne: sys_socket[PID: 715 (xmldbc)]: family:1, type:2, protocol:0
[   47.773617] firmadyne: sys_socket[PID: 716 (xmldbc)]: family:1, type:2, protocol:0
[   47.833499] firmadyne: sys_socket[PID: 717 (xmldbc)]: family:1, type:2, protocol:0
[   47.895139] firmadyne: sys_socket[PID: 718 (xmldbc)]: family:1, type:2, protocol:0
[   47.957187] firmadyne: sys_socket[PID: 719 (xmldbc)]: family:1, type:2, protocol:0
[   48.017558] firmadyne: sys_socket[PID: 720 (xmldbc)]: family:1, type:2, protocol:0
[   48.079495] firmadyne: sys_socket[PID: 721 (xmldbc)]: family:1, type:2, protocol:0
[   48.163759] firmadyne: sys_socket[PID: 722 (xmldbc)]: family:1, type:2, protocol:0
[   48.248067] firmadyne: sys_socket[PID: 723 (xmldbc)]: family:1, type:2, protocol:0
[   48.310865] firmadyne: sys_socket[PID: 724 (xmldbc)]: family:1, type:2, protocol:0
[   48.371053] firmadyne: sys_socket[PID: 725 (xmldbc)]: family:1, type:2, protocol:0
[   48.430646] firmadyne: sys_socket[PID: 726 (xmldbc)]: family:1, type:2, protocol:0
[   48.491337] firmadyne: sys_socket[PID: 727 (xmldbc)]: family:1, type:2, protocol:0
[   48.550361] firmadyne: sys_socket[PID: 728 (xmldbc)]: family:1, type:2, protocol:0
[   48.609407] firmadyne: sys_socket[PID: 729 (xmldbc)]: family:1, type:2, protocol:0
[   48.668104] firmadyne: sys_socket[PID: 730 (xmldbc)]: family:1, type:2, protocol:0
[   48.728426] firmadyne: sys_socket[PID: 731 (xmldbc)]: family:1, type:2, protocol:0
[   48.883753] firmadyne: sys_socket[PID: 735 (xmldbc)]: family:1, type:2, protocol:0
[   48.946157] firmadyne: sys_socket[PID: 736 (xmldbc)]: family:1, type:2, protocol:0
[   49.005239] firmadyne: sys_socket[PID: 737 (xmldbc)]: family:1, type:2, protocol:0
[   49.064138] firmadyne: sys_socket[PID: 738 (xmldbc)]: family:1, type:2, protocol:0
[   49.124345] firmadyne: sys_socket[PID: 739 (xmldbc)]: family:1, type:2, protocol:0
[   49.183353] firmadyne: sys_socket[PID: 740 (xmldbc)]: family:1, type:2, protocol:0
[   49.242406] firmadyne: sys_socket[PID: 741 (xmldbc)]: family:1, type:2, protocol:0
[   49.302643] firmadyne: sys_socket[PID: 742 (xmldbc)]: family:1, type:2, protocol:0
[   49.361827] firmadyne: sys_socket[PID: 743 (xmldbc)]: family:1, type:2, protocol:0
[   49.421707] firmadyne: sys_socket[PID: 744 (xmldbc)]: family:1, type:2, protocol:0
[   49.481762] firmadyne: sys_socket[PID: 745 (xmldbc)]: family:1, type:2, protocol:0
[   49.540894] firmadyne: sys_socket[PID: 746 (xmldbc)]: family:1, type:2, protocol:0
[   49.600228] firmadyne: sys_socket[PID: 747 (xmldbc)]: family:1, type:2, protocol:0
[   49.659123] firmadyne: sys_socket[PID: 748 (xmldbc)]: family:1, type:2, protocol:0
[   49.719217] firmadyne: sys_socket[PID: 749 (xmldbc)]: family:1, type:2, protocol:0
[   49.778246] firmadyne: sys_socket[PID: 750 (xmldbc)]: family:1, type:2, protocol:0
[   49.837587] firmadyne: sys_socket[PID: 751 (xmldbc)]: family:1, type:2, protocol:0
[   49.898255] firmadyne: sys_socket[PID: 752 (xmldbc)]: family:1, type:2, protocol:0
[   49.958187] firmadyne: sys_socket[PID: 753 (xmldbc)]: family:1, type:2, protocol:0
[   50.102031] firmadyne: sys_socket[PID: 757 (xmldbc)]: family:1, type:2, protocol:0
[   50.160289] firmadyne: sys_socket[PID: 758 (xmldbc)]: family:1, type:2, protocol:0
[   50.219846] firmadyne: sys_socket[PID: 759 (xmldbc)]: family:1, type:2, protocol:0
[   50.279975] firmadyne: sys_socket[PID: 760 (xmldbc)]: family:1, type:2, protocol:0
[   50.339599] firmadyne: sys_socket[PID: 761 (xmldbc)]: family:1, type:2, protocol:0
[   50.398424] firmadyne: sys_socket[PID: 762 (xmldbc)]: family:1, type:2, protocol:0
[   50.456547] firmadyne: sys_socket[PID: 763 (xmldbc)]: family:1, type:2, protocol:0
[   50.516879] firmadyne: sys_socket[PID: 764 (xmldbc)]: family:1, type:2, protocol:0
[   50.576122] firmadyne: sys_socket[PID: 765 (xmldbc)]: family:1, type:2, protocol:0
[   50.634411] firmadyne: sys_socket[PID: 766 (xmldbc)]: family:1, type:2, protocol:0
[   50.688651] firmadyne: sys_socket[PID: 767 (xmldbc)]: family:1, type:2, protocol:0
[   50.748255] firmadyne: sys_socket[PID: 768 (xmldbc)]: family:1, type:2, protocol:0
[   50.806994] firmadyne: sys_socket[PID: 769 (xmldbc)]: family:1, type:2, protocol:0
[   50.867043] firmadyne: sys_socket[PID: 770 (xmldbc)]: family:1, type:2, protocol:0
[   50.927166] firmadyne: sys_socket[PID: 771 (xmldbc)]: family:1, type:2, protocol:0
[   50.987372] firmadyne: sys_socket[PID: 772 (xmldbc)]: family:1, type:2, protocol:0
[   51.045947] firmadyne: sys_socket[PID: 773 (xmldbc)]: family:1, type:2, protocol:0
[   51.106758] firmadyne: sys_socket[PID: 774 (xmldbc)]: family:1, type:2, protocol:0
[   51.165683] firmadyne: sys_socket[PID: 775 (xmldbc)]: family:1, type:2, protocol:0
[   51.310005] firmadyne: sys_socket[PID: 779 (xmldbc)]: family:1, type:2, protocol:0
[   51.368532] firmadyne: sys_socket[PID: 780 (xmldbc)]: family:1, type:2, protocol:0
[   51.427295] firmadyne: sys_socket[PID: 781 (xmldbc)]: family:1, type:2, protocol:0
[   51.487310] firmadyne: sys_socket[PID: 782 (xmldbc)]: family:1, type:2, protocol:0
[   51.546006] firmadyne: sys_socket[PID: 783 (xmldbc)]: family:1, type:2, protocol:0
[   51.604621] firmadyne: sys_socket[PID: 784 (xmldbc)]: family:1, type:2, protocol:0
[   51.664489] firmadyne: sys_socket[PID: 785 (xmldbc)]: family:1, type:2, protocol:0
[   51.724766] firmadyne: sys_socket[PID: 786 (xmldbc)]: family:1, type:2, protocol:0
[   51.783163] firmadyne: sys_socket[PID: 787 (xmldbc)]: family:1, type:2, protocol:0
[   51.841531] firmadyne: sys_socket[PID: 788 (xmldbc)]: family:1, type:2, protocol:0
[   51.901535] firmadyne: sys_socket[PID: 789 (xmldbc)]: family:1, type:2, protocol:0
[   51.960148] firmadyne: sys_socket[PID: 790 (xmldbc)]: family:1, type:2, protocol:0
[   52.019131] firmadyne: sys_socket[PID: 791 (xmldbc)]: family:1, type:2, protocol:0
[   52.079379] firmadyne: sys_socket[PID: 792 (xmldbc)]: family:1, type:2, protocol:0
[   52.139050] firmadyne: sys_socket[PID: 793 (xmldbc)]: family:1, type:2, protocol:0
[   52.198510] firmadyne: sys_socket[PID: 794 (xmldbc)]: family:1, type:2, protocol:0
[   52.257684] firmadyne: sys_socket[PID: 795 (xmldbc)]: family:1, type:2, protocol:0
[   52.318645] firmadyne: sys_socket[PID: 796 (xmldbc)]: family:1, type:2, protocol:0
[   52.377430] firmadyne: sys_socket[PID: 797 (xmldbc)]: family:1, type:2, protocol:0
[   52.519992] firmadyne: sys_socket[PID: 801 (xmldbc)]: family:1, type:2, protocol:0
[   52.578010] firmadyne: sys_socket[PID: 802 (xmldbc)]: family:1, type:2, protocol:0
[   52.636615] firmadyne: sys_socket[PID: 803 (xmldbc)]: family:1, type:2, protocol:0
[   52.698326] firmadyne: sys_socket[PID: 804 (xmldbc)]: family:1, type:2, protocol:0
[   52.756846] firmadyne: sys_socket[PID: 805 (xmldbc)]: family:1, type:2, protocol:0
[   52.816018] firmadyne: sys_socket[PID: 806 (xmldbc)]: family:1, type:2, protocol:0
[   52.879705] firmadyne: sys_socket[PID: 807 (xmldbc)]: family:1, type:2, protocol:0
[   52.939266] firmadyne: sys_socket[PID: 808 (xmldbc)]: family:1, type:2, protocol:0
[   52.998592] firmadyne: sys_socket[PID: 809 (xmldbc)]: family:1, type:2, protocol:0
[   53.058506] firmadyne: sys_socket[PID: 810 (xmldbc)]: family:1, type:2, protocol:0
[   53.119633] firmadyne: sys_socket[PID: 811 (xmldbc)]: family:1, type:2, protocol:0
[   53.179277] firmadyne: sys_socket[PID: 812 (xmldbc)]: family:1, type:2, protocol:0
[   53.239389] firmadyne: sys_socket[PID: 813 (xmldbc)]: family:1, type:2, protocol:0
[   53.300460] firmadyne: sys_socket[PID: 814 (xmldbc)]: family:1, type:2, protocol:0
[   53.359909] firmadyne: sys_socket[PID: 815 (xmldbc)]: family:1, type:2, protocol:0
[   53.418524] firmadyne: sys_socket[PID: 816 (xmldbc)]: family:1, type:2, protocol:0
[   53.472913] firmadyne: sys_socket[PID: 817 (xmldbc)]: family:1, type:2, protocol:0
[   53.532498] firmadyne: sys_socket[PID: 818 (xmldbc)]: family:1, type:2, protocol:0
[   53.591523] firmadyne: sys_socket[PID: 819 (xmldbc)]: family:1, type:2, protocol:0
[   53.735201] firmadyne: sys_socket[PID: 823 (xmldbc)]: family:1, type:2, protocol:0
[   53.794066] firmadyne: sys_socket[PID: 824 (xmldbc)]: family:1, type:2, protocol:0
[   53.852322] firmadyne: sys_socket[PID: 825 (xmldbc)]: family:1, type:2, protocol:0
[   53.912784] firmadyne: sys_socket[PID: 826 (xmldbc)]: family:1, type:2, protocol:0
[   53.971902] firmadyne: sys_socket[PID: 827 (xmldbc)]: family:1, type:2, protocol:0
[   54.031233] firmadyne: sys_socket[PID: 828 (xmldbc)]: family:1, type:2, protocol:0
[   54.091923] firmadyne: sys_socket[PID: 829 (xmldbc)]: family:1, type:2, protocol:0
[   54.150805] firmadyne: sys_socket[PID: 830 (xmldbc)]: family:1, type:2, protocol:0
[   54.210173] firmadyne: sys_socket[PID: 831 (xmldbc)]: family:1, type:2, protocol:0
[   54.268782] firmadyne: sys_socket[PID: 832 (xmldbc)]: family:1, type:2, protocol:0
[   54.329630] firmadyne: sys_socket[PID: 833 (xmldbc)]: family:1, type:2, protocol:0
[   54.388441] firmadyne: sys_socket[PID: 834 (xmldbc)]: family:1, type:2, protocol:0
[   54.446941] firmadyne: sys_socket[PID: 835 (xmldbc)]: family:1, type:2, protocol:0
[   54.507430] firmadyne: sys_socket[PID: 836 (xmldbc)]: family:1, type:2, protocol:0
[   54.566069] firmadyne: sys_socket[PID: 837 (xmldbc)]: family:1, type:2, protocol:0
[   54.624255] firmadyne: sys_socket[PID: 838 (xmldbc)]: family:1, type:2, protocol:0
[   54.684559] firmadyne: sys_socket[PID: 839 (xmldbc)]: family:1, type:2, protocol:0
[   54.744366] firmadyne: sys_socket[PID: 840 (xmldbc)]: family:1, type:2, protocol:0
[   54.802660] firmadyne: sys_socket[PID: 841 (xmldbc)]: family:1, type:2, protocol:0
[   54.945838] firmadyne: sys_socket[PID: 845 (xmldbc)]: family:1, type:2, protocol:0
[   55.004685] firmadyne: sys_socket[PID: 846 (xmldbc)]: family:1, type:2, protocol:0
[   55.066168] firmadyne: sys_socket[PID: 847 (xmldbc)]: family:1, type:2, protocol:0
[   55.127306] firmadyne: sys_socket[PID: 848 (xmldbc)]: family:1, type:2, protocol:0
[   55.186394] firmadyne: sys_socket[PID: 849 (xmldbc)]: family:1, type:2, protocol:0
[   55.245301] firmadyne: sys_socket[PID: 850 (xmldbc)]: family:1, type:2, protocol:0
[   55.305674] firmadyne: sys_socket[PID: 851 (xmldbc)]: family:1, type:2, protocol:0
[   55.365504] firmadyne: sys_socket[PID: 852 (xmldbc)]: family:1, type:2, protocol:0
[   55.425873] firmadyne: sys_socket[PID: 853 (xmldbc)]: family:1, type:2, protocol:0
[   55.486826] firmadyne: sys_socket[PID: 854 (xmldbc)]: family:1, type:2, protocol:0
[   55.546593] firmadyne: sys_socket[PID: 855 (xmldbc)]: family:1, type:2, protocol:0
[   55.606179] firmadyne: sys_socket[PID: 856 (xmldbc)]: family:1, type:2, protocol:0
[   55.665506] firmadyne: sys_socket[PID: 857 (xmldbc)]: family:1, type:2, protocol:0
[   55.725724] firmadyne: sys_socket[PID: 858 (xmldbc)]: family:1, type:2, protocol:0
[   55.785574] firmadyne: sys_socket[PID: 859 (xmldbc)]: family:1, type:2, protocol:0
[   55.844078] firmadyne: sys_socket[PID: 860 (xmldbc)]: family:1, type:2, protocol:0
[   55.903969] firmadyne: sys_socket[PID: 861 (xmldbc)]: family:1, type:2, protocol:0
[   55.962133] firmadyne: sys_socket[PID: 862 (xmldbc)]: family:1, type:2, protocol:0
[   56.014515] firmadyne: sys_socket[PID: 863 (xmldbc)]: family:1, type:2, protocol:0
[   56.160387] firmadyne: sys_socket[PID: 867 (xmldbc)]: family:1, type:2, protocol:0
[   56.219757] firmadyne: sys_socket[PID: 868 (xmldbc)]: family:1, type:2, protocol:0
[   56.279706] firmadyne: sys_socket[PID: 869 (xmldbc)]: family:1, type:2, protocol:0
[   56.339714] firmadyne: sys_socket[PID: 870 (xmldbc)]: family:1, type:2, protocol:0
[   56.398339] firmadyne: sys_socket[PID: 871 (xmldbc)]: family:1, type:2, protocol:0
[   56.457454] firmadyne: sys_socket[PID: 872 (xmldbc)]: family:1, type:2, protocol:0
[   56.518124] firmadyne: sys_socket[PID: 873 (xmldbc)]: family:1, type:2, protocol:0
[   56.577419] firmadyne: sys_socket[PID: 874 (xmldbc)]: family:1, type:2, protocol:0
[   56.636696] firmadyne: sys_socket[PID: 875 (xmldbc)]: family:1, type:2, protocol:0
[   56.697617] firmadyne: sys_socket[PID: 876 (xmldbc)]: family:1, type:2, protocol:0
[   56.756342] firmadyne: sys_socket[PID: 877 (xmldbc)]: family:1, type:2, protocol:0
[   56.815303] firmadyne: sys_socket[PID: 878 (xmldbc)]: family:1, type:2, protocol:0
[   56.875787] firmadyne: sys_socket[PID: 879 (xmldbc)]: family:1, type:2, protocol:0
[   56.931804] firmadyne: sys_socket[PID: 880 (xmldbc)]: family:1, type:2, protocol:0
[   56.990558] firmadyne: sys_socket[PID: 881 (xmldbc)]: family:1, type:2, protocol:0
[   57.050129] firmadyne: sys_socket[PID: 882 (xmldbc)]: family:1, type:2, protocol:0
[   57.112497] firmadyne: sys_socket[PID: 883 (xmldbc)]: family:1, type:2, protocol:0
[   57.171719] firmadyne: sys_socket[PID: 884 (xmldbc)]: family:1, type:2, protocol:0
[   57.231410] firmadyne: sys_socket[PID: 885 (xmldbc)]: family:1, type:2, protocol:0
[   57.375391] firmadyne: sys_socket[PID: 889 (xmldbc)]: family:1, type:2, protocol:0
[   57.434178] firmadyne: sys_socket[PID: 890 (xmldbc)]: family:1, type:2, protocol:0
[   57.494249] firmadyne: sys_socket[PID: 891 (xmldbc)]: family:1, type:2, protocol:0
[   57.553302] firmadyne: sys_socket[PID: 892 (xmldbc)]: family:1, type:2, protocol:0
[   57.612287] firmadyne: sys_socket[PID: 893 (xmldbc)]: family:1, type:2, protocol:0
[   57.670901] firmadyne: sys_socket[PID: 894 (xmldbc)]: family:1, type:2, protocol:0
[   57.730600] firmadyne: sys_socket[PID: 895 (xmldbc)]: family:1, type:2, protocol:0
[   57.790226] firmadyne: sys_socket[PID: 896 (xmldbc)]: family:1, type:2, protocol:0
[   57.848642] firmadyne: sys_socket[PID: 897 (xmldbc)]: family:1, type:2, protocol:0
[   57.909915] firmadyne: sys_socket[PID: 898 (xmldbc)]: family:1, type:2, protocol:0
[   57.967894] firmadyne: sys_socket[PID: 899 (xmldbc)]: family:1, type:2, protocol:0
[   58.026743] firmadyne: sys_socket[PID: 900 (xmldbc)]: family:1, type:2, protocol:0
[   58.087395] firmadyne: sys_socket[PID: 901 (xmldbc)]: family:1, type:2, protocol:0
[   58.148539] firmadyne: sys_socket[PID: 902 (xmldbc)]: family:1, type:2, protocol:0
[   58.212106] firmadyne: sys_socket[PID: 903 (xmldbc)]: family:1, type:2, protocol:0
[   58.272937] firmadyne: sys_socket[PID: 904 (xmldbc)]: family:1, type:2, protocol:0
[   58.333585] firmadyne: sys_socket[PID: 905 (xmldbc)]: family:1, type:2, protocol:0
[   58.392502] firmadyne: sys_socket[PID: 906 (xmldbc)]: family:1, type:2, protocol:0
[   58.452427] firmadyne: sys_socket[PID: 907 (xmldbc)]: family:1, type:2, protocol:0
[   58.598675] firmadyne: sys_socket[PID: 911 (xmldbc)]: family:1, type:2, protocol:0
[   58.658899] firmadyne: sys_socket[PID: 912 (xmldbc)]: family:1, type:2, protocol:0
[   58.719793] firmadyne: sys_socket[PID: 913 (xmldbc)]: family:1, type:2, protocol:0
[   58.779178] firmadyne: sys_socket[PID: 914 (xmldbc)]: family:1, type:2, protocol:0
[   58.838844] firmadyne: sys_socket[PID: 915 (xmldbc)]: family:1, type:2, protocol:0
[   58.900447] firmadyne: sys_socket[PID: 916 (xmldbc)]: family:1, type:2, protocol:0
[   58.960408] firmadyne: sys_socket[PID: 917 (xmldbc)]: family:1, type:2, protocol:0
[   59.020627] firmadyne: sys_socket[PID: 918 (xmldbc)]: family:1, type:2, protocol:0
[   59.082215] firmadyne: sys_socket[PID: 919 (xmldbc)]: family:1, type:2, protocol:0
[   59.144244] firmadyne: sys_socket[PID: 920 (xmldbc)]: family:1, type:2, protocol:0
[   59.204188] firmadyne: sys_socket[PID: 921 (xmldbc)]: family:1, type:2, protocol:0
[   59.264296] firmadyne: sys_socket[PID: 922 (xmldbc)]: family:1, type:2, protocol:0
[   59.326921] firmadyne: sys_socket[PID: 923 (xmldbc)]: family:1, type:2, protocol:0
[   59.387185] firmadyne: sys_socket[PID: 924 (xmldbc)]: family:1, type:2, protocol:0
[   59.447189] firmadyne: sys_socket[PID: 925 (xmldbc)]: family:1, type:2, protocol:0
[   59.508493] firmadyne: sys_socket[PID: 926 (xmldbc)]: family:1, type:2, protocol:0
[   59.568598] firmadyne: sys_socket[PID: 927 (xmldbc)]: family:1, type:2, protocol:0
[   59.629464] firmadyne: sys_socket[PID: 928 (xmldbc)]: family:1, type:2, protocol:0
[   59.691138] firmadyne: sys_socket[PID: 929 (xmldbc)]: family:1, type:2, protocol:0
[   59.889040] firmadyne: sys_socket[PID: 934 (xmldbc)]: family:1, type:2, protocol:0
[   59.948854] firmadyne: sys_socket[PID: 935 (xmldbc)]: family:1, type:2, protocol:0
[   60.008153] firmadyne: sys_socket[PID: 936 (xmldbc)]: family:1, type:2, protocol:0
[   60.068160] firmadyne: sys_socket[PID: 937 (xmldbc)]: family:1, type:2, protocol:0
[   60.129856] firmadyne: sys_socket[PID: 938 (xmldbc)]: family:1, type:2, protocol:0
[   60.191137] firmadyne: sys_socket[PID: 939 (xmldbc)]: family:1, type:2, protocol:0
[   60.336286] firmadyne: sys_socket[PID: 943 (xmldbc)]: family:1, type:2, protocol:0
[   60.396940] firmadyne: sys_socket[PID: 944 (xmldbc)]: family:1, type:2, protocol:0
[   60.456600] firmadyne: sys_socket[PID: 945 (xmldbc)]: family:1, type:2, protocol:0
[   60.518089] firmadyne: sys_socket[PID: 946 (xmldbc)]: family:1, type:2, protocol:0
[   60.577261] firmadyne: sys_socket[PID: 947 (xmldbc)]: family:1, type:2, protocol:0
[   60.636398] firmadyne: sys_socket[PID: 948 (xmldbc)]: family:1, type:2, protocol:0
[   60.821506] firmadyne: sys_socket[PID: 953 (xmldbc)]: family:1, type:2, protocol:0
[   60.965508] firmadyne: sys_socket[PID: 957 (xmldbc)]: family:1, type:2, protocol:0
[   61.108273] firmadyne: sys_socket[PID: 961 (xmldbc)]: family:1, type:2, protocol:0
[   61.252822] firmadyne: sys_socket[PID: 965 (xmldbc)]: family:1, type:2, protocol:0
[   61.396757] firmadyne: sys_socket[PID: 969 (xmldbc)]: family:1, type:2, protocol:0
[   61.539803] firmadyne: sys_socket[PID: 973 (xmldbc)]: family:1, type:2, protocol:0
[   61.683087] firmadyne: sys_socket[PID: 977 (xmldbc)]: family:1, type:2, protocol:0
[   61.823265] firmadyne: sys_socket[PID: 981 (xmldbc)]: family:1, type:2, protocol:0
[   61.966935] firmadyne: sys_socket[PID: 985 (xmldbc)]: family:1, type:2, protocol:0
[   62.110044] firmadyne: sys_socket[PID: 989 (xmldbc)]: family:1, type:2, protocol:0
[   62.251484] firmadyne: sys_socket[PID: 993 (xmldbc)]: family:1, type:2, protocol:0
[   62.393887] firmadyne: sys_socket[PID: 997 (xmldbc)]: family:1, type:2, protocol:0
[   62.536004] firmadyne: sys_socket[PID: 1001 (xmldbc)]: family:1, type:2, protocol:0
[   62.679001] firmadyne: sys_socket[PID: 1005 (xmldbc)]: family:1, type:2, protocol:0
[   62.819082] firmadyne: sys_socket[PID: 1009 (xmldbc)]: family:1, type:2, protocol:0
[   62.961239] firmadyne: sys_socket[PID: 1013 (xmldbc)]: family:1, type:2, protocol:0
[   63.104675] firmadyne: sys_socket[PID: 1017 (xmldbc)]: family:1, type:2, protocol:0
[   63.249439] firmadyne: sys_socket[PID: 1021 (xmldbc)]: family:1, type:2, protocol:0
[   63.392904] firmadyne: sys_socket[PID: 1025 (xmldbc)]: family:1, type:2, protocol:0
[   63.537434] firmadyne: sys_socket[PID: 1029 (xmldbc)]: family:1, type:2, protocol:0
[   63.680575] firmadyne: sys_socket[PID: 1033 (xmldbc)]: family:1, type:2, protocol:0
[   63.822466] firmadyne: sys_socket[PID: 1037 (xmldbc)]: family:1, type:2, protocol:0
[   63.961651] firmadyne: sys_socket[PID: 1041 (xmldbc)]: family:1, type:2, protocol:0
[   64.106425] firmadyne: sys_socket[PID: 1045 (xmldbc)]: family:1, type:2, protocol:0
[   64.251385] firmadyne: sys_socket[PID: 1049 (xmldbc)]: family:1, type:2, protocol:0
[   64.394550] firmadyne: sys_socket[PID: 1053 (xmldbc)]: family:1, type:2, protocol:0
[   64.539044] firmadyne: sys_socket[PID: 1057 (xmldbc)]: family:1, type:2, protocol:0
[   64.682918] firmadyne: sys_socket[PID: 1061 (xmldbc)]: family:1, type:2, protocol:0
[   64.825670] firmadyne: sys_socket[PID: 1065 (xmldbc)]: family:1, type:2, protocol:0
[   64.970944] firmadyne: sys_socket[PID: 1069 (xmldbc)]: family:1, type:2, protocol:0
[   65.114776] firmadyne: sys_socket[PID: 1073 (xmldbc)]: family:1, type:2, protocol:0
[   65.258710] firmadyne: sys_socket[PID: 1077 (xmldbc)]: family:1, type:2, protocol:0
[   65.402441] firmadyne: sys_socket[PID: 1081 (xmldbc)]: family:1, type:2, protocol:0
[   65.461906] firmadyne: sys_socket[PID: 1082 (xmldbc)]: family:1, type:2, protocol:0
[   65.523280] firmadyne: sys_socket[PID: 1083 (xmldbc)]: family:1, type:2, protocol:0
[   65.582657] firmadyne: sys_socket[PID: 1084 (xmldbc)]: family:1, type:2, protocol:0
[   65.642559] firmadyne: sys_socket[PID: 1085 (xmldbc)]: family:1, type:2, protocol:0
[   65.703860] firmadyne: sys_socket[PID: 1086 (xmldbc)]: family:1, type:2, protocol:0
[   65.764576] firmadyne: sys_socket[PID: 1087 (xmldbc)]: family:1, type:2, protocol:0
[   65.824694] firmadyne: sys_socket[PID: 1088 (xmldbc)]: family:1, type:2, protocol:0
[   65.886895] firmadyne: sys_socket[PID: 1089 (xmldbc)]: family:1, type:2, protocol:0
PHP [/etc/defnodes/S11setnodes.php] ...
[   66.012104] firmadyne: sys_socket[PID: 1092 (rgdb)]: family:1, type:2, protocol:0
PHP [/etc/defnodes/S12features.php] ...
[   66.860063] firmadyne: sys_socket[PID: 1105 (rgdb)]: family:1, type:2, protocol:0
PHP [/etc/defnodes/S13flashspeed.php] ...
[   66.991605] firmadyne: sys_socket[PID: 1108 (rgdb)]: family:1, type:2, protocol:0
PHP [/etc/defnodes/S20setnodes.php] ...
[   67.247793] firmadyne: sys_socket[PID: 1113 (rgdb)]: family:1, type:2, protocol:0
[   67.736768] UDF-fs: warning (device mtdblock4): udf_fill_super: No partition found (2)
mount: mounting /dev/mtdblock/4 on /www/locale/alt failed: Invalid argument
PHP [/etc/defnodes/S40brand.php] ...
[   67.851938] firmadyne: sys_socket[PID: 1125 (rgdb)]: family:1, type:2, protocol:0
[/etc/scripts/misc/defnodes.sh] Done !!
[/etc/scripts/misc/profile.sh] put ...
[   68.479230] firmadyne: sys_socket[PID: 1133 (rgdb)]: family:1, type:2, protocol:0
ok
[   69.482782] firmadyne: sys_socket[PID: 1139 (rgdb)]: family:1, type:2, protocol:0
[   69.556300] firmadyne: sys_socket[PID: 1141 (rgdb)]: family:1, type:2, protocol:0
[/etc/templates/timezone.sh] ...
[   69.737459] firmadyne: sys_socket[PID: 1146 (rgdb)]: family:1, type:2, protocol:0
[   69.938703] firmadyne: sys_socket[PID: 1151 (rgdb)]: family:1, type:2, protocol:0
[   73.289002] firmadyne: sys_socket[PID: 1155 (rgdb)]: family:1, type:2, protocol:0
[   73.376516] firmadyne: sys_socket[PID: 1157 (rgdb)]: family:1, type:2, protocol:0
[   73.464670] firmadyne: sys_socket[PID: 1159 (rgdb)]: family:1, type:2, protocol:0
[   73.553228] firmadyne: sys_socket[PID: 1161 (rgdb)]: family:1, type:2, protocol:0
[   73.640137] firmadyne: sys_socket[PID: 1163 (rgdb)]: family:1, type:2, protocol:0
[   73.724714] firmadyne: sys_socket[PID: 1165 (rgdb)]: family:1, type:2, protocol:0
[   73.809642] firmadyne: sys_socket[PID: 1167 (rgdb)]: family:1, type:2, protocol:0
[   73.897909] firmadyne: sys_socket[PID: 1169 (rgdb)]: family:1, type:2, protocol:0
[   73.985863] firmadyne: sys_socket[PID: 1171 (rgdb)]: family:1, type:2, protocol:0
[   74.074161] firmadyne: sys_socket[PID: 1173 (rgdb)]: family:1, type:2, protocol:0
[   74.163156] firmadyne: sys_socket[PID: 1175 (rgdb)]: family:1, type:2, protocol:0
[/etc/templates/logs.sh] ...
[   75.214566] firmadyne: sys_socket[PID: 1203 (rgdb)]: family:1, type:2, protocol:0
[   75.320553] firmadyne: sys_socket[PID: 1205 (rgdb)]: family:1, type:2, protocol:0
[/var/run/logs_run.sh] ...
[   75.871824] firmadyne: sys_socket[PID: 1210 (syslogd)]: family:1, type:1, protocol:0
[   76.039816] firmadyne: sys_socket[PID: 1215 (rgdb)]: family:1, type:2, protocol:0
[   76.260012] firmadyne: sys_socket[PID: 1219 (ifconfig)]: family:2, type:1, protocol:0
[   76.280336] 8021q: adding VLAN 0 to HW filter on device eth0
[   76.287602] e1000: eth0 NIC Link is Up 1000 Mbps Full Duplex, Flow Control: RX
[   79.387856] firmadyne: sys_socket[PID: 1221 (rgdb)]: family:1, type:2, protocol:0
[   79.753849] firmadyne: sys_socket[PID: 1233 (rgdb)]: family:1, type:2, protocol:0
[   79.951235] firmadyne: sys_socket[PID: 1239 (rgdb)]: family:1, type:2, protocol:0
[   79.977479] firmadyne: sys_socket[PID: 1240 (ifconfig)]: family:2, type:1, protocol:0
[   79.979844] firmadyne: __inet_insert_ifa[PID: 1240 (ifconfig)]: device:lo ifa:0x7f000001
[   80.038246] firmadyne: sys_socket[PID: 1241 (brctl)]: family:2, type:2, protocol:0
[   80.148499] firmadyne: sys_socket[PID: 1244 (brctl)]: family:2, type:2, protocol:0
[   80.152214] firmadyne: sys_socket[PID: 1244 (brctl)]: family:10, type:1, protocol:0
[   80.207748] firmadyne: sys_socket[PID: 1245 (brctl)]: family:2, type:2, protocol:0
[   80.211838] firmadyne: sys_socket[PID: 1245 (brctl)]: family:10, type:1, protocol:0
[/etc/init.d/S03config.sh] done!
[/etc/init.d/S10system.sh]
start Layout ...
[/etc/scripts/layout.sh] start ...
[   80.615684] firmadyne: sys_socket[PID: 1255 (rgdb)]: family:1, type:2, protocol:0
[   80.743405] firmadyne: sys_socket[PID: 1256 (rgdb)]: family:1, type:2, protocol:0
[/var/run/layout_start.sh] ...
Start bridge layout ...
[   80.905702] firmadyne: sys_socket[PID: 1260 (ifconfig)]: family:2, type:1, protocol:0
[   80.954747] firmadyne: sys_socket[PID: 1261 (brctl)]: family:2, type:2, protocol:0
[   80.959053] firmadyne: sys_socket[PID: 1261 (brctl)]: family:10, type:1, protocol:0
[   80.962894] firmadyne: sys_socket[PID: 1261 (brctl)]: family:10, type:1, protocol:0
[   80.964674] firmadyne: br_add_if[PID: 1261 (brctl)]: br:br0 dev:eth0
[   80.971804] device eth0 entered promiscuous mode
[   81.071364] firmadyne: sys_socket[PID: 1264 (xmldbc)]: family:1, type:2, protocol:0
[   81.166962] firmadyne: sys_socket[PID: 1267 (ifconfig)]: family:2, type:1, protocol:0
[   81.169260] br0: port 1(eth0) entered forwarding state
[   81.170243] br0: port 1(eth0) entered forwarding state
[   81.223284] firmadyne: sys_socket[PID: 1268 (rgdb)]: family:1, type:2, protocol:0
start LAN ...
[/etc/templates/lan.sh] ...
[   81.401407] firmadyne: sys_socket[PID: 1273 (rgdb)]: family:1, type:2, protocol:0
[   81.565653] firmadyne: sys_socket[PID: 1276 (rgdb)]: family:1, type:2, protocol:0
[   81.680308] firmadyne: sys_socket[PID: 1277 (rgdb)]: family:1, type:2, protocol:0
[/var/run/lan_start.sh] ...
Bridge mode selected, LAN is disabled !
start web server ...
[/etc/templates/webs.sh] start ...
[   81.989815] firmadyne: sys_socket[PID: 1285 (rgdb)]: family:1, type:2, protocol:0
[   82.083130] firmadyne: sys_socket[PID: 1287 (rgdb)]: family:1, type:2, protocol:0
[   82.241914] firmadyne: sys_socket[PID: 1290 (rgdb)]: family:1, type:2, protocol:0
[   82.389631] firmadyne: sys_socket[PID: 1291 (rgdb)]: family:1, type:2, protocol:0
[/var/run/webs_start.sh] ...
Starting HTTPD ...
start eth0 vlan setup ...
/etc/scripts/eth_vlan.sh: not found
[   82.808289] firmadyne: sys_socket[PID: 1301 (rgdb)]: family:1, type:2, protocol:0
[   82.824585] firmadyne: sys_socket[PID: 1302 (rgdb)]: family:1, type:2, protocol:0
[   83.030233] firmadyne: sys_socket[PID: 1303 (rgdb)]: family:1, type:2, protocol:0
#!/bin/sh
echo [$0] ... > /dev/console

# limitedadmin.php <<<

limitedadmin.sh...
[   83.314151] firmadyne: sys_socket[PID: 1307 (brctl)]: family:2, type:2, protocol:0
[   83.321657] firmadyne: sys_socket[PID: 1307 (brctl)]: family:10, type:1, protocol:0
[   83.427649] firmadyne: sys_socket[PID: 1308 (brctl)]: family:2, type:2, protocol:0
[   83.435212] firmadyne: sys_socket[PID: 1308 (brctl)]: family:10, type:1, protocol:0
[   83.546830] firmadyne: sys_socket[PID: 1309 (brctl)]: family:2, type:2, protocol:0
[   83.554390] firmadyne: sys_socket[PID: 1309 (brctl)]: family:10, type:1, protocol:0
[   83.662113] firmadyne: sys_socket[PID: 1310 (brctl)]: family:2, type:2, protocol:0
[   83.673627] firmadyne: sys_socket[PID: 1310 (brctl)]: family:10, type:1, protocol:0
[   83.782446] firmadyne: sys_socket[PID: 1311 (brctl)]: family:2, type:2, protocol:0
[   83.790013] firmadyne: sys_socket[PID: 1311 (brctl)]: family:10, type:1, protocol:0
[   83.901600] firmadyne: sys_socket[PID: 1312 (brctl)]: family:2, type:2, protocol:0
[   83.909329] firmadyne: sys_socket[PID: 1312 (brctl)]: family:10, type:1, protocol:0
start fresetd ...
enable LAN ports ...
[   84.179227] firmadyne: sys_socket[PID: 1314 (servd)]: family:1, type:2, protocol:0
Factory reset time : 5 secs
System reset time  : 1 secs
WPS command : [/etc/templates/wps.sh pbc &]
[   84.328005] firmadyne: sys_socket[PID: 1305 (httpd)]: family:10, type:2, protocol:6
[   84.337453] firmadyne: sys_setsockopt[PID: 1305 (httpd)]: fd:4, level:65535, optname:4
/dev/gpio: No such device or address
[/etc/scripts/enlan.sh] ...
[   84.362335] firmadyne: sys_socket[PID: 1317 (fresetd)]: family:1, type:1, protocol:0
 Generate channel table according to the country code...
[   84.545459] firmadyne: sys_socket[PID: 1328 (httpd)]: family:1, type:1, protocol:0
[   84.587347] firmadyne: sys_socket[PID: 1330 (genchanneltable)]: family:1, type:2, protocol:0
[   84.601269] firmadyne: sys_socket[PID: 1330 (genchanneltable)]: family:1, type:2, protocol:0
[   84.607844] firmadyne: sys_socket[PID: 1330 (genchanneltable)]: family:1, type:2, protocol:0
[   84.631038] firmadyne: sys_socket[PID: 1331 (getsys)]: family:1, type:2, protocol:0
UNKNOW country code!! Use USA for default!!
[   84.744801] firmadyne: sys_socket[PID: 1330 (genchanneltable)]: family:1, type:2, protocol:0
[   84.748441] firmadyne: sys_socket[PID: 1331 (getsys)]: family:1, type:2, protocol:0
[   84.756283] firmadyne: sys_socket[PID: 1331 (getsys)]: family:1, type:2, protocol:0
[   84.763136] firmadyne: sys_socket[PID: 1330 (genchanneltable)]: family:1, type:2, protocol:0
[   84.768060] firmadyne: sys_socket[PID: 1331 (getsys)]: family:1, type:2, protocol:0
[   84.774620] firmadyne: sys_socket[PID: 1330 (genchanneltable)]: family:1, type:2, protocol:0
[   84.779478] firmadyne: sys_socket[PID: 1331 (getsys)]: family:1, type:2, protocol:0
[   84.786042] firmadyne: sys_socket[PID: 1330 (genchanneltable)]: family:1, type:2, protocol:0
[   84.791356] firmadyne: sys_socket[PID: 1331 (getsys)]: family:1, type:2, protocol:0
[   84.797856] firmadyne: sys_socket[PID: 1330 (genchanneltable)]: family:1, type:2, protocol:0
[   84.802742] firmadyne: sys_socket[PID: 1331 (getsys)]: family:1, type:2, protocol:0
[   84.809330] firmadyne: sys_socket[PID: 1330 (genchanneltable)]: family:1, type:2, protocol:0
[   84.813476] firmadyne: sys_socket[PID: 1331 (getsys)]: family:1, type:2, protocol:0
[   84.820189] firmadyne: sys_socket[PID: 1330 (genchanneltable)]: family:1, type:2, protocol:0
[   84.826181] firmadyne: sys_socket[PID: 1331 (getsys)]: family:1, type:2, protocol:0
[   84.832814] firmadyne: sys_socket[PID: 1330 (genchanneltable)]: family:1, type:2, protocol:0
[   84.837405] firmadyne: sys_socket[PID: 1331 (getsys)]: family:1, type:2, protocol:0
[   84.844853] firmadyne: sys_socket[PID: 1330 (genchanneltable)]: family:1, type:2, protocol:0
[   84.849518] firmadyne: sys_socket[PID: 1331 (getsys)]: family:1, type:2, protocol:0
[   84.856331] firmadyne: sys_socket[PID: 1330 (genchanneltable)]: family:1, type:2, protocol:0
[   84.860651] firmadyne: sys_socket[PID: 1331 (getsys)]: family:1, type:2, protocol:0
[   84.867900] firmadyne: sys_socket[PID: 1330 (genchanneltable)]: family:1, type:2, protocol:0
[   84.872849] firmadyne: sys_socket[PID: 1331 (getsys)]: family:1, type:2, protocol:0
[   84.880931] firmadyne: sys_socket[PID: 1330 (genchanneltable)]: family:1, type:2, protocol:0
[   84.885450] firmadyne: sys_socket[PID: 1331 (getsys)]: family:1, type:2, protocol:0
[   84.892265] firmadyne: sys_socket[PID: 1330 (genchanneltable)]: family:1, type:2, protocol:0
[   84.896578] firmadyne: sys_socket[PID: 1331 (getsys)]: family:1, type:2, protocol:0
[   84.903650] firmadyne: sys_socket[PID: 1330 (genchanneltable)]: family:1, type:2, protocol:0
[   84.908555] firmadyne: sys_socket[PID: 1331 (getsys)]: family:1, type:2, protocol:0
[   84.915418] firmadyne: sys_socket[PID: 1330 (genchanneltable)]: family:1, type:2, protocol:0
[   84.920283] firmadyne: sys_socket[PID: 1331 (getsys)]: family:1, type:2, protocol:0
[   84.926937] firmadyne: sys_socket[PID: 1330 (genchanneltable)]: family:1, type:2, protocol:0
[   84.935266] firmadyne: sys_socket[PID: 1331 (getsys)]: family:1, type:2, protocol:0
[   84.941305] firmadyne: sys_socket[PID: 1330 (genchanneltable)]: family:1, type:2, protocol:0
[   84.947942] firmadyne: sys_socket[PID: 1330 (genchanneltable)]: family:1, type:2, protocol:0
[   84.963978] firmadyne: sys_socket[PID: 1330 (genchanneltable)]: family:1, type:2, protocol:0
[   84.970873] firmadyne: sys_socket[PID: 1330 (genchanneltable)]: family:1, type:2, protocol:0
[   84.980512] firmadyne: sys_socket[PID: 1330 (genchanneltable)]: family:1, type:2, protocol:0
[   84.990064] firmadyne: sys_socket[PID: 1330 (genchanneltable)]: family:1, type:2, protocol:0
[   85.003068] firmadyne: sys_socket[PID: 1330 (genchanneltable)]: family:1, type:2, protocol:0
[   85.009269] firmadyne: sys_socket[PID: 1330 (genchanneltable)]: family:1, type:2, protocol:0
[   85.019008] firmadyne: sys_socket[PID: 1330 (genchanneltable)]: family:1, type:2, protocol:0
[   85.025236] firmadyne: sys_socket[PID: 1330 (genchanneltable)]: family:1, type:2, protocol:0
[   85.037878] firmadyne: sys_socket[PID: 1330 (genchanneltable)]: family:1, type:2, protocol:0
[   85.044044] firmadyne: sys_socket[PID: 1330 (genchanneltable)]: family:1, type:2, protocol:0
/dev/gpio: No such device or address
[   85.055870] firmadyne: sys_socket[PID: 1330 (genchanneltable)]: family:1, type:2, protocol:0
 Generate VLAN table according to the port...
[   85.136582] firmadyne: sys_socket[PID: 1339 (genVLANTableByP)]: family:1, type:2, protocol:0
[   85.144098] firmadyne: sys_socket[PID: 1339 (genVLANTableByP)]: family:1, type:2, protocol:0
[   85.150752] firmadyne: sys_socket[PID: 1339 (genVLANTableByP)]: family:1, type:2, protocol:0
[   85.156280] firmadyne: sys_socket[PID: 1339 (genVLANTableByP)]: family:1, type:2, protocol:0
[   85.162911] firmadyne: sys_socket[PID: 1339 (genVLANTableByP)]: family:1, type:2, protocol:0
[   85.169370] firmadyne: sys_socket[PID: 1339 (genVLANTableByP)]: family:1, type:2, protocol:0
[   85.175769] firmadyne: sys_socket[PID: 1339 (genVLANTableByP)]: family:1, type:2, protocol:0
[   85.182595] firmadyne: sys_socket[PID: 1339 (genVLANTableByP)]: family:1, type:2, protocol:0
[   85.188391] firmadyne: sys_socket[PID: 1339 (genVLANTableByP)]: family:1, type:2, protocol:0
[   85.194986] firmadyne: sys_socket[PID: 1339 (genVLANTableByP)]: family:1, type:2, protocol:0
[   85.200640] firmadyne: sys_socket[PID: 1339 (genVLANTableByP)]: family:1, type:2, protocol:0
[   85.207294] firmadyne: sys_socket[PID: 1339 (genVLANTableByP)]: family:1, type:2, protocol:0
[   85.214004] firmadyne: sys_socket[PID: 1339 (genVLANTableByP)]: family:1, type:2, protocol:0
[   85.219805] firmadyne: sys_socket[PID: 1339 (genVLANTableByP)]: family:1, type:2, protocol:0
[   85.226636] firmadyne: sys_socket[PID: 1339 (genVLANTableByP)]: family:1, type:2, protocol:0
[   85.232104] firmadyne: sys_socket[PID: 1339 (genVLANTableByP)]: family:1, type:2, protocol:0
[   85.238650] firmadyne: sys_socket[PID: 1339 (genVLANTableByP)]: family:1, type:2, protocol:0
[   85.244356] firmadyne: sys_socket[PID: 1339 (genVLANTableByP)]: family:1, type:2, protocol:0
[   85.250842] firmadyne: sys_socket[PID: 1339 (genVLANTableByP)]: family:1, type:2, protocol:0
[   85.256414] firmadyne: sys_socket[PID: 1339 (genVLANTableByP)]: family:1, type:2, protocol:0
[   85.262940] firmadyne: sys_socket[PID: 1339 (genVLANTableByP)]: family:1, type:2, protocol:0
